DPI Packets (TCP):	34	(6.80 pkts/flow)
DPI Packets (UDP):	4	(2.00 pkts/flow)
Confidence DPI              : 7 (flows)
Num dissector calls: 15 (2.14 diss/flow)
LRU cache ookla:      0/0/0 (insert/search/found)
LRU cache bittorrent: 0/0/0 (insert/search/found)
LRU cache stun:       0/0/0 (insert/search/found)
LRU cache tls_cert:   0/0/0 (insert/search/found)
LRU cache mining:     0/0/0 (insert/search/found)
LRU cache msteams:    0/0/0 (insert/search/found)
LRU cache fpc_dns:    0/4/0 (insert/search/found)
Automa host:          0/0 (search/found)
Automa domain:        0/0 (search/found)
Automa tls cert:      0/0 (search/found)
Automa risk mask:     2/0 (search/found)
Automa common alpns:  1/0 (search/found)
Patricia risk mask:   14/0 (search/found)
Patricia risk mask IPv6: 0/0 (search/found)
Patricia risk:        0/0 (search/found)
Patricia risk IPv6:   0/0 (search/found)
Patricia protocols:   12/2 (search/found)
Patricia protocols IPv6: 0/0 (search/found)

DNS	4	392	2
TLS	170	45725	5

Safe                           170 45725         5            
Acceptable                       4 392           2            

JA3 Host Stats: 
		 IP Address                  	 # JA3C     
	1	 192.168.1.178            	 1      
	2	 192.168.1.187            	 1      
	3	 192.168.1.128            	 1      
	4	 192.168.149.129          	 1      


	1	TCP 192.168.149.129:43535 <-> 51.83.238.219:80 [proto: 91/TLS][IP: 252/AnyDesk][Encrypted][Confidence: DPI][FPC: 252/AnyDesk, Confidence: IP address][DPI packets: 8][cat: Web/5][19 pkts/6843 bytes <-> 22 pkts/9152 bytes][Goodput ratio: 85/86][10.60 sec][bytes ratio: -0.144 (Mixed)][IAT c2s/s2c min/avg/max/stddev: 0/0 624/488 7028/7028 1803/1610][Pkt Len c2s/s2c min/avg/max/stddev: 54/60 360/416 1514/1514 525/549][Risk: ** Known Proto on Non Std Port **** TLS (probably) Not Carrying HTTPS **** Missing SNI TLS Extn **][Risk Score: 110][Risk Info: No ALPN / SNI should always be present / Expected on port 443][TLSv1.2][JA3C: 201999283915cc31cee6b15472ef3332][JA4: t12d640500_9197985d2161_a1e935682795][JA3S: 107030a763c7224285717ff1569a17f3][Issuer: CN=AnyNet Root CA, O=philandro Software GmbH, C=DE][Subject: C=DE, O=philandro Software GmbH, CN=AnyNet Relay][Certificate SHA-1: 9E:08:D2:58:A9:02:CD:4F:E2:4A:26:B8:48:5C:43:0B:81:29:99:E3][Firefox][Validity: 2018-11-18 02:14:23 - 2028-11-15 02:14:23][Cipher: TLS_ECDHE_ECDSA_WITH_AES_256_GCM_SHA384][Plen Bins: 4,13,13,9,9,0,0,0,4,0,0,0,0,0,0,0,0,0,0,0,0,0,4,0,0,0,0,0,0,0,0,0,0,0,4,4,0,4,0,0,9,0,0,0,0,18,0,0]
	2	TCP 192.168.1.128:48260 <-> 195.181.174.176:443 [proto: 91/TLS][IP: 0/Unknown][Encrypted][Confidence: DPI][FPC: 0/Unknown, Confidence: Unknown][DPI packets: 8][cat: Web/5][27 pkts/7693 bytes <-> 27 pkts/4853 bytes][Goodput ratio: 77/63][58.81 sec][(Advertised) ALPNs: anydesk/6.2.0/linux][bytes ratio: 0.226 (Upload)][IAT c2s/s2c min/avg/max/stddev: 0/0 2284/1898 10210/10228 4074/3857][Pkt Len c2s/s2c min/avg/max/stddev: 66/66 285/180 1514/1514 460/331][Risk: ** Missing SNI TLS Extn **** Uncommon TLS ALPN **][Risk Score: 100][Risk Info: anydesk/6.2.0/linu / SNI should always be present][TLSv1.2][JA3C: 29b5a018fa5992fe23560c16af0dc9fc][JA4: t12d6406an_9197985d2161_a1e935682795][JA3S: e58f0b3c1e9eefb8ee4f92aeceee5858][Issuer: CN=AnyNet Root CA, O=philandro Software GmbH, C=DE][Subject: C=DE, O=philandro Software GmbH, CN=AnyNet Relay][Certificate SHA-1: 9E:08:D2:58:A9:02:CD:4F:E2:4A:26:B8:48:5C:43:0B:81:29:99:E3][Firefox][Validity: 2018-11-18 02:14:23 - 2028-11-15 02:14:23][Cipher: TLS_ECDHE_ECDSA_WITH_AES_256_GCM_SHA384][Plen Bins: 0,35,20,0,10,0,0,0,0,5,0,0,0,0,0,0,0,0,0,0,0,0,0,0,0,0,0,0,0,0,0,0,0,5,5,0,0,0,5,0,0,0,0,0,0,15,0,0]
	3	TCP 192.168.1.187:54164 <-> 192.168.1.178:7070 [proto: 91/TLS][IP: 0/Unknown][Encrypted][Confidence: DPI][FPC: 0/Unknown, Confidence: Unknown][DPI packets: 7][cat: Web/5][19 pkts/7324 bytes <-> 21 pkts/3951 bytes][Goodput ratio: 86/69][7.29 sec][bytes ratio: 0.299 (Upload)][IAT c2s/s2c min/avg/max/stddev: 0/0 481/137 2966/1753 831/422][Pkt Len c2s/s2c min/avg/max/stddev: 54/60 385/188 3980/1514 894/354][Risk: ** Known Proto on Non Std Port **** TLS (probably) Not Carrying HTTPS **** Missing SNI TLS Extn **][Risk Score: 110][Risk Info: No ALPN / SNI should always be present][TLSv1.2][JA3C: 3f2fba0262b1a22b739126dfb2fe7a7d][JA4: t12d550500_168bb377f8c8_a1e935682795][JA3S: ee644a8a34c434abca4b737ec1d9efad][Subject: CN=AnyDesk Client, CN=AnyDesk Client][Certificate SHA-1: F8:4E:27:4E:F9:33:35:2F:1A:69:71:D5:02:6B:B8:72:EF:B7:BA:B0][Firefox][Cipher: TLS_DHE_RSA_WITH_AES_256_GCM_SHA384][Plen Bins: 0,45,15,5,5,0,0,5,0,5,0,0,0,0,0,0,0,0,0,0,0,0,0,0,0,0,0,0,5,0,0,0,0,0,0,0,0,0,0,0,5,0,0,0,0,5,0,5]
	4	TCP 192.168.1.178:52039 <-> 192.168.1.187:7070 [proto: 91/TLS][IP: 0/Unknown][Encrypted][Confidence: DPI][FPC: 0/Unknown, Confidence: Unknown][DPI packets: 6][cat: Web/5][8 pkts/2035 bytes <-> 7 pkts/2157 bytes][Goodput ratio: 76/82][0.56 sec][bytes ratio: -0.029 (Mixed)][IAT c2s/s2c min/avg/max/stddev: 0/0 92/40 406/85 150/33][Pkt Len c2s/s2c min/avg/max/stddev: 60/54 254/308 1340/968 419/387][Risk: ** Known Proto on Non Std Port **** Weak TLS Cipher **** TLS (probably) Not Carrying HTTPS **** Missing SNI TLS Extn **][Risk Score: 210][Risk Info: No ALPN / SNI should always be present / Cipher TLS_RSA_WITH_AES_256_GCM_SHA384][TLSv1.2][JA3C: 201999283915cc31cee6b15472ef3332][JA4: t12d640500_9197985d2161_a1e935682795][JA3S: 4b505adfb4a921c5a3a39d293b0811e1 (WEAK)][Subject: CN=AnyDesk Client, CN=AnyDesk Client][Certificate SHA-1: 86:4F:2A:9F:24:71:FD:0D:6A:35:56:AC:D8:7B:3A:19:E8:03:CA:2E][Firefox][Cipher: TLS_RSA_WITH_AES_256_GCM_SHA384][Plen Bins: 0,20,0,0,0,0,0,0,20,0,0,0,0,0,0,0,0,0,0,0,0,0,0,0,0,20,0,0,20,0,0,0,0,0,0,0,0,0,0,0,20,0,0,0,0,0,0,0]
	5	TCP 192.168.149.129:36351 <-> 51.83.239.144:80 [proto: 91/TLS][IP: 252/AnyDesk][Encrypted][Confidence: DPI][FPC: 91/TLS, Confidence: DPI][DPI packets: 5][cat: Web/5][10 pkts/792 bytes <-> 10 pkts/925 bytes][Goodput ratio: 32/38][45.83 sec][bytes ratio: -0.077 (Mixed)][IAT c2s/s2c min/avg/max/stddev: 32/31 5700/5700 15000/15001 7162/7162][Pkt Len c2s/s2c min/avg/max/stddev: 54/60 79/92 105/213 25/45][Risk: ** Known Proto on Non Std Port **][Risk Score: 50][Risk Info: Expected on port 443][Plen Bins: 0,90,0,0,10,0,0,0,0,0,0,0,0,0,0,0,0,0,0,0,0,0,0,0,0,0,0,0,0,0,0,0,0,0,0,0,0,0,0,0,0,0,0,0,0,0,0,0]
	6	UDP 192.168.1.187:55376 <-> 192.168.1.1:53 [proto: 5/DNS][IP: 0/Unknown][ClearText][Confidence: DPI][FPC: 5/DNS, Confidence: DPI][DPI packets: 2][cat: Network/14][1 pkts/90 bytes <-> 1 pkts/106 bytes][Goodput ratio: 53/60][0.01 sec][Hostname/SNI: relay-9b6827f2.net.anydesk.com][138.199.36.115][PLAIN TEXT (anydesk)][Plen Bins: 0,50,50,0,0,0,0,0,0,0,0,0,0,0,0,0,0,0,0,0,0,0,0,0,0,0,0,0,0,0,0,0,0,0,0,0,0,0,0,0,0,0,0,0,0,0,0,0]
	7	UDP 192.168.1.187:59511 <-> 192.168.1.1:53 [proto: 5/DNS][IP: 0/Unknown][ClearText][Confidence: DPI][FPC: 5/DNS, Confidence: DPI][DPI packets: 2][cat: Network/14][1 pkts/90 bytes <-> 1 pkts/106 bytes][Goodput ratio: 53/60][0.01 sec][Hostname/SNI: relay-3185a847.net.anydesk.com][37.61.223.15][PLAIN TEXT (anydesk)][Plen Bins: 0,50,50,0,0,0,0,0,0,0,0,0,0,0,0,0,0,0,0,0,0,0,0,0,0,0,0,0,0,0,0,0,0,0,0,0,0,0,0,0,0,0,0,0,0,0,0,0]
