Guessed flow protos:	0

DPI Packets (UDP):	20	(2.00 pkts/flow)

QQ	2	212	1
Google	2	208	1
Instagram	2	220	1
PlayStore	2	474	1
ApplePush	2	414	1
GoogleServices	2	235	1
Teams	6	790	3
AppleSiri	2	234	1

	1	UDP 10.200.2.11:57632 <-> 8.8.8.8:53 [proto: 5.228/DNS.PlayStore][cat: SoftwareUpdate/19][1 pkts/97 bytes <-> 1 pkts/377 bytes][Goodput ratio: 56/89][0.03 sec][Host: android.clients.google.com][108.177.14.101][PLAIN TEXT (android)][Plen Bins: 0,50,0,0,0,0,0,0,0,0,50,0,0,0,0,0,0,0,0,0,0,0,0,0,0,0,0,0,0,0,0,0,0,0,0,0,0,0,0,0,0,0,0,0,0,0,0,0]
	2	UDP 10.200.2.11:48375 <-> 8.8.8.8:53 [proto: 5.238/DNS.ApplePush][cat: Cloud/13][1 pkts/96 bytes <-> 1 pkts/318 bytes][Goodput ratio: 56/87][0.04 sec][Host: 41-courier.push.apple.com][17.57.146.139][PLAIN TEXT (courier)][Plen Bins: 0,50,0,0,0,0,0,0,50,0,0,0,0,0,0,0,0,0,0,0,0,0,0,0,0,0,0,0,0,0,0,0,0,0,0,0,0,0,0,0,0,0,0,0,0,0,0,0]
	3	UDP 10.200.2.11:57051 <-> 8.8.8.8:53 [proto: 5.250/DNS.Teams][cat: Collaborative/15][1 pkts/90 bytes <-> 1 pkts/221 bytes][Goodput ratio: 53/81][0.03 sec][Host: api.teams.skype.com][52.113.194.131][PLAIN TEXT (trafficmanager)][Plen Bins: 0,50,0,0,0,50,0,0,0,0,0,0,0,0,0,0,0,0,0,0,0,0,0,0,0,0,0,0,0,0,0,0,0,0,0,0,0,0,0,0,0,0,0,0,0,0,0,0]
	4	UDP 10.200.2.11:42790 <-> 8.8.8.8:53 [proto: 5.250/DNS.Teams][cat: Collaborative/15][1 pkts/92 bytes <-> 1 pkts/166 bytes][Goodput ratio: 54/74][0.08 sec][Host: _.teams.microsoft.com][::][PLAIN TEXT (microsoft)][Plen Bins: 0,50,0,50,0,0,0,0,0,0,0,0,0,0,0,0,0,0,0,0,0,0,0,0,0,0,0,0,0,0,0,0,0,0,0,0,0,0,0,0,0,0,0,0,0,0,0,0]
	5	UDP 10.200.2.11:46134 <-> 8.8.8.8:53 [proto: 5.239/DNS.GoogleServices][cat: Web/5][1 pkts/92 bytes <-> 1 pkts/143 bytes][Goodput ratio: 54/70][0.03 sec][Host: alt2-mtalk.google.com][173.194.202.188][PLAIN TEXT (google)][Plen Bins: 0,50,0,50,0,0,0,0,0,0,0,0,0,0,0,0,0,0,0,0,0,0,0,0,0,0,0,0,0,0,0,0,0,0,0,0,0,0,0,0,0,0,0,0,0,0,0,0]
	6	UDP 10.200.2.11:52541 <-> 8.8.8.8:53 [proto: 5.254/DNS.AppleSiri][cat: VirtAssistant/32][1 pkts/88 bytes <-> 1 pkts/146 bytes][Goodput ratio: 52/71][0.06 sec][Host: guzzoni.apple.com][17.130.21.5][PLAIN TEXT (guzzoni)][Plen Bins: 0,50,0,50,0,0,0,0,0,0,0,0,0,0,0,0,0,0,0,0,0,0,0,0,0,0,0,0,0,0,0,0,0,0,0,0,0,0,0,0,0,0,0,0,0,0,0,0]
	7	UDP 10.200.2.11:57290 <-> 8.8.8.8:53 [proto: 5.250/DNS.Teams][cat: Collaborative/15][1 pkts/86 bytes <-> 1 pkts/135 bytes][Goodput ratio: 51/68][0.03 sec][Host: teams.skype.com][13.107.3.128][PLAIN TEXT (msedge)][Plen Bins: 0,50,50,0,0,0,0,0,0,0,0,0,0,0,0,0,0,0,0,0,0,0,0,0,0,0,0,0,0,0,0,0,0,0,0,0,0,0,0,0,0,0,0,0,0,0,0,0]
	8	UDP 10.200.2.11:44883 <-> 8.8.8.8:53 [proto: 5.211/DNS.Instagram][cat: SocialNetwork/6][1 pkts/102 bytes <-> 1 pkts/118 bytes][Goodput ratio: 58/64][0.04 sec][Host: instagram.faae1-1.fna.fbcdn.net][41.220.158.96][PLAIN TEXT (instagram)][Plen Bins: 0,50,50,0,0,0,0,0,0,0,0,0,0,0,0,0,0,0,0,0,0,0,0,0,0,0,0,0,0,0,0,0,0,0,0,0,0,0,0,0,0,0,0,0,0,0,0,0]
	9	UDP 10.200.2.11:53951 <-> 8.8.8.8:53 [proto: 5.48/DNS.QQ][cat: Chat/9][1 pkts/90 bytes <-> 1 pkts/122 bytes][Goodput ratio: 53/65][0.34 sec][Host: short.weixin.qq.com][203.205.254.77][PLAIN TEXT (weixin)][Plen Bins: 0,50,50,0,0,0,0,0,0,0,0,0,0,0,0,0,0,0,0,0,0,0,0,0,0,0,0,0,0,0,0,0,0,0,0,0,0,0,0,0,0,0,0,0,0,0,0,0]
	10	UDP 10.200.2.11:44198 <-> 8.8.8.8:53 [proto: 5.126/DNS.Google][cat: Web/5][1 pkts/96 bytes <-> 1 pkts/112 bytes][Goodput ratio: 56/62][0.03 sec][Host: wide-youtube.l.google.com][64.233.164.198][PLAIN TEXT (youtube)][Plen Bins: 0,50,50,0,0,0,0,0,0,0,0,0,0,0,0,0,0,0,0,0,0,0,0,0,0,0,0,0,0,0,0,0,0,0,0,0,0,0,0,0,0,0,0,0,0,0,0,0]
