Guessed flow protos:	0

DPI Packets (TCP):	6	(6.00 pkts/flow)

DoH_DoT	142	20362	1

JA3 Host Stats: 
		 IP Address                  	 # JA3C     
	1	 172.20.10.4              	 1      


	1	TCP 172.20.10.4:49877 <-> 104.16.248.249:443 [proto: 91.196/TLS.DoH_DoT][cat: Network/14][86 pkts/8460 bytes <-> 56 pkts/11902 bytes][Goodput ratio: 45/74][3.24 sec][ALPN: h2;http/1.1][TLS Supported Versions: TLSv1.3;TLSv1.2;TLSv1.1;TLSv1][bytes ratio: -0.169 (Mixed)][IAT c2s/s2c min/avg/max/stddev: 0/0 26/31 535/580 86/115][Pkt Len c2s/s2c min/avg/max/stddev: 54/54 98/213 571/1354 69/257][TLSv1.3][Client: mozilla.cloudflare-dns.com][JA3C: f6ce47303dce394049af395fc6d0bc20][JA3S: eb1d94daa7e0344597e756a1fb6e7054][Firefox][Cipher: TLS_AES_128_GCM_SHA256][Plen Bins: 23,21,20,2,1,1,13,3,0,0,7,0,0,0,1,0,2,0,0,0,0,0,0,0,0,0,0,0,0,0,0,0,0,0,0,0,0,0,0,0,2,0,0,0,0,0,0,0]
