Guessed flow protos:	0

DPI Packets (UDP):	4	(4.00 pkts/flow)
Confidence DPI              : 1 (flows)
Num dissector calls: 76 (76.00 diss/flow)
LRU cache ookla:      0/0/0 (insert/search/found)
LRU cache bittorrent: 5/0/0 (insert/search/found)
LRU cache zoom:       0/0/0 (insert/search/found)
LRU cache stun:       0/0/0 (insert/search/found)
LRU cache tls_cert:   0/0/0 (insert/search/found)
LRU cache mining:     0/0/0 (insert/search/found)
LRU cache msteams:    0/0/0 (insert/search/found)
LRU cache stun_zoom:  0/0/0 (insert/search/found)
Automa host:          0/0 (search/found)
Automa domain:        0/0 (search/found)
Automa tls cert:      0/0 (search/found)
Automa risk mask:     0/0 (search/found)
Automa common alpns:  0/0 (search/found)
Patricia risk mask:   2/0 (search/found)
Patricia risk:        0/0 (search/found)
Patricia protocols:   2/0 (search/found)

BitTorrent	4	645	1

	1	UDP 10.0.2.15:23994 <-> 112.51.146.106:1719 [proto: 37/BitTorrent][IP: 0/Unknown][ClearText][Confidence: DPI][DPI packets: 4][cat: Download/7][2 pkts/231 bytes <-> 2 pkts/414 bytes][Goodput ratio: 63/80][16.92 sec][Risk: ** Known Proto on Non Std Port **][Risk Score: 50][Risk Info: Expected on port 6771,51413][PLAIN TEXT (target20)][Plen Bins: 0,50,0,25,0,0,0,0,25,0,0,0,0,0,0,0,0,0,0,0,0,0,0,0,0,0,0,0,0,0,0,0,0,0,0,0,0,0,0,0,0,0,0,0,0,0,0,0]
