Guessed flow protos:	0

DPI Packets (TCP):	24	(4.00 pkts/flow)
Confidence DPI              : 6 (flows)

IEC60870	147	9033	6

	1	TCP 172.27.248.109:1578 <-> 172.27.248.79:2404 [proto: 245/IEC60870][ClearText][Confidence: DPI][cat: IoT-Scada/31][28 pkts/1758 bytes <-> 19 pkts/1297 bytes][Goodput ratio: 9/20][235.18 sec][bytes ratio: 0.151 (Mixed)][IAT c2s/s2c min/avg/max/stddev: 1/4 9106/11905 32485/32516 10297/10287][Pkt Len c2s/s2c min/avg/max/stddev: 60/54 63/68 76/118 5/15][Plen Bins: 96,0,4,0,0,0,0,0,0,0,0,0,0,0,0,0,0,0,0,0,0,0,0,0,0,0,0,0,0,0,0,0,0,0,0,0,0,0,0,0,0,0,0,0,0,0,0,0]
	2	TCP 172.27.248.109:1568 <-> 172.27.248.79:2404 [proto: 245/IEC60870][ClearText][Confidence: DPI][cat: IoT-Scada/31][17 pkts/1040 bytes <-> 12 pkts/674 bytes][Goodput ratio: 7/3][160.96 sec][bytes ratio: 0.214 (Upload)][IAT c2s/s2c min/avg/max/stddev: 0/0 9874/10029 38294/26906 11815/8997][Pkt Len c2s/s2c min/avg/max/stddev: 60/54 61/56 68/62 2/3][Plen Bins: 100,0,0,0,0,0,0,0,0,0,0,0,0,0,0,0,0,0,0,0,0,0,0,0,0,0,0,0,0,0,0,0,0,0,0,0,0,0,0,0,0,0,0,0,0,0,0,0]
	3	TCP 172.27.248.109:1572 <-> 172.27.248.79:2404 [proto: 245/IEC60870][ClearText][Confidence: DPI][cat: IoT-Scada/31][15 pkts/940 bytes <-> 10 pkts/572 bytes][Goodput ratio: 9/4][191.16 sec][bytes ratio: 0.243 (Upload)][IAT c2s/s2c min/avg/max/stddev: 0/0 12850/21996 59783/60001 22023/25276][Pkt Len c2s/s2c min/avg/max/stddev: 60/54 63/57 76/62 5/3][Plen Bins: 100,0,0,0,0,0,0,0,0,0,0,0,0,0,0,0,0,0,0,0,0,0,0,0,0,0,0,0,0,0,0,0,0,0,0,0,0,0,0,0,0,0,0,0,0,0,0,0]
	4	TCP 172.27.248.109:1571 <-> 172.27.248.79:2404 [proto: 245/IEC60870][ClearText][Confidence: DPI][cat: IoT-Scada/31][10 pkts/609 bytes <-> 7 pkts/398 bytes][Goodput ratio: 5/3][102.90 sec][bytes ratio: 0.210 (Upload)][IAT c2s/s2c min/avg/max/stddev: 0/0 8708/15094 59736/60003 19503/25928][Pkt Len c2s/s2c min/avg/max/stddev: 60/54 61/57 67/62 2/3][Plen Bins: 100,0,0,0,0,0,0,0,0,0,0,0,0,0,0,0,0,0,0,0,0,0,0,0,0,0,0,0,0,0,0,0,0,0,0,0,0,0,0,0,0,0,0,0,0,0,0,0]
	5	TCP 172.27.248.109:1570 <-> 172.27.248.79:2404 [proto: 245/IEC60870][ClearText][Confidence: DPI][cat: IoT-Scada/31][10 pkts/624 bytes <-> 6 pkts/344 bytes][Goodput ratio: 7/3][92.07 sec][bytes ratio: 0.289 (Upload)][IAT c2s/s2c min/avg/max/stddev: 0/0 11477/15000 42399/42717 16042/17488][Pkt Len c2s/s2c min/avg/max/stddev: 60/54 62/57 72/62 4/3][Plen Bins: 100,0,0,0,0,0,0,0,0,0,0,0,0,0,0,0,0,0,0,0,0,0,0,0,0,0,0,0,0,0,0,0,0,0,0,0,0,0,0,0,0,0,0,0,0,0,0,0]
	6	TCP 172.27.248.109:1577 <-> 172.27.248.79:2404 [proto: 245/IEC60870][ClearText][Confidence: DPI][cat: IoT-Scada/31][8 pkts/493 bytes <-> 5 pkts/284 bytes][Goodput ratio: 6/2][36.61 sec][bytes ratio: 0.269 (Upload)][IAT c2s/s2c min/avg/max/stddev: 0/4 6100/11100 21872/22196 8836/11096][Pkt Len c2s/s2c min/avg/max/stddev: 60/54 62/57 71/62 4/3][Plen Bins: 100,0,0,0,0,0,0,0,0,0,0,0,0,0,0,0,0,0,0,0,0,0,0,0,0,0,0,0,0,0,0,0,0,0,0,0,0,0,0,0,0,0,0,0,0,0,0,0]
