Guessed flow protos:	0

DPI Packets (UDP):	7	(3.50 pkts/flow)
Confidence DPI              : 2 (flows)

IMO	100	35380	2

	1	UDP 192.168.12.169:49207 <-> 93.33.47.58:57604 [proto: 216/IMO][ClearText][Confidence: DPI][cat: VoIP/10][28 pkts/7889 bytes <-> 37 pkts/13060 bytes][Goodput ratio: 85/88][3.22 sec][bytes ratio: -0.247 (Download)][IAT c2s/s2c min/avg/max/stddev: 0/0 122/89 962/721 250/181][Pkt Len c2s/s2c min/avg/max/stddev: 43/43 282/353 1094/1081 414/430][Plen Bins: 63,0,0,4,1,1,0,3,3,0,0,0,0,0,0,0,0,0,0,0,0,0,0,1,0,0,0,0,0,0,0,6,16,0,0,0,0,0,0,0,0,0,0,0,0,0,0,0]
	2	UDP 192.168.12.169:49207 <-> 185.155.137.30:36535 [proto: 216/IMO][ClearText][Confidence: DPI][cat: VoIP/10][19 pkts/13028 bytes <-> 16 pkts/1403 bytes][Goodput ratio: 94/52][3.19 sec][bytes ratio: 0.806 (Upload)][IAT c2s/s2c min/avg/max/stddev: 0/0 140/171 1003/1002 308/343][Pkt Len c2s/s2c min/avg/max/stddev: 224/52 686/88 1266/266 496/60][PLAIN TEXT (/Q/MpI )][Plen Bins: 32,0,2,8,0,5,18,5,0,2,2,0,0,0,0,0,0,0,0,0,0,0,0,0,0,0,0,0,0,0,0,0,0,0,0,0,0,0,23,0,0,0,0,0,0,0,0,0]
