Guessed flow protos:	0

DPI Packets (TCP):	7	(7.00 pkts/flow)
Confidence DPI              : 1 (flows)

TLS	11	5132	1

JA3 Host Stats: 
		 IP Address                  	 # JA3C     
	1	 10.206.131.18            	 1      


	1	TCP 10.206.131.18:58657 <-> 10.206.65.249:443 [VLAN: 258][proto: 91/TLS][Encrypted][Confidence: DPI][cat: Web/5][5 pkts/1144 bytes <-> 6 pkts/3988 bytes][Goodput ratio: 70/90][0.22 sec][bytes ratio: -0.554 (Download)][IAT c2s/s2c min/avg/max/stddev: 1/0 64/39 164/136 72/50][Pkt Len c2s/s2c min/avg/max/stddev: 68/68 229/665 866/1522 319/650][Risk: ** TLS (probably) Not Carrying HTTPS **** Missing SNI TLS Extension **][Risk Score: 60][TLSv1.2][JA3C: 0463681bfef175d3d61ec414c65e482c][JA3S: 9d456958a9e86bb0d503543beaf1a65b][Issuer: C=US, ST=New York, L=Rochester, O=Xerox Corporation, OU=Generic Root Certificate Authority, CN=Xerox Generic Root Certificate Authority][Subject: C=US, ST=Connecticut, L=Norwalk, O=Xerox Corporation, OU=Global Product Delivery Group, CN=XRX9C934E949FEF, C=US, ST=Connecticut, L=Norwalk, O=Xerox Corporation, OU=Global Product Delivery Group, CN=XRX9C934E949FEF][Certificate SHA-1: 3B:2B:5E:58:6E:3E:30:1F:52:BF:9B:81:20:47:DE:10:A0:67:8E:FA][Firefox][Validity: 2018-11-29 18:57:22 - 2023-11-29 18:57:22][Cipher: TLS_DHE_RSA_WITH_CAMELLIA_128_CBC_SHA][Plen Bins: 0,0,0,0,0,0,0,0,0,0,0,0,0,0,0,0,0,0,0,0,0,25,0,0,0,25,0,0,0,0,0,0,0,0,0,0,0,0,0,0,0,0,0,0,0,50,0,0]
