MPEG	19	10643	1

	1	TCP 46.101.157.119:80 <-> 192.168.80.160:55804 [proto: 7.42/HTTP.MPEG][19 pkts/10643 bytes][Host: luca.ntop.org]
