Unknown	990	378832	34
HTTP	20	7716	10
SSDP	62	17013	9
HTTP_Download	23	25892	1
Google	2	1093	1
UPnP	1	130	1
iQIYI	1459	1815935	51

	1	TCP 192.168.115.8:50780 <-> 223.26.106.20:80 [proto: 7.206/HTTP.iQIYI][1 pkts/303 bytes <-> 541 pkts/710082 bytes][Host: preimage1.qiyipic.com]
	2	TCP 192.168.115.8:50778 <-> 223.26.106.20:80 [proto: 7.206/HTTP.iQIYI][1 pkts/303 bytes <-> 528 pkts/692658 bytes][Host: preimage1.qiyipic.com]
	3	TCP 192.168.115.8:50505 <-> 223.26.106.19:80 [proto: 7.206/HTTP.iQIYI][2 pkts/400 bytes <-> 244 pkts/319633 bytes][Host: static.qiyi.com]
	4	TCP 192.168.115.8:50491 <-> 223.26.106.66:80 [proto: 7.206/HTTP.iQIYI][1 pkts/426 bytes <-> 26 pkts/33872 bytes][Host: 223.26.106.66]
	5	TCP 192.168.115.8:50486 <-> 77.234.40.96:80 [proto: 7.60/HTTP.HTTP_Download][11 pkts/11023 bytes <-> 12 pkts/14869 bytes][Host: bcu.ff.avast.com]
	6	UDP 192.168.5.38:1900 -> 239.255.255.250:1900 [proto: 12/SSDP][18 pkts/9327 bytes -> 0 pkts/0 bytes]
	7	TCP 192.168.115.8:50476 <-> 101.227.32.39:80 [proto: 7.206/HTTP.iQIYI][1 pkts/656 bytes <-> 4 pkts/3897 bytes][Host: cache.video.iqiyi.com]
	8	TCP 192.168.115.8:50495 <-> 202.108.14.236:80 [proto: 7.206/HTTP.iQIYI][3 pkts/2844 bytes <-> 3 pkts/597 bytes][Host: msg.71.am]
	9	TCP 77.234.41.35:80 <-> 192.168.115.8:49174 [proto: 7/HTTP][4 pkts/2953 bytes <-> 1 pkts/356 bytes]
	10	TCP 192.168.115.8:50767 <-> 223.26.106.20:80 [proto: 7.206/HTTP.iQIYI][4 pkts/800 bytes <-> 4 pkts/2112 bytes][Host: static.qiyi.com]
	11	TCP 192.168.115.8:50488 <-> 223.26.106.20:80 [proto: 7.206/HTTP.iQIYI][1 pkts/311 bytes <-> 2 pkts/2035 bytes][Host: meta.video.qiyi.com]
	12	TCP 192.168.115.8:50471 <-> 202.108.14.236:80 [proto: 7.206/HTTP.iQIYI][2 pkts/1898 bytes <-> 2 pkts/398 bytes][Host: msg.71.am]
	13	TCP 192.168.115.8:50501 <-> 202.108.14.236:80 [proto: 7.206/HTTP.iQIYI][2 pkts/1893 bytes <-> 1 pkts/199 bytes][Host: msg.71.am]
	14	TCP 192.168.115.8:50463 <-> 101.227.200.11:80 [proto: 7.206/HTTP.iQIYI][2 pkts/1555 bytes <-> 1 pkts/306 bytes][Host: api.cupid.iqiyi.com]
	15	TCP 192.168.115.8:50496 <-> 101.227.200.11:80 [proto: 7.206/HTTP.iQIYI][2 pkts/1555 bytes <-> 1 pkts/306 bytes][Host: api.cupid.iqiyi.com]
	16	TCP 192.168.115.8:50779 <-> 111.206.22.77:80 [proto: 7.206/HTTP.iQIYI][2 pkts/1438 bytes <-> 1 pkts/194 bytes][Host: msg.iqiyi.com]
	17	UDP 192.168.5.38:58897 -> 239.255.255.250:1900 [proto: 12/SSDP][9 pkts/1575 bytes -> 0 pkts/0 bytes]
	18	UDP 192.168.115.1:50945 -> 239.255.255.250:1900 [proto: 12/SSDP][9 pkts/1539 bytes -> 0 pkts/0 bytes]
	19	TCP 192.168.115.8:50464 <-> 123.125.112.49:80 [proto: 7.206/HTTP.iQIYI][1 pkts/707 bytes <-> 1 pkts/744 bytes][Host: click.hm.baidu.com]
	20	TCP 192.168.115.8:50492 <-> 111.206.13.3:80 [proto: 7.206/HTTP.iQIYI][1 pkts/389 bytes <-> 2 pkts/1034 bytes][Host: pdata.video.qiyi.com]
	21	TCP 192.168.115.8:50777 <-> 111.206.22.77:80 [proto: 7.206/HTTP.iQIYI][1 pkts/1186 bytes <-> 1 pkts/194 bytes][Host: msg.iqiyi.com]
	22	TCP 192.168.115.8:50494 <-> 223.26.106.66:80 [proto: 7.206/HTTP.iQIYI][2 pkts/887 bytes <-> 1 pkts/443 bytes][Host: 223.26.106.66]
	23	TCP 192.168.115.8:50497 <-> 123.125.112.49:80 [proto: 7.206/HTTP.iQIYI][1 pkts/1004 bytes <-> 2 pkts/301 bytes][Host: click.hm.baidu.com]
	24	TCP 192.168.115.8:50499 <-> 111.206.22.76:80 [proto: 7.206/HTTP.iQIYI][1 pkts/1097 bytes <-> 1 pkts/199 bytes][Host: msg.iqiyi.com]
	25	TCP 192.168.115.8:50474 <-> 202.108.14.221:80 [proto: 7.206/HTTP.iQIYI][1 pkts/1100 bytes <-> 1 pkts/194 bytes][Host: msg.iqiyi.com]
	26	TCP 192.168.115.8:50507 <-> 223.26.106.19:80 [proto: 7.206/HTTP.iQIYI][1 pkts/212 bytes <-> 1 pkts/1063 bytes][Host: static.qiyi.com]
	27	TCP 192.168.115.8:50485 <-> 202.108.14.236:80 [proto: 7.206/HTTP.iQIYI][1 pkts/947 bytes <-> 1 pkts/199 bytes][Host: msg.71.am]
	28	TCP 192.168.115.8:50502 <-> 202.108.14.236:80 [proto: 7.206/HTTP.iQIYI][1 pkts/947 bytes <-> 1 pkts/199 bytes][Host: msg.71.am]
	29	TCP 192.168.115.8:50493 <-> 202.108.14.236:80 [proto: 7.206/HTTP.iQIYI][1 pkts/946 bytes <-> 1 pkts/199 bytes][Host: msg.71.am]
	30	TCP 192.168.115.8:50771 <-> 202.108.14.236:80 [proto: 7.206/HTTP.iQIYI][1 pkts/946 bytes <-> 1 pkts/199 bytes][Host: msg.71.am]
	31	TCP 192.168.115.8:50473 <-> 202.108.14.219:80 [proto: 7.206/HTTP.iQIYI][1 pkts/944 bytes <-> 1 pkts/199 bytes][Host: msg.71.am]
	32	TCP 192.168.115.8:50475 <-> 202.108.14.236:80 [proto: 7.206/HTTP.iQIYI][1 pkts/941 bytes <-> 1 pkts/199 bytes][Host: msg.71.am]
	33	TCP 192.168.115.8:50500 <-> 23.41.133.163:80 [proto: 7/HTTP][1 pkts/289 bytes <-> 1 pkts/839 bytes][Host: s1.symcb.com]
	34	TCP 192.168.115.8:50773 <-> 202.108.14.221:80 [proto: 7.206/HTTP.iQIYI][1 pkts/919 bytes <-> 1 pkts/199 bytes][Host: msg.71.am]
	35	TCP 192.168.115.8:50466 <-> 203.66.182.24:80 [proto: 7.126/HTTP.Google][1 pkts/280 bytes <-> 1 pkts/813 bytes][Host: clients1.google.com]
	36	UDP 192.168.5.50:52529 -> 239.255.255.250:1900 [proto: 12/SSDP][6 pkts/1074 bytes -> 0 pkts/0 bytes]
	37	UDP 192.168.5.28:60023 -> 239.255.255.250:1900 [proto: 12/SSDP][6 pkts/1050 bytes -> 0 pkts/0 bytes]
	38	UDP 192.168.5.57:59648 -> 239.255.255.250:1900 [proto: 12/SSDP][6 pkts/1050 bytes -> 0 pkts/0 bytes]
	39	TCP 192.168.115.8:50504 -> 202.108.14.236:80 [proto: 7.206/HTTP.iQIYI][1 pkts/946 bytes -> 0 pkts/0 bytes][Host: msg.71.am]
	40	TCP 192.168.115.8:50769 <-> 101.227.200.11:80 [proto: 7.206/HTTP.iQIYI][1 pkts/604 bytes <-> 1 pkts/291 bytes][Host: api.cupid.iqiyi.com]
	41	TCP 192.168.115.8:50498 <-> 36.110.220.15:80 [proto: 7.206/HTTP.iQIYI][1 pkts/694 bytes <-> 1 pkts/199 bytes][Host: msg.video.qiyi.com]
	42	TCP 192.168.115.8:50503 <-> 202.108.14.219:80 [proto: 7.206/HTTP.iQIYI][1 pkts/683 bytes <-> 1 pkts/199 bytes][Host: msg.71.am]
	43	UDP 192.168.5.41:50374 -> 239.255.255.250:1900 [proto: 12/SSDP][5 pkts/875 bytes -> 0 pkts/0 bytes]
	44	TCP 192.168.115.8:50490 <-> 119.188.13.188:80 [proto: 7.206/HTTP.iQIYI][1 pkts/357 bytes <-> 1 pkts/479 bytes][Host: pdata.video.qiyi.com]
	45	TCP 192.168.115.8:50467 <-> 202.108.14.219:80 [proto: 7.206/HTTP.iQIYI][1 pkts/629 bytes <-> 1 pkts/199 bytes][Host: msg.71.am]
	46	TCP 192.168.115.8:50484 <-> 202.108.14.219:80 [proto: 7.206/HTTP.iQIYI][1 pkts/622 bytes <-> 1 pkts/199 bytes][Host: msg.71.am]
	47	TCP 192.168.115.8:50477 <-> 202.108.14.219:80 [proto: 7.206/HTTP.iQIYI][1 pkts/614 bytes <-> 1 pkts/199 bytes][Host: msg.71.am]
	48	TCP 192.168.115.8:50774 <-> 202.108.14.219:80 [proto: 7.206/HTTP.iQIYI][1 pkts/587 bytes <-> 1 pkts/199 bytes][Host: msg.71.am]
	49	TCP 192.168.115.8:50469 <-> 202.108.14.219:80 [proto: 7.206/HTTP.iQIYI][1 pkts/573 bytes <-> 1 pkts/199 bytes][Host: msg.71.am]
	50	TCP 192.168.115.8:50482 <-> 140.205.243.64:80 [proto: 7/HTTP][1 pkts/444 bytes <-> 1 pkts/283 bytes][Host: cmc.tanx.com]
	51	TCP 192.168.115.8:50768 <-> 223.26.106.19:80 [proto: 7.206/HTTP.iQIYI][1 pkts/198 bytes <-> 1 pkts/526 bytes][Host: static.qiyi.com]
	52	TCP 192.168.5.15:65128 <-> 68.233.253.133:80 [proto: 7/HTTP][1 pkts/331 bytes <-> 1 pkts/390 bytes][Host: api.magicansoft.com]
	53	TCP 192.168.115.8:50509 <-> 106.38.219.107:80 [proto: 7.206/HTTP.iQIYI][1 pkts/163 bytes <-> 2 pkts/557 bytes][Host: iplocation.geo.qiyi.com]
	54	TCP 192.168.5.15:65127 <-> 68.233.253.133:80 [proto: 7/HTTP][1 pkts/323 bytes <-> 1 pkts/390 bytes][Host: api.magicansoft.com]
	55	TCP 192.168.115.8:50766 <-> 223.26.106.20:80 [proto: 7.206/HTTP.iQIYI][1 pkts/198 bytes <-> 1 pkts/493 bytes][Host: static.qiyi.com]
	56	TCP 192.168.115.8:50487 -> 202.108.14.219:80 [proto: 7.206/HTTP.iQIYI][1 pkts/683 bytes -> 0 pkts/0 bytes][Host: msg.71.am]
	57	TCP 192.168.115.8:50489 <-> 119.188.13.188:80 [proto: 7.206/HTTP.iQIYI][1 pkts/253 bytes <-> 1 pkts/430 bytes][Host: pdata.video.qiyi.com]
	58	TCP 192.168.115.8:50772 <-> 123.125.111.70:80 [proto: 7.206/HTTP.iQIYI][1 pkts/399 bytes <-> 1 pkts/275 bytes][Host: nl.rcd.iqiyi.com]
	59	TCP 192.168.115.8:50775 <-> 123.125.111.70:80 [proto: 7.206/HTTP.iQIYI][1 pkts/399 bytes <-> 1 pkts/275 bytes][Host: nl.rcd.iqiyi.com]
	60	TCP 192.168.115.8:50470 <-> 202.108.14.236:80 [proto: 7.206/HTTP.iQIYI][1 pkts/424 bytes <-> 1 pkts/194 bytes][Host: msg.iqiyi.com]
	61	TCP 192.168.115.8:50508 <-> 223.26.106.19:80 [proto: 7.206/HTTP.iQIYI][1 pkts/198 bytes <-> 1 pkts/420 bytes][Host: static.qiyi.com]
	62	TCP 192.168.115.8:50483 <-> 202.108.14.219:80 [proto: 7.206/HTTP.iQIYI][1 pkts/417 bytes <-> 1 pkts/199 bytes][Host: msg.71.am]
	63	TCP 192.168.115.8:50776 <-> 111.206.22.77:80 [proto: 7.206/HTTP.iQIYI][1 pkts/394 bytes <-> 1 pkts/194 bytes][Host: msg.iqiyi.com]
	64	TCP 192.168.115.8:50765 <-> 36.110.220.15:80 [proto: 7.206/HTTP.iQIYI][1 pkts/264 bytes <-> 1 pkts/199 bytes][Host: msg.video.qiyi.com]
	65	TCP 202.108.14.219:80 -> 192.168.115.8:50295 [proto: 7/HTTP][2 pkts/398 bytes -> 0 pkts/0 bytes]
	66	UDP 192.168.5.48:63930 -> 239.255.255.250:1900 [proto: 12/SSDP][2 pkts/358 bytes -> 0 pkts/0 bytes]
	67	TCP 117.79.81.135:80 -> 192.168.115.8:50443 [proto: 7/HTTP][1 pkts/347 bytes -> 0 pkts/0 bytes]
	68	TCP 192.168.115.8:50781 -> 223.26.106.20:80 [proto: 7.206/HTTP.iQIYI][1 pkts/303 bytes -> 0 pkts/0 bytes][Host: preimage1.qiyipic.com]
	69	TCP 202.108.14.219:80 -> 192.168.115.8:50506 [proto: 7/HTTP][1 pkts/199 bytes -> 0 pkts/0 bytes]
	70	UDP 192.168.5.63:60976 -> 239.255.255.250:1900 [proto: 12/SSDP][1 pkts/165 bytes -> 0 pkts/0 bytes]
	71	UDP 192.168.5.63:39383 -> 239.255.255.250:1900 [proto: 153/UPnP][1 pkts/130 bytes -> 0 pkts/0 bytes]
	72	TCP 192.168.115.8:50462 -> 202.108.14.236:80 [proto: 7/HTTP][2 pkts/108 bytes -> 0 pkts/0 bytes]
	73	TCP 192.168.5.15:65125 -> 68.233.253.133:80 [proto: 7/HTTP][1 pkts/66 bytes -> 0 pkts/0 bytes]


Undetected flows:
	1	UDP 1.173.5.226:22636 <-> 192.168.115.8:22793 [proto: 0/Unknown][130 pkts/143912 bytes <-> 270 pkts/21334 bytes]
	2	UDP 192.168.115.8:22793 <-> 114.42.0.158:7716 [proto: 0/Unknown][229 pkts/18091 bytes <-> 109 pkts/120663 bytes]
	3	UDP 118.171.15.56:5544 <-> 192.168.115.8:22793 [proto: 0/Unknown][30 pkts/33210 bytes <-> 71 pkts/5609 bytes]
	4	UDP 192.168.115.8:22793 <-> 219.228.107.156:1250 [proto: 0/Unknown][34 pkts/2686 bytes <-> 11 pkts/12177 bytes]
	5	UDP 192.168.115.8:22793 <-> 222.197.138.12:6956 [proto: 0/Unknown][30 pkts/2370 bytes <-> 10 pkts/10042 bytes]
	6	UDP 192.168.115.8:22793 <-> 202.198.7.89:16039 [proto: 0/Unknown][2 pkts/158 bytes <-> 3 pkts/3323 bytes]
	7	UDP 192.168.115.8:22793 -> 1.169.136.116:17951 [proto: 0/Unknown][4 pkts/512 bytes -> 0 pkts/0 bytes]
	8	UDP 192.168.115.8:22793 -> 114.41.144.153:10492 [proto: 0/Unknown][4 pkts/512 bytes -> 0 pkts/0 bytes]
	9	UDP 192.168.115.8:22793 -> 218.61.39.103:17788 [proto: 0/Unknown][2 pkts/300 bytes -> 0 pkts/0 bytes]
	10	UDP 192.168.115.8:22793 -> 119.188.133.182:17788 [proto: 0/Unknown][2 pkts/260 bytes -> 0 pkts/0 bytes]
	11	UDP 192.168.115.8:22793 -> 183.61.167.104:17788 [proto: 0/Unknown][2 pkts/260 bytes -> 0 pkts/0 bytes]
	12	UDP 192.168.115.8:22793 -> 218.61.39.87:17788 [proto: 0/Unknown][2 pkts/260 bytes -> 0 pkts/0 bytes]
	13	UDP 183.228.182.44:13913 <-> 192.168.115.8:22793 [proto: 0/Unknown][1 pkts/87 bytes <-> 2 pkts/170 bytes]
	14	UDP 192.168.115.8:22793 -> 183.61.167.82:17788 [proto: 0/Unknown][2 pkts/188 bytes -> 0 pkts/0 bytes]
	15	UDP 192.168.115.8:22793 -> 220.130.154.23:35941 [proto: 0/Unknown][2 pkts/174 bytes -> 0 pkts/0 bytes]
	16	UDP 192.168.115.8:22793 -> 111.249.53.196:32443 [proto: 0/Unknown][2 pkts/158 bytes -> 0 pkts/0 bytes]
	17	UDP 192.168.115.8:22793 -> 1.175.128.104:5185 [proto: 0/Unknown][2 pkts/132 bytes -> 0 pkts/0 bytes]
	18	UDP 192.168.115.8:22793 -> 36.233.39.81:18590 [proto: 0/Unknown][2 pkts/132 bytes -> 0 pkts/0 bytes]
	19	UDP 192.168.115.8:22793 -> 36.237.154.69:4316 [proto: 0/Unknown][2 pkts/132 bytes -> 0 pkts/0 bytes]
	20	UDP 192.168.115.8:22793 -> 61.223.204.67:11102 [proto: 0/Unknown][2 pkts/132 bytes -> 0 pkts/0 bytes]
	21	UDP 192.168.115.8:22793 -> 61.227.170.88:20227 [proto: 0/Unknown][2 pkts/132 bytes -> 0 pkts/0 bytes]
	22	UDP 192.168.115.8:22793 -> 111.117.101.81:10162 [proto: 0/Unknown][2 pkts/132 bytes -> 0 pkts/0 bytes]
	23	UDP 192.168.115.8:22793 -> 111.250.102.66:1107 [proto: 0/Unknown][2 pkts/132 bytes -> 0 pkts/0 bytes]
	24	UDP 192.168.115.8:22793 -> 114.37.142.173:1074 [proto: 0/Unknown][2 pkts/132 bytes -> 0 pkts/0 bytes]
	25	UDP 192.168.115.8:22793 -> 114.47.91.129:22576 [proto: 0/Unknown][2 pkts/132 bytes -> 0 pkts/0 bytes]
	26	UDP 192.168.115.8:22793 -> 115.157.62.243:29006 [proto: 0/Unknown][2 pkts/132 bytes -> 0 pkts/0 bytes]
	27	UDP 192.168.115.8:22793 -> 121.248.133.93:12757 [proto: 0/Unknown][2 pkts/132 bytes -> 0 pkts/0 bytes]
	28	UDP 192.168.115.8:22793 -> 202.112.31.89:29072 [proto: 0/Unknown][2 pkts/132 bytes -> 0 pkts/0 bytes]
	29	UDP 192.168.115.8:22793 -> 210.44.171.1:29702 [proto: 0/Unknown][2 pkts/132 bytes -> 0 pkts/0 bytes]
	30	UDP 192.168.115.8:22793 -> 210.44.232.243:21044 [proto: 0/Unknown][2 pkts/132 bytes -> 0 pkts/0 bytes]
	31	UDP 192.168.115.8:22793 -> 210.47.12.19:33738 [proto: 0/Unknown][2 pkts/132 bytes -> 0 pkts/0 bytes]
	32	UDP 192.168.115.8:22793 -> 210.47.12.20:33738 [proto: 0/Unknown][2 pkts/132 bytes -> 0 pkts/0 bytes]
	33	UDP 192.168.115.8:22793 -> 222.26.74.190:1037 [proto: 0/Unknown][2 pkts/132 bytes -> 0 pkts/0 bytes]
	34	UDP 192.168.115.8:22793 -> 222.26.193.119:7133 [proto: 0/Unknown][2 pkts/132 bytes -> 0 pkts/0 bytes]
