Guessed flow protos:	0

DPI Packets (TCP):	4	(4.00 pkts/flow)
Confidence DPI              : 1 (flows)

PPTP	24	2328	1

	1	TCP 192.168.43.22:41366 <-> 191.101.61.1:1723 [proto: 115/PPTP][ClearText][Confidence: DPI][cat: VPN/2][13 pkts/1210 bytes <-> 11 pkts/1118 bytes][Goodput ratio: 29/34][5.43 sec][bytes ratio: 0.040 (Mixed)][IAT c2s/s2c min/avg/max/stddev: 0/7 389/463 1680/1179 503/373][Pkt Len c2s/s2c min/avg/max/stddev: 54/66 93/102 234/222 58/56][PLAIN TEXT (cananian)][Plen Bins: 44,11,0,0,33,11,0,0,0,0,0,0,0,0,0,0,0,0,0,0,0,0,0,0,0,0,0,0,0,0,0,0,0,0,0,0,0,0,0,0,0,0,0,0,0,0,0,0]
