ICMP	21	7436	9
ICMPV6	10	10642	5
QUIC	195	201384	60
Microsoft	20	23462	3

JA3 Host Stats: 
		 IP Address                  	 # JA3C     
	1	 2001:b07:ac9:d5ae:a4d3:fe47:691e:807d 	 1      
	2	 192.168.1.128            	 1      


	1	UDP 192.168.1.128:34511 -> 131.159.24.198:443 [proto: 188/QUIC][cat: Web/5][8 pkts/10352 bytes -> 0 pkts/0 bytes][Goodput ratio: 97/0][9.94 sec][ALPN: hq-30;h3-30;hq-29;h3-29;hq-28;h3-28;hq-27;h3-27][TLS Supported Versions: TLSv1.3][bytes ratio: 1.000 (Upload)][IAT c2s/s2c min/avg/max/stddev: 150/0 1419/0 4800/0 1551/0][Pkt Len c2s/s2c min/avg/max/stddev: 1294/0 1294/0 1294/0 0/0][TLSv1.3][Client: pandora.cm.in.tum.de][JA3C: 7d9e7f6dec1cb1dd8b79d72b1366b6cf][PLAIN TEXT (SezYZO)][Plen Bins: 0,0,0,0,0,0,0,0,0,0,0,0,0,0,0,0,0,0,0,0,0,0,0,0,0,0,0,0,0,0,0,0,0,0,0,0,0,0,0,100,0,0,0,0,0,0,0,0]
	2	UDP 192.168.1.128:37643 -> 71.202.41.169:443 [proto: 188/QUIC][cat: Web/5][8 pkts/10352 bytes -> 0 pkts/0 bytes][Goodput ratio: 97/0][9.98 sec][ALPN: hq-30;h3-30;hq-29;h3-29;hq-28;h3-28;hq-27;h3-27][TLS Supported Versions: TLSv1.3][bytes ratio: 1.000 (Upload)][IAT c2s/s2c min/avg/max/stddev: 243/0 1426/0 4801/0 1546/0][Pkt Len c2s/s2c min/avg/max/stddev: 1294/0 1294/0 1294/0 0/0][TLSv1.3][Client: 71.202.41.169][JA3C: 7d9e7f6dec1cb1dd8b79d72b1366b6cf][PLAIN TEXT (tIABbj)][Plen Bins: 0,0,0,0,0,0,0,0,0,0,0,0,0,0,0,0,0,0,0,0,0,0,0,0,0,0,0,0,0,0,0,0,0,0,0,0,0,0,0,100,0,0,0,0,0,0,0,0]
	3	UDP 192.168.1.128:42468 -> 138.91.188.147:4433 [proto: 188.212/QUIC.Microsoft][cat: Cloud/13][8 pkts/10352 bytes -> 0 pkts/0 bytes][Goodput ratio: 97/0][9.98 sec][ALPN: hq-30;h3-30;hq-29;h3-29;hq-28;h3-28;hq-27;h3-27][TLS Supported Versions: TLSv1.3][bytes ratio: 1.000 (Upload)][IAT c2s/s2c min/avg/max/stddev: 150/0 1425/0 4800/0 1548/0][Pkt Len c2s/s2c min/avg/max/stddev: 1294/0 1294/0 1294/0 0/0][Risk: ** Known protocol on non standard port **][TLSv1.3][Client: quic.westus.cloudapp.azure.com][JA3C: 7d9e7f6dec1cb1dd8b79d72b1366b6cf][Plen Bins: 0,0,0,0,0,0,0,0,0,0,0,0,0,0,0,0,0,0,0,0,0,0,0,0,0,0,0,0,0,0,0,0,0,0,0,0,0,0,0,100,0,0,0,0,0,0,0,0]
	4	UDP 192.168.1.128:46334 -> 40.112.191.60:443 [proto: 188/QUIC][cat: Web/5][8 pkts/10352 bytes -> 0 pkts/0 bytes][Goodput ratio: 97/0][9.98 sec][ALPN: hq-30;h3-30;hq-29;h3-29;hq-28;h3-28;hq-27;h3-27][TLS Supported Versions: TLSv1.3][bytes ratio: 1.000 (Upload)][IAT c2s/s2c min/avg/max/stddev: 241/0 1426/0 4801/0 1545/0][Pkt Len c2s/s2c min/avg/max/stddev: 1294/0 1294/0 1294/0 0/0][TLSv1.3][Client: f5quic.com][JA3C: 7d9e7f6dec1cb1dd8b79d72b1366b6cf][Plen Bins: 0,0,0,0,0,0,0,0,0,0,0,0,0,0,0,0,0,0,0,0,0,0,0,0,0,0,0,0,0,0,0,0,0,0,0,0,0,0,0,100,0,0,0,0,0,0,0,0]
	5	UDP 192.168.1.128:49658 -> 193.190.10.98:443 [proto: 188/QUIC][cat: Web/5][8 pkts/10352 bytes -> 0 pkts/0 bytes][Goodput ratio: 97/0][9.96 sec][ALPN: hq-30;h3-30;hq-29;h3-29;hq-28;h3-28;hq-27;h3-27][TLS Supported Versions: TLSv1.3][bytes ratio: 1.000 (Upload)][IAT c2s/s2c min/avg/max/stddev: 150/0 1423/0 4800/0 1549/0][Pkt Len c2s/s2c min/avg/max/stddev: 1294/0 1294/0 1294/0 0/0][TLSv1.3][Client: quicker.edm.uhasselt.be][JA3C: 7d9e7f6dec1cb1dd8b79d72b1366b6cf][Plen Bins: 0,0,0,0,0,0,0,0,0,0,0,0,0,0,0,0,0,0,0,0,0,0,0,0,0,0,0,0,0,0,0,0,0,0,0,0,0,0,0,100,0,0,0,0,0,0,0,0]
	6	UDP 192.168.1.128:50705 -> 138.91.188.147:4434 [proto: 188.212/QUIC.Microsoft][cat: Cloud/13][8 pkts/10352 bytes -> 0 pkts/0 bytes][Goodput ratio: 97/0][9.86 sec][ALPN: hq-30;h3-30;hq-29;h3-29;hq-28;h3-28;hq-27;h3-27][TLS Supported Versions: TLSv1.3][bytes ratio: 1.000 (Upload)][IAT c2s/s2c min/avg/max/stddev: 150/0 1409/0 4800/0 1558/0][Pkt Len c2s/s2c min/avg/max/stddev: 1294/0 1294/0 1294/0 0/0][Risk: ** Known protocol on non standard port **][TLSv1.3][Client: quic.westus.cloudapp.azure.com][JA3C: 7d9e7f6dec1cb1dd8b79d72b1366b6cf][Plen Bins: 0,0,0,0,0,0,0,0,0,0,0,0,0,0,0,0,0,0,0,0,0,0,0,0,0,0,0,0,0,0,0,0,0,0,0,0,0,0,0,100,0,0,0,0,0,0,0,0]
	7	UDP 192.168.1.128:53402 -> 3.121.242.54:4434 [proto: 188/QUIC][cat: Web/5][8 pkts/10352 bytes -> 0 pkts/0 bytes][Goodput ratio: 97/0][9.97 sec][ALPN: hq-30;h3-30;hq-29;h3-29;hq-28;h3-28;hq-27;h3-27][TLS Supported Versions: TLSv1.3][bytes ratio: 1.000 (Upload)][IAT c2s/s2c min/avg/max/stddev: 150/0 1423/0 4800/0 1549/0][Pkt Len c2s/s2c min/avg/max/stddev: 1294/0 1294/0 1294/0 0/0][TLSv1.3][Client: ietf.akaquic.com][JA3C: 7d9e7f6dec1cb1dd8b79d72b1366b6cf][Plen Bins: 0,0,0,0,0,0,0,0,0,0,0,0,0,0,0,0,0,0,0,0,0,0,0,0,0,0,0,0,0,0,0,0,0,0,0,0,0,0,0,100,0,0,0,0,0,0,0,0]
	8	UDP 192.168.1.128:59171 -> 193.190.10.98:4433 [proto: 188/QUIC][cat: Web/5][8 pkts/10352 bytes -> 0 pkts/0 bytes][Goodput ratio: 97/0][9.94 sec][ALPN: hq-30;h3-30;hq-29;h3-29;hq-28;h3-28;hq-27;h3-27][TLS Supported Versions: TLSv1.3][bytes ratio: 1.000 (Upload)][IAT c2s/s2c min/avg/max/stddev: 150/0 1420/0 4800/0 1551/0][Pkt Len c2s/s2c min/avg/max/stddev: 1294/0 1294/0 1294/0 0/0][TLSv1.3][Client: quicker.edm.uhasselt.be][JA3C: 7d9e7f6dec1cb1dd8b79d72b1366b6cf][Plen Bins: 0,0,0,0,0,0,0,0,0,0,0,0,0,0,0,0,0,0,0,0,0,0,0,0,0,0,0,0,0,0,0,0,0,0,0,0,0,0,0,100,0,0,0,0,0,0,0,0]
	9	UDP 192.168.1.128:59515 -> 193.190.10.98:4434 [proto: 188/QUIC][cat: Web/5][8 pkts/10352 bytes -> 0 pkts/0 bytes][Goodput ratio: 97/0][9.84 sec][ALPN: hq-30;h3-30;hq-29;h3-29;hq-28;h3-28;hq-27;h3-27][TLS Supported Versions: TLSv1.3][bytes ratio: 1.000 (Upload)][IAT c2s/s2c min/avg/max/stddev: 150/0 1406/0 4800/0 1560/0][Pkt Len c2s/s2c min/avg/max/stddev: 1294/0 1294/0 1294/0 0/0][TLSv1.3][Client: quicker.edm.uhasselt.be][JA3C: 7d9e7f6dec1cb1dd8b79d72b1366b6cf][Plen Bins: 0,0,0,0,0,0,0,0,0,0,0,0,0,0,0,0,0,0,0,0,0,0,0,0,0,0,0,0,0,0,0,0,0,0,0,0,0,0,0,100,0,0,0,0,0,0,0,0]
	10	UDP 192.168.1.128:60784 -> 3.121.242.54:4433 [proto: 188/QUIC][cat: Web/5][8 pkts/10352 bytes -> 0 pkts/0 bytes][Goodput ratio: 97/0][9.97 sec][ALPN: hq-30;h3-30;hq-29;h3-29;hq-28;h3-28;hq-27;h3-27][TLS Supported Versions: TLSv1.3][bytes ratio: 1.000 (Upload)][IAT c2s/s2c min/avg/max/stddev: 150/0 1424/0 4800/0 1549/0][Pkt Len c2s/s2c min/avg/max/stddev: 1294/0 1294/0 1294/0 0/0][TLSv1.3][Client: ietf.akaquic.com][JA3C: 7d9e7f6dec1cb1dd8b79d72b1366b6cf][Plen Bins: 0,0,0,0,0,0,0,0,0,0,0,0,0,0,0,0,0,0,0,0,0,0,0,0,0,0,0,0,0,0,0,0,0,0,0,0,0,0,0,100,0,0,0,0,0,0,0,0]
	11	UDP [2001:b07:ac9:d5ae:a4d3:fe47:691e:807d]:32957 -> [2606:4700:10::6816:826]:4433 [proto: 188/QUIC][cat: Web/5][8 pkts/10352 bytes -> 0 pkts/0 bytes][Goodput ratio: 95/0][9.99 sec][ALPN: hq-30;h3-30;hq-29;h3-29;hq-28;h3-28;hq-27;h3-27][TLS Supported Versions: TLSv1.3][bytes ratio: 1.000 (Upload)][IAT c2s/s2c min/avg/max/stddev: 150/0 1427/0 4800/0 1547/0][Pkt Len c2s/s2c min/avg/max/stddev: 1294/0 1294/0 1294/0 0/0][TLSv1.3][Client: cloudflare-quic.com][JA3C: 7d9e7f6dec1cb1dd8b79d72b1366b6cf][PLAIN TEXT (uhbU.2)][Plen Bins: 0,0,0,0,0,0,0,0,0,0,0,0,0,0,0,0,0,0,0,0,0,0,0,0,0,0,0,0,0,0,0,0,0,0,0,0,0,0,100,0,0,0,0,0,0,0,0,0]
	12	UDP [2001:b07:ac9:d5ae:a4d3:fe47:691e:807d]:41857 -> [2606:4700:10::6816:826]:4434 [proto: 188/QUIC][cat: Web/5][8 pkts/10352 bytes -> 0 pkts/0 bytes][Goodput ratio: 95/0][9.86 sec][ALPN: hq-30;h3-30;hq-29;h3-29;hq-28;h3-28;hq-27;h3-27][TLS Supported Versions: TLSv1.3][bytes ratio: 1.000 (Upload)][IAT c2s/s2c min/avg/max/stddev: 151/0 1408/0 4800/0 1559/0][Pkt Len c2s/s2c min/avg/max/stddev: 1294/0 1294/0 1294/0 0/0][TLSv1.3][Client: cloudflare-quic.com][JA3C: 7d9e7f6dec1cb1dd8b79d72b1366b6cf][Plen Bins: 0,0,0,0,0,0,0,0,0,0,0,0,0,0,0,0,0,0,0,0,0,0,0,0,0,0,0,0,0,0,0,0,0,0,0,0,0,0,100,0,0,0,0,0,0,0,0,0]
	13	UDP [2001:b07:ac9:d5ae:a4d3:fe47:691e:807d]:46242 -> [2600:1f18:2310:d230:5103:7d9e:7d75:374f]:443 [proto: 188/QUIC][cat: Web/5][8 pkts/10352 bytes -> 0 pkts/0 bytes][Goodput ratio: 95/0][9.85 sec][ALPN: hq-30;h3-30;hq-29;h3-29;hq-28;h3-28;hq-27;h3-27][TLS Supported Versions: TLSv1.3][bytes ratio: 1.000 (Upload)][IAT c2s/s2c min/avg/max/stddev: 150/0 1407/0 4800/0 1559/0][Pkt Len c2s/s2c min/avg/max/stddev: 1294/0 1294/0 1294/0 0/0][TLSv1.3][Client: test.privateoctopus.com][JA3C: 7d9e7f6dec1cb1dd8b79d72b1366b6cf][PLAIN TEXT (QQ/o746)][Plen Bins: 0,0,0,0,0,0,0,0,0,0,0,0,0,0,0,0,0,0,0,0,0,0,0,0,0,0,0,0,0,0,0,0,0,0,0,0,0,0,100,0,0,0,0,0,0,0,0,0]
	14	ICMPV6 [2400:8902::f03c:91ff:fe69:a454]:0 <-> [2001:b07:ac9:d5ae:a4d3:fe47:691e:807d]:0 [proto: 102/ICMPV6][cat: Network/14][2 pkts/2588 bytes <-> 2 pkts/290 bytes][Goodput ratio: 95/57][0.32 sec][Plen Bins: 0,0,50,0,0,0,0,0,0,0,0,0,0,0,0,0,0,0,0,0,0,0,0,0,0,0,0,0,0,0,0,0,0,0,0,0,0,0,50,0,0,0,0,0,0,0,0,0]
	15	UDP [2001:b07:ac9:d5ae:a4d3:fe47:691e:807d]:44924 <-> [2400:8902::f03c:91ff:fe69:a454]:4434 [proto: 188/QUIC][cat: Web/5][2 pkts/2588 bytes <-> 2 pkts/194 bytes][Goodput ratio: 95/36][0.38 sec][ALPN: hq-30;h3-30;hq-29;h3-29;hq-28;h3-28;hq-27;h3-27][TLS Supported Versions: TLSv1.3][TLSv1.3][Client: nghttp2.org][JA3C: 7d9e7f6dec1cb1dd8b79d72b1366b6cf][Plen Bins: 0,50,0,0,0,0,0,0,0,0,0,0,0,0,0,0,0,0,0,0,0,0,0,0,0,0,0,0,0,0,0,0,0,0,0,0,0,0,50,0,0,0,0,0,0,0,0,0]
	16	UDP [2001:b07:ac9:d5ae:a4d3:fe47:691e:807d]:56213 <-> [2400:8902::f03c:91ff:fe69:a454]:4433 [proto: 188/QUIC][cat: Web/5][2 pkts/2588 bytes <-> 2 pkts/194 bytes][Goodput ratio: 95/36][0.42 sec][ALPN: hq-30;h3-30;hq-29;h3-29;hq-28;h3-28;hq-27;h3-27][TLS Supported Versions: TLSv1.3][TLSv1.3][Client: nghttp2.org][JA3C: 7d9e7f6dec1cb1dd8b79d72b1366b6cf][Plen Bins: 0,50,0,0,0,0,0,0,0,0,0,0,0,0,0,0,0,0,0,0,0,0,0,0,0,0,0,0,0,0,0,0,0,0,0,0,0,0,50,0,0,0,0,0,0,0,0,0]
	17	UDP 192.168.1.128:39975 <-> 138.91.188.147:443 [proto: 188.212/QUIC.Microsoft][cat: Cloud/13][2 pkts/2588 bytes <-> 2 pkts/170 bytes][Goodput ratio: 97/50][0.33 sec][ALPN: hq-30;h3-30;hq-29;h3-29;hq-28;h3-28;hq-27;h3-27][TLS Supported Versions: TLSv1.3][TLSv1.3][Client: quic.westus.cloudapp.azure.com][JA3C: 7d9e7f6dec1cb1dd8b79d72b1366b6cf][Plen Bins: 0,50,0,0,0,0,0,0,0,0,0,0,0,0,0,0,0,0,0,0,0,0,0,0,0,0,0,0,0,0,0,0,0,0,0,0,0,0,0,50,0,0,0,0,0,0,0,0]
	18	UDP 192.168.1.128:35263 <-> 202.238.220.92:4434 [proto: 188/QUIC][cat: Web/5][2 pkts/2588 bytes <-> 2 pkts/138 bytes][Goodput ratio: 97/39][0.41 sec][ALPN: hq-30;h3-30;hq-29;h3-29;hq-28;h3-28;hq-27;h3-27][TLS Supported Versions: TLSv1.3][TLSv1.3][Client: mew.org][JA3C: 7d9e7f6dec1cb1dd8b79d72b1366b6cf][Plen Bins: 50,0,0,0,0,0,0,0,0,0,0,0,0,0,0,0,0,0,0,0,0,0,0,0,0,0,0,0,0,0,0,0,0,0,0,0,0,0,0,50,0,0,0,0,0,0,0,0]
	19	UDP 192.168.1.128:38933 <-> 202.238.220.92:443 [proto: 188/QUIC][cat: Web/5][2 pkts/2588 bytes <-> 2 pkts/138 bytes][Goodput ratio: 97/39][0.41 sec][ALPN: hq-30;h3-30;hq-29;h3-29;hq-28;h3-28;hq-27;h3-27][TLS Supported Versions: TLSv1.3][TLSv1.3][Client: mew.org][JA3C: 7d9e7f6dec1cb1dd8b79d72b1366b6cf][Plen Bins: 50,0,0,0,0,0,0,0,0,0,0,0,0,0,0,0,0,0,0,0,0,0,0,0,0,0,0,0,0,0,0,0,0,0,0,0,0,0,0,50,0,0,0,0,0,0,0,0]
	20	UDP 192.168.1.128:46576 <-> 40.112.191.60:4433 [proto: 188/QUIC][cat: Web/5][2 pkts/2588 bytes <-> 2 pkts/138 bytes][Goodput ratio: 97/39][0.33 sec][ALPN: hq-30;h3-30;hq-29;h3-29;hq-28;h3-28;hq-27;h3-27][TLS Supported Versions: TLSv1.3][TLSv1.3][Client: f5quic.com][JA3C: 7d9e7f6dec1cb1dd8b79d72b1366b6cf][Plen Bins: 50,0,0,0,0,0,0,0,0,0,0,0,0,0,0,0,0,0,0,0,0,0,0,0,0,0,0,0,0,0,0,0,0,0,0,0,0,0,0,50,0,0,0,0,0,0,0,0]
	21	UDP 192.168.1.128:53791 <-> 40.112.191.60:4434 [proto: 188/QUIC][cat: Web/5][2 pkts/2588 bytes <-> 2 pkts/138 bytes][Goodput ratio: 97/39][0.34 sec][ALPN: hq-30;h3-30;hq-29;h3-29;hq-28;h3-28;hq-27;h3-27][TLS Supported Versions: TLSv1.3][TLSv1.3][Client: f5quic.com][JA3C: 7d9e7f6dec1cb1dd8b79d72b1366b6cf][Plen Bins: 50,0,0,0,0,0,0,0,0,0,0,0,0,0,0,0,0,0,0,0,0,0,0,0,0,0,0,0,0,0,0,0,0,0,0,0,0,0,0,50,0,0,0,0,0,0,0,0]
	22	UDP 192.168.1.128:37784 <-> 140.227.52.92:443 [proto: 188/QUIC][cat: Web/5][2 pkts/2588 bytes <-> 2 pkts/122 bytes][Goodput ratio: 97/31][0.42 sec][ALPN: hq-30;h3-30;hq-29;h3-29;hq-28;h3-28;hq-27;h3-27][TLS Supported Versions: TLSv1.3][TLSv1.3][Client: quic.examp1e.net][JA3C: 7d9e7f6dec1cb1dd8b79d72b1366b6cf][Plen Bins: 50,0,0,0,0,0,0,0,0,0,0,0,0,0,0,0,0,0,0,0,0,0,0,0,0,0,0,0,0,0,0,0,0,0,0,0,0,0,0,50,0,0,0,0,0,0,0,0]
	23	UDP 192.168.1.128:42456 <-> 133.242.206.244:443 [proto: 188/QUIC][cat: Web/5][2 pkts/2588 bytes <-> 2 pkts/122 bytes][Goodput ratio: 97/31][0.45 sec][ALPN: hq-30;h3-30;hq-29;h3-29;hq-28;h3-28;hq-27;h3-27][TLS Supported Versions: TLSv1.3][TLSv1.3][Client: h2o.examp1e.net][JA3C: 7d9e7f6dec1cb1dd8b79d72b1366b6cf][Plen Bins: 50,0,0,0,0,0,0,0,0,0,0,0,0,0,0,0,0,0,0,0,0,0,0,0,0,0,0,0,0,0,0,0,0,0,0,0,0,0,0,50,0,0,0,0,0,0,0,0]
	24	UDP 192.168.1.128:44619 <-> 140.227.52.92:4433 [proto: 188/QUIC][cat: Web/5][2 pkts/2588 bytes <-> 2 pkts/122 bytes][Goodput ratio: 97/31][0.42 sec][ALPN: hq-30;h3-30;hq-29;h3-29;hq-28;h3-28;hq-27;h3-27][TLS Supported Versions: TLSv1.3][TLSv1.3][Client: quic.examp1e.net][JA3C: 7d9e7f6dec1cb1dd8b79d72b1366b6cf][PLAIN TEXT (GypODF)][Plen Bins: 50,0,0,0,0,0,0,0,0,0,0,0,0,0,0,0,0,0,0,0,0,0,0,0,0,0,0,0,0,0,0,0,0,0,0,0,0,0,0,50,0,0,0,0,0,0,0,0]
	25	UDP 192.168.1.128:45855 <-> 133.242.206.244:4434 [proto: 188/QUIC][cat: Web/5][2 pkts/2588 bytes <-> 2 pkts/122 bytes][Goodput ratio: 97/31][0.46 sec][ALPN: hq-30;h3-30;hq-29;h3-29;hq-28;h3-28;hq-27;h3-27][TLS Supported Versions: TLSv1.3][TLSv1.3][Client: h2o.examp1e.net][JA3C: 7d9e7f6dec1cb1dd8b79d72b1366b6cf][Plen Bins: 50,0,0,0,0,0,0,0,0,0,0,0,0,0,0,0,0,0,0,0,0,0,0,0,0,0,0,0,0,0,0,0,0,0,0,0,0,0,0,50,0,0,0,0,0,0,0,0]
	26	UDP 192.168.1.128:57926 <-> 140.227.52.92:4434 [proto: 188/QUIC][cat: Web/5][2 pkts/2588 bytes <-> 2 pkts/122 bytes][Goodput ratio: 97/31][0.43 sec][ALPN: hq-30;h3-30;hq-29;h3-29;hq-28;h3-28;hq-27;h3-27][TLS Supported Versions: TLSv1.3][TLSv1.3][Client: quic.examp1e.net][JA3C: 7d9e7f6dec1cb1dd8b79d72b1366b6cf][Plen Bins: 50,0,0,0,0,0,0,0,0,0,0,0,0,0,0,0,0,0,0,0,0,0,0,0,0,0,0,0,0,0,0,0,0,0,0,0,0,0,0,50,0,0,0,0,0,0,0,0]
	27	UDP 192.168.1.128:37661 -> 71.202.41.169:4433 [proto: 188/QUIC][cat: Web/5][2 pkts/2588 bytes -> 0 pkts/0 bytes][Goodput ratio: 97/0][0.15 sec][ALPN: hq-30;h3-30;hq-29;h3-29;hq-28;h3-28;hq-27;h3-27][TLS Supported Versions: TLSv1.3][TLSv1.3][Client: 71.202.41.169][JA3C: 7d9e7f6dec1cb1dd8b79d72b1366b6cf][Plen Bins: 0,0,0,0,0,0,0,0,0,0,0,0,0,0,0,0,0,0,0,0,0,0,0,0,0,0,0,0,0,0,0,0,0,0,0,0,0,0,0,100,0,0,0,0,0,0,0,0]
	28	UDP 192.168.1.128:38366 -> 202.238.220.92:4433 [proto: 188/QUIC][cat: Web/5][2 pkts/2588 bytes -> 0 pkts/0 bytes][Goodput ratio: 97/0][0.15 sec][ALPN: hq-30;h3-30;hq-29;h3-29;hq-28;h3-28;hq-27;h3-27][TLS Supported Versions: TLSv1.3][TLSv1.3][Client: mew.org][JA3C: 7d9e7f6dec1cb1dd8b79d72b1366b6cf][Plen Bins: 0,0,0,0,0,0,0,0,0,0,0,0,0,0,0,0,0,0,0,0,0,0,0,0,0,0,0,0,0,0,0,0,0,0,0,0,0,0,0,100,0,0,0,0,0,0,0,0]
	29	UDP 192.168.1.128:49151 -> 133.242.206.244:4433 [proto: 188/QUIC][cat: Web/5][2 pkts/2588 bytes -> 0 pkts/0 bytes][Goodput ratio: 97/0][0.18 sec][ALPN: hq-30;h3-30;hq-29;h3-29;hq-28;h3-28;hq-27;h3-27][TLS Supported Versions: TLSv1.3][TLSv1.3][Client: h2o.examp1e.net][JA3C: 7d9e7f6dec1cb1dd8b79d72b1366b6cf][Plen Bins: 0,0,0,0,0,0,0,0,0,0,0,0,0,0,0,0,0,0,0,0,0,0,0,0,0,0,0,0,0,0,0,0,0,0,0,0,0,0,0,100,0,0,0,0,0,0,0,0]
	30	UDP 192.168.1.128:50289 -> 71.202.41.169:4434 [proto: 188/QUIC][cat: Web/5][2 pkts/2588 bytes -> 0 pkts/0 bytes][Goodput ratio: 97/0][0.15 sec][ALPN: hq-30;h3-30;hq-29;h3-29;hq-28;h3-28;hq-27;h3-27][TLS Supported Versions: TLSv1.3][TLSv1.3][Client: 71.202.41.169][JA3C: 7d9e7f6dec1cb1dd8b79d72b1366b6cf][PLAIN TEXT (dCEQah)][Plen Bins: 0,0,0,0,0,0,0,0,0,0,0,0,0,0,0,0,0,0,0,0,0,0,0,0,0,0,0,0,0,0,0,0,0,0,0,0,0,0,0,100,0,0,0,0,0,0,0,0]
	31	UDP [2001:b07:ac9:d5ae:a4d3:fe47:691e:807d]:38077 -> [2400:8902::f03c:91ff:fe69:a454]:443 [proto: 188/QUIC][cat: Web/5][2 pkts/2588 bytes -> 0 pkts/0 bytes][Goodput ratio: 95/0][0.15 sec][ALPN: hq-30;h3-30;hq-29;h3-29;hq-28;h3-28;hq-27;h3-27][TLS Supported Versions: TLSv1.3][TLSv1.3][Client: nghttp2.org][JA3C: 7d9e7f6dec1cb1dd8b79d72b1366b6cf][Plen Bins: 0,0,0,0,0,0,0,0,0,0,0,0,0,0,0,0,0,0,0,0,0,0,0,0,0,0,0,0,0,0,0,0,0,0,0,0,0,0,100,0,0,0,0,0,0,0,0,0]
	32	ICMPV6 [2001:19f0:4:34::1]:0 -> [2001:b07:ac9:d5ae:a4d3:fe47:691e:807d]:0 [proto: 102/ICMPV6][cat: Network/14][2 pkts/2588 bytes -> 0 pkts/0 bytes][Goodput ratio: 95/0][0.06 sec][Plen Bins: 0,0,0,0,0,0,0,0,0,0,0,0,0,0,0,0,0,0,0,0,0,0,0,0,0,0,0,0,0,0,0,0,0,0,0,0,0,0,100,0,0,0,0,0,0,0,0,0]
	33	ICMPV6 [2001:19f0:5:c21:5400:1ff:fe33:3b96]:0 -> [2001:b07:ac9:d5ae:a4d3:fe47:691e:807d]:0 [proto: 102/ICMPV6][cat: Network/14][2 pkts/2588 bytes -> 0 pkts/0 bytes][Goodput ratio: 95/0][0.17 sec][PLAIN TEXT (bSuZ88)][Plen Bins: 0,0,0,0,0,0,0,0,0,0,0,0,0,0,0,0,0,0,0,0,0,0,0,0,0,0,0,0,0,0,0,0,0,0,0,0,0,0,100,0,0,0,0,0,0,0,0,0]
	34	ICMP 51.158.105.98:0 -> 192.168.1.128:0 [proto: 81/ICMP][cat: Network/14][3 pkts/1770 bytes -> 0 pkts/0 bytes][Goodput ratio: 93/0][0.20 sec][Plen Bins: 0,0,0,0,0,0,0,0,0,0,0,0,0,0,0,0,0,100,0,0,0,0,0,0,0,0,0,0,0,0,0,0,0,0,0,0,0,0,0,0,0,0,0,0,0,0,0,0]
	35	UDP [2001:b07:ac9:d5ae:a4d3:fe47:691e:807d]:38394 <-> [2600:1f18:2310:d230:5103:7d9e:7d75:374f]:4433 [proto: 188/QUIC][cat: Web/5][1 pkts/1294 bytes <-> 1 pkts/113 bytes][Goodput ratio: 95/45][0.14 sec][ALPN: hq-30;h3-30;hq-29;h3-29;hq-28;h3-28;hq-27;h3-27][TLS Supported Versions: TLSv1.3][TLSv1.3][Client: test.privateoctopus.com][JA3C: 7d9e7f6dec1cb1dd8b79d72b1366b6cf][Plen Bins: 0,50,0,0,0,0,0,0,0,0,0,0,0,0,0,0,0,0,0,0,0,0,0,0,0,0,0,0,0,0,0,0,0,0,0,0,0,0,50,0,0,0,0,0,0,0,0,0]
	36	UDP [2001:b07:ac9:d5ae:a4d3:fe47:691e:807d]:52080 <-> [2600:1f18:2310:d230:5103:7d9e:7d75:374f]:4434 [proto: 188/QUIC][cat: Web/5][1 pkts/1294 bytes <-> 1 pkts/113 bytes][Goodput ratio: 95/45][0.13 sec][ALPN: hq-30;h3-30;hq-29;h3-29;hq-28;h3-28;hq-27;h3-27][TLS Supported Versions: TLSv1.3][TLSv1.3][Client: test.privateoctopus.com][JA3C: 7d9e7f6dec1cb1dd8b79d72b1366b6cf][Plen Bins: 0,50,0,0,0,0,0,0,0,0,0,0,0,0,0,0,0,0,0,0,0,0,0,0,0,0,0,0,0,0,0,0,0,0,0,0,0,0,50,0,0,0,0,0,0,0,0,0]
	37	UDP [2001:b07:ac9:d5ae:a4d3:fe47:691e:807d]:51040 <-> [2604:a880:800:a1::1279:3001]:4433 [proto: 188/QUIC][cat: Web/5][1 pkts/1294 bytes <-> 1 pkts/109 bytes][Goodput ratio: 95/43][0.09 sec][ALPN: hq-30;h3-30;hq-29;h3-29;hq-28;h3-28;hq-27;h3-27][TLS Supported Versions: TLSv1.3][TLSv1.3][Client: http3-test.litespeedtech.com][JA3C: 7d9e7f6dec1cb1dd8b79d72b1366b6cf][PLAIN TEXT (bOP/lk)][Plen Bins: 0,50,0,0,0,0,0,0,0,0,0,0,0,0,0,0,0,0,0,0,0,0,0,0,0,0,0,0,0,0,0,0,0,0,0,0,0,0,50,0,0,0,0,0,0,0,0,0]
	38	UDP [2001:b07:ac9:d5ae:a4d3:fe47:691e:807d]:53760 <-> [2604:a880:800:a1::1279:3001]:4434 [proto: 188/QUIC][cat: Web/5][1 pkts/1294 bytes <-> 1 pkts/109 bytes][Goodput ratio: 95/43][0.09 sec][ALPN: hq-30;h3-30;hq-29;h3-29;hq-28;h3-28;hq-27;h3-27][TLS Supported Versions: TLSv1.3][TLSv1.3][Client: http3-test.litespeedtech.com][JA3C: 7d9e7f6dec1cb1dd8b79d72b1366b6cf][Plen Bins: 0,50,0,0,0,0,0,0,0,0,0,0,0,0,0,0,0,0,0,0,0,0,0,0,0,0,0,0,0,0,0,0,0,0,0,0,0,0,50,0,0,0,0,0,0,0,0,0]
	39	UDP [2001:b07:ac9:d5ae:a4d3:fe47:691e:807d]:48707 <-> [2a00:ac00:4000:400:2e0:4cff:fe68:199d]:443 [proto: 188/QUIC][cat: Web/5][1 pkts/1294 bytes <-> 1 pkts/97 bytes][Goodput ratio: 95/36][0.05 sec][ALPN: hq-30;h3-30;hq-29;h3-29;hq-28;h3-28;hq-27;h3-27][TLS Supported Versions: TLSv1.3][TLSv1.3][Client: quant.eggert.org][JA3C: 7d9e7f6dec1cb1dd8b79d72b1366b6cf][PLAIN TEXT (BykFtI)][Plen Bins: 0,50,0,0,0,0,0,0,0,0,0,0,0,0,0,0,0,0,0,0,0,0,0,0,0,0,0,0,0,0,0,0,0,0,0,0,0,0,50,0,0,0,0,0,0,0,0,0]
	40	UDP [2001:b07:ac9:d5ae:a4d3:fe47:691e:807d]:52271 <-> [2a00:ac00:4000:400:2e0:4cff:fe68:199d]:4434 [proto: 188/QUIC][cat: Web/5][1 pkts/1294 bytes <-> 1 pkts/97 bytes][Goodput ratio: 95/36][0.05 sec][ALPN: hq-30;h3-30;hq-29;h3-29;hq-28;h3-28;hq-27;h3-27][TLS Supported Versions: TLSv1.3][TLSv1.3][Client: quant.eggert.org][JA3C: 7d9e7f6dec1cb1dd8b79d72b1366b6cf][Plen Bins: 0,50,0,0,0,0,0,0,0,0,0,0,0,0,0,0,0,0,0,0,0,0,0,0,0,0,0,0,0,0,0,0,0,0,0,0,0,0,50,0,0,0,0,0,0,0,0,0]
	41	UDP [2001:b07:ac9:d5ae:a4d3:fe47:691e:807d]:60983 <-> [2a00:ac00:4000:400:2e0:4cff:fe68:199d]:4433 [proto: 188/QUIC][cat: Web/5][1 pkts/1294 bytes <-> 1 pkts/97 bytes][Goodput ratio: 95/36][0.05 sec][ALPN: hq-30;h3-30;hq-29;h3-29;hq-28;h3-28;hq-27;h3-27][TLS Supported Versions: TLSv1.3][TLSv1.3][Client: quant.eggert.org][JA3C: 7d9e7f6dec1cb1dd8b79d72b1366b6cf][Plen Bins: 0,50,0,0,0,0,0,0,0,0,0,0,0,0,0,0,0,0,0,0,0,0,0,0,0,0,0,0,0,0,0,0,0,0,0,0,0,0,50,0,0,0,0,0,0,0,0,0]
	42	UDP [2001:b07:ac9:d5ae:a4d3:fe47:691e:807d]:35643 <-> [2001:19f0:4:34::1]:4433 [proto: 188/QUIC][cat: Web/5][1 pkts/1294 bytes <-> 1 pkts/89 bytes][Goodput ratio: 95/30][0.10 sec][ALPN: hq-30;h3-30;hq-29;h3-29;hq-28;h3-28;hq-27;h3-27][TLS Supported Versions: TLSv1.3][TLSv1.3][Client: quic.rocks][JA3C: 7d9e7f6dec1cb1dd8b79d72b1366b6cf][Plen Bins: 50,0,0,0,0,0,0,0,0,0,0,0,0,0,0,0,0,0,0,0,0,0,0,0,0,0,0,0,0,0,0,0,0,0,0,0,0,0,50,0,0,0,0,0,0,0,0,0]
	43	UDP [2001:b07:ac9:d5ae:a4d3:fe47:691e:807d]:37876 <-> [2a05:d018:ce9:8100:cd2a:e2fd:b3be:c5ab]:443 [proto: 188/QUIC][cat: Web/5][1 pkts/1294 bytes <-> 1 pkts/89 bytes][Goodput ratio: 95/30][0.04 sec][ALPN: hq-30;h3-30;hq-29;h3-29;hq-28;h3-28;hq-27;h3-27][TLS Supported Versions: TLSv1.3][TLSv1.3][Client: quic.aiortc.org][JA3C: 7d9e7f6dec1cb1dd8b79d72b1366b6cf][Plen Bins: 50,0,0,0,0,0,0,0,0,0,0,0,0,0,0,0,0,0,0,0,0,0,0,0,0,0,0,0,0,0,0,0,0,0,0,0,0,0,50,0,0,0,0,0,0,0,0,0]
	44	UDP [2001:b07:ac9:d5ae:a4d3:fe47:691e:807d]:39945 <-> [2a05:d018:ce9:8100:cd2a:e2fd:b3be:c5ab]:4433 [proto: 188/QUIC][cat: Web/5][1 pkts/1294 bytes <-> 1 pkts/89 bytes][Goodput ratio: 95/30][0.04 sec][ALPN: hq-30;h3-30;hq-29;h3-29;hq-28;h3-28;hq-27;h3-27][TLS Supported Versions: TLSv1.3][TLSv1.3][Client: quic.aiortc.org][JA3C: 7d9e7f6dec1cb1dd8b79d72b1366b6cf][Plen Bins: 50,0,0,0,0,0,0,0,0,0,0,0,0,0,0,0,0,0,0,0,0,0,0,0,0,0,0,0,0,0,0,0,0,0,0,0,0,0,50,0,0,0,0,0,0,0,0,0]
	45	UDP [2001:b07:ac9:d5ae:a4d3:fe47:691e:807d]:44605 <-> [2a05:d018:ce9:8100:cd2a:e2fd:b3be:c5ab]:4434 [proto: 188/QUIC][cat: Web/5][1 pkts/1294 bytes <-> 1 pkts/89 bytes][Goodput ratio: 95/30][0.04 sec][ALPN: hq-30;h3-30;hq-29;h3-29;hq-28;h3-28;hq-27;h3-27][TLS Supported Versions: TLSv1.3][TLSv1.3][Client: quic.aiortc.org][JA3C: 7d9e7f6dec1cb1dd8b79d72b1366b6cf][Plen Bins: 50,0,0,0,0,0,0,0,0,0,0,0,0,0,0,0,0,0,0,0,0,0,0,0,0,0,0,0,0,0,0,0,0,0,0,0,0,0,50,0,0,0,0,0,0,0,0,0]
	46	UDP [2001:b07:ac9:d5ae:a4d3:fe47:691e:807d]:45852 <-> [2001:19f0:5:c21:5400:1ff:fe33:3b96]:4433 [proto: 188/QUIC][cat: Web/5][1 pkts/1294 bytes <-> 1 pkts/89 bytes][Goodput ratio: 95/30][0.10 sec][ALPN: hq-30;h3-30;hq-29;h3-29;hq-28;h3-28;hq-27;h3-27][TLS Supported Versions: TLSv1.3][TLSv1.3][Client: quic.tech][JA3C: 7d9e7f6dec1cb1dd8b79d72b1366b6cf][Plen Bins: 50,0,0,0,0,0,0,0,0,0,0,0,0,0,0,0,0,0,0,0,0,0,0,0,0,0,0,0,0,0,0,0,0,0,0,0,0,0,50,0,0,0,0,0,0,0,0,0]
	47	UDP [2001:b07:ac9:d5ae:a4d3:fe47:691e:807d]:46353 <-> [2606:4700:10::6816:826]:443 [proto: 188/QUIC][cat: Web/5][1 pkts/1294 bytes <-> 1 pkts/89 bytes][Goodput ratio: 95/30][0.02 sec][ALPN: hq-30;h3-30;hq-29;h3-29;hq-28;h3-28;hq-27;h3-27][TLS Supported Versions: TLSv1.3][TLSv1.3][Client: cloudflare-quic.com][JA3C: 7d9e7f6dec1cb1dd8b79d72b1366b6cf][Plen Bins: 50,0,0,0,0,0,0,0,0,0,0,0,0,0,0,0,0,0,0,0,0,0,0,0,0,0,0,0,0,0,0,0,0,0,0,0,0,0,50,0,0,0,0,0,0,0,0,0]
	48	UDP [2001:b07:ac9:d5ae:a4d3:fe47:691e:807d]:49788 <-> [2001:4800:7817:101:be76:4eff:fe04:631d]:4434 [proto: 188/QUIC][cat: Web/5][1 pkts/1294 bytes <-> 1 pkts/89 bytes][Goodput ratio: 95/30][0.13 sec][ALPN: hq-30;h3-30;hq-29;h3-29;hq-28;h3-28;hq-27;h3-27][TLS Supported Versions: TLSv1.3][TLSv1.3][Client: quic.ogre.com][JA3C: 7d9e7f6dec1cb1dd8b79d72b1366b6cf][Plen Bins: 50,0,0,0,0,0,0,0,0,0,0,0,0,0,0,0,0,0,0,0,0,0,0,0,0,0,0,0,0,0,0,0,0,0,0,0,0,0,50,0,0,0,0,0,0,0,0,0]
	49	UDP [2001:b07:ac9:d5ae:a4d3:fe47:691e:807d]:53140 <-> [2001:4800:7817:101:be76:4eff:fe04:631d]:4433 [proto: 188/QUIC][cat: Web/5][1 pkts/1294 bytes <-> 1 pkts/89 bytes][Goodput ratio: 95/30][0.13 sec][ALPN: hq-30;h3-30;hq-29;h3-29;hq-28;h3-28;hq-27;h3-27][TLS Supported Versions: TLSv1.3][TLSv1.3][Client: quic.ogre.com][JA3C: 7d9e7f6dec1cb1dd8b79d72b1366b6cf][Plen Bins: 50,0,0,0,0,0,0,0,0,0,0,0,0,0,0,0,0,0,0,0,0,0,0,0,0,0,0,0,0,0,0,0,0,0,0,0,0,0,50,0,0,0,0,0,0,0,0,0]
	50	UDP [2001:b07:ac9:d5ae:a4d3:fe47:691e:807d]:49270 <-> [2001:bc8:47a4:1c25::1]:4434 [proto: 188/QUIC][cat: Web/5][1 pkts/1294 bytes <-> 1 pkts/85 bytes][Goodput ratio: 95/27][0.04 sec][ALPN: hq-30;h3-30;hq-29;h3-29;hq-28;h3-28;hq-27;h3-27][TLS Supported Versions: TLSv1.3][TLSv1.3][Client: h3.stammw.eu][JA3C: 7d9e7f6dec1cb1dd8b79d72b1366b6cf][Plen Bins: 50,0,0,0,0,0,0,0,0,0,0,0,0,0,0,0,0,0,0,0,0,0,0,0,0,0,0,0,0,0,0,0,0,0,0,0,0,0,50,0,0,0,0,0,0,0,0,0]
	51	UDP [2001:b07:ac9:d5ae:a4d3:fe47:691e:807d]:51185 <-> [2001:bc8:47a4:1c25::1]:4433 [proto: 188/QUIC][cat: Web/5][1 pkts/1294 bytes <-> 1 pkts/85 bytes][Goodput ratio: 95/27][0.03 sec][ALPN: hq-30;h3-30;hq-29;h3-29;hq-28;h3-28;hq-27;h3-27][TLS Supported Versions: TLSv1.3][TLSv1.3][Client: h3.stammw.eu][JA3C: 7d9e7f6dec1cb1dd8b79d72b1366b6cf][Plen Bins: 50,0,0,0,0,0,0,0,0,0,0,0,0,0,0,0,0,0,0,0,0,0,0,0,0,0,0,0,0,0,0,0,0,0,0,0,0,0,50,0,0,0,0,0,0,0,0,0]
	52	UDP [2001:b07:ac9:d5ae:a4d3:fe47:691e:807d]:60346 <-> [2001:bc8:47a4:1c25::1]:443 [proto: 188/QUIC][cat: Web/5][1 pkts/1294 bytes <-> 1 pkts/85 bytes][Goodput ratio: 95/27][0.03 sec][ALPN: hq-30;h3-30;hq-29;h3-29;hq-28;h3-28;hq-27;h3-27][TLS Supported Versions: TLSv1.3][TLSv1.3][Client: h3.stammw.eu][JA3C: 7d9e7f6dec1cb1dd8b79d72b1366b6cf][Plen Bins: 50,0,0,0,0,0,0,0,0,0,0,0,0,0,0,0,0,0,0,0,0,0,0,0,0,0,0,0,0,0,0,0,0,0,0,0,0,0,50,0,0,0,0,0,0,0,0,0]
	53	ICMP 202.238.220.92:0 <-> 192.168.1.128:0 [proto: 81/ICMP][cat: Network/14][2 pkts/1180 bytes <-> 2 pkts/194 bytes][Goodput ratio: 93/56][0.28 sec][Plen Bins: 0,50,0,0,0,0,0,0,0,0,0,0,0,0,0,0,0,50,0,0,0,0,0,0,0,0,0,0,0,0,0,0,0,0,0,0,0,0,0,0,0,0,0,0,0,0,0,0]
	54	UDP 192.168.1.128:34903 <-> 18.189.84.245:443 [proto: 188/QUIC][cat: Web/5][1 pkts/1294 bytes <-> 1 pkts/77 bytes][Goodput ratio: 97/45][0.13 sec][ALPN: hq-30;h3-30;hq-29;h3-29;hq-28;h3-28;hq-27;h3-27][TLS Supported Versions: TLSv1.3][TLSv1.3][Client: fb.mvfst.net][JA3C: 7d9e7f6dec1cb1dd8b79d72b1366b6cf][Plen Bins: 0,50,0,0,0,0,0,0,0,0,0,0,0,0,0,0,0,0,0,0,0,0,0,0,0,0,0,0,0,0,0,0,0,0,0,0,0,0,0,50,0,0,0,0,0,0,0,0]
	55	UDP 192.168.1.128:43475 <-> 18.189.84.245:4433 [proto: 188/QUIC][cat: Web/5][1 pkts/1294 bytes <-> 1 pkts/73 bytes][Goodput ratio: 97/42][0.12 sec][ALPN: hq-30;h3-30;hq-29;h3-29;hq-28;h3-28;hq-27;h3-27][TLS Supported Versions: TLSv1.3][TLSv1.3][Client: fb.mvfst.net][JA3C: 7d9e7f6dec1cb1dd8b79d72b1366b6cf][Plen Bins: 50,0,0,0,0,0,0,0,0,0,0,0,0,0,0,0,0,0,0,0,0,0,0,0,0,0,0,0,0,0,0,0,0,0,0,0,0,0,0,50,0,0,0,0,0,0,0,0]
	56	ICMP 133.242.206.244:0 <-> 192.168.1.128:0 [proto: 81/ICMP][cat: Network/14][2 pkts/1180 bytes <-> 2 pkts/178 bytes][Goodput ratio: 93/53][0.22 sec][Plen Bins: 0,50,0,0,0,0,0,0,0,0,0,0,0,0,0,0,0,50,0,0,0,0,0,0,0,0,0,0,0,0,0,0,0,0,0,0,0,0,0,0,0,0,0,0,0,0,0,0]
	57	UDP 192.168.1.128:41587 -> 131.159.24.198:4433 [proto: 188/QUIC][cat: Web/5][1 pkts/1294 bytes -> 0 pkts/0 bytes][Goodput ratio: 97/0][< 1 sec][ALPN: hq-30;h3-30;hq-29;h3-29;hq-28;h3-28;hq-27;h3-27][TLS Supported Versions: TLSv1.3][TLSv1.3][Client: pandora.cm.in.tum.de][JA3C: 7d9e7f6dec1cb1dd8b79d72b1366b6cf][Plen Bins: 0,0,0,0,0,0,0,0,0,0,0,0,0,0,0,0,0,0,0,0,0,0,0,0,0,0,0,0,0,0,0,0,0,0,0,0,0,0,0,100,0,0,0,0,0,0,0,0]
	58	UDP 192.168.1.128:43735 -> 51.158.105.98:4434 [proto: 188/QUIC][cat: Web/5][1 pkts/1294 bytes -> 0 pkts/0 bytes][Goodput ratio: 97/0][< 1 sec][ALPN: hq-30;h3-30;hq-29;h3-29;hq-28;h3-28;hq-27;h3-27][TLS Supported Versions: TLSv1.3][TLSv1.3][Client: quic.seemann.io][JA3C: 7d9e7f6dec1cb1dd8b79d72b1366b6cf][Plen Bins: 0,0,0,0,0,0,0,0,0,0,0,0,0,0,0,0,0,0,0,0,0,0,0,0,0,0,0,0,0,0,0,0,0,0,0,0,0,0,0,100,0,0,0,0,0,0,0,0]
	59	UDP 192.168.1.128:45250 -> 51.158.105.98:4433 [proto: 188/QUIC][cat: Web/5][1 pkts/1294 bytes -> 0 pkts/0 bytes][Goodput ratio: 97/0][< 1 sec][ALPN: hq-30;h3-30;hq-29;h3-29;hq-28;h3-28;hq-27;h3-27][TLS Supported Versions: TLSv1.3][TLSv1.3][Client: quic.seemann.io][JA3C: 7d9e7f6dec1cb1dd8b79d72b1366b6cf][Plen Bins: 0,0,0,0,0,0,0,0,0,0,0,0,0,0,0,0,0,0,0,0,0,0,0,0,0,0,0,0,0,0,0,0,0,0,0,0,0,0,0,100,0,0,0,0,0,0,0,0]
	60	UDP 192.168.1.128:47010 -> 3.121.242.54:443 [proto: 188/QUIC][cat: Web/5][1 pkts/1294 bytes -> 0 pkts/0 bytes][Goodput ratio: 97/0][< 1 sec][ALPN: hq-30;h3-30;hq-29;h3-29;hq-28;h3-28;hq-27;h3-27][TLS Supported Versions: TLSv1.3][TLSv1.3][Client: ietf.akaquic.com][JA3C: 7d9e7f6dec1cb1dd8b79d72b1366b6cf][Plen Bins: 0,0,0,0,0,0,0,0,0,0,0,0,0,0,0,0,0,0,0,0,0,0,0,0,0,0,0,0,0,0,0,0,0,0,0,0,0,0,0,100,0,0,0,0,0,0,0,0]
	61	UDP 192.168.1.128:48644 -> 131.159.24.198:4434 [proto: 188/QUIC][cat: Web/5][1 pkts/1294 bytes -> 0 pkts/0 bytes][Goodput ratio: 97/0][< 1 sec][ALPN: hq-30;h3-30;hq-29;h3-29;hq-28;h3-28;hq-27;h3-27][TLS Supported Versions: TLSv1.3][TLSv1.3][Client: pandora.cm.in.tum.de][JA3C: 7d9e7f6dec1cb1dd8b79d72b1366b6cf][Plen Bins: 0,0,0,0,0,0,0,0,0,0,0,0,0,0,0,0,0,0,0,0,0,0,0,0,0,0,0,0,0,0,0,0,0,0,0,0,0,0,0,100,0,0,0,0,0,0,0,0]
	62	UDP 192.168.1.128:51887 -> 51.158.105.98:443 [proto: 188/QUIC][cat: Web/5][1 pkts/1294 bytes -> 0 pkts/0 bytes][Goodput ratio: 97/0][< 1 sec][ALPN: hq-30;h3-30;hq-29;h3-29;hq-28;h3-28;hq-27;h3-27][TLS Supported Versions: TLSv1.3][TLSv1.3][Client: quic.seemann.io][JA3C: 7d9e7f6dec1cb1dd8b79d72b1366b6cf][Plen Bins: 0,0,0,0,0,0,0,0,0,0,0,0,0,0,0,0,0,0,0,0,0,0,0,0,0,0,0,0,0,0,0,0,0,0,0,0,0,0,0,100,0,0,0,0,0,0,0,0]
	63	UDP 192.168.1.128:54570 -> 18.189.84.245:4434 [proto: 188/QUIC][cat: Web/5][1 pkts/1294 bytes -> 0 pkts/0 bytes][Goodput ratio: 97/0][< 1 sec][ALPN: hq-30;h3-30;hq-29;h3-29;hq-28;h3-28;hq-27;h3-27][TLS Supported Versions: TLSv1.3][TLSv1.3][Client: fb.mvfst.net][JA3C: 7d9e7f6dec1cb1dd8b79d72b1366b6cf][Plen Bins: 0,0,0,0,0,0,0,0,0,0,0,0,0,0,0,0,0,0,0,0,0,0,0,0,0,0,0,0,0,0,0,0,0,0,0,0,0,0,0,100,0,0,0,0,0,0,0,0]
	64	UDP [2001:b07:ac9:d5ae:a4d3:fe47:691e:807d]:34442 -> [2001:4800:7817:101:be76:4eff:fe04:631d]:443 [proto: 188/QUIC][cat: Web/5][1 pkts/1294 bytes -> 0 pkts/0 bytes][Goodput ratio: 95/0][< 1 sec][ALPN: hq-30;h3-30;hq-29;h3-29;hq-28;h3-28;hq-27;h3-27][TLS Supported Versions: TLSv1.3][TLSv1.3][Client: quic.ogre.com][JA3C: 7d9e7f6dec1cb1dd8b79d72b1366b6cf][Plen Bins: 0,0,0,0,0,0,0,0,0,0,0,0,0,0,0,0,0,0,0,0,0,0,0,0,0,0,0,0,0,0,0,0,0,0,0,0,0,0,100,0,0,0,0,0,0,0,0,0]
	65	UDP [2001:b07:ac9:d5ae:a4d3:fe47:691e:807d]:38689 -> [2001:19f0:5:c21:5400:1ff:fe33:3b96]:4434 [proto: 188/QUIC][cat: Web/5][1 pkts/1294 bytes -> 0 pkts/0 bytes][Goodput ratio: 95/0][< 1 sec][ALPN: hq-30;h3-30;hq-29;h3-29;hq-28;h3-28;hq-27;h3-27][TLS Supported Versions: TLSv1.3][TLSv1.3][Client: quic.tech][JA3C: 7d9e7f6dec1cb1dd8b79d72b1366b6cf][PLAIN TEXT (bSuZ88)][Plen Bins: 0,0,0,0,0,0,0,0,0,0,0,0,0,0,0,0,0,0,0,0,0,0,0,0,0,0,0,0,0,0,0,0,0,0,0,0,0,0,100,0,0,0,0,0,0,0,0,0]
	66	UDP [2001:b07:ac9:d5ae:a4d3:fe47:691e:807d]:39624 -> [2001:19f0:5:c21:5400:1ff:fe33:3b96]:443 [proto: 188/QUIC][cat: Web/5][1 pkts/1294 bytes -> 0 pkts/0 bytes][Goodput ratio: 95/0][< 1 sec][ALPN: hq-30;h3-30;hq-29;h3-29;hq-28;h3-28;hq-27;h3-27][TLS Supported Versions: TLSv1.3][TLSv1.3][Client: quic.tech][JA3C: 7d9e7f6dec1cb1dd8b79d72b1366b6cf][Plen Bins: 0,0,0,0,0,0,0,0,0,0,0,0,0,0,0,0,0,0,0,0,0,0,0,0,0,0,0,0,0,0,0,0,0,0,0,0,0,0,100,0,0,0,0,0,0,0,0,0]
	67	UDP [2001:b07:ac9:d5ae:a4d3:fe47:691e:807d]:43645 -> [2001:19f0:4:34::1]:443 [proto: 188/QUIC][cat: Web/5][1 pkts/1294 bytes -> 0 pkts/0 bytes][Goodput ratio: 95/0][< 1 sec][ALPN: hq-30;h3-30;hq-29;h3-29;hq-28;h3-28;hq-27;h3-27][TLS Supported Versions: TLSv1.3][TLSv1.3][Client: quic.rocks][JA3C: 7d9e7f6dec1cb1dd8b79d72b1366b6cf][Plen Bins: 0,0,0,0,0,0,0,0,0,0,0,0,0,0,0,0,0,0,0,0,0,0,0,0,0,0,0,0,0,0,0,0,0,0,0,0,0,0,100,0,0,0,0,0,0,0,0,0]
	68	UDP [2001:b07:ac9:d5ae:a4d3:fe47:691e:807d]:44243 -> [2001:19f0:4:34::1]:4434 [proto: 188/QUIC][cat: Web/5][1 pkts/1294 bytes -> 0 pkts/0 bytes][Goodput ratio: 95/0][< 1 sec][ALPN: hq-30;h3-30;hq-29;h3-29;hq-28;h3-28;hq-27;h3-27][TLS Supported Versions: TLSv1.3][TLSv1.3][Client: quic.rocks][JA3C: 7d9e7f6dec1cb1dd8b79d72b1366b6cf][Plen Bins: 0,0,0,0,0,0,0,0,0,0,0,0,0,0,0,0,0,0,0,0,0,0,0,0,0,0,0,0,0,0,0,0,0,0,0,0,0,0,100,0,0,0,0,0,0,0,0,0]
	69	UDP [2001:b07:ac9:d5ae:a4d3:fe47:691e:807d]:56073 -> [2604:a880:800:a1::1279:3001]:443 [proto: 188/QUIC][cat: Web/5][1 pkts/1294 bytes -> 0 pkts/0 bytes][Goodput ratio: 95/0][< 1 sec][ALPN: hq-30;h3-30;hq-29;h3-29;hq-28;h3-28;hq-27;h3-27][TLS Supported Versions: TLSv1.3][TLSv1.3][Client: http3-test.litespeedtech.com][JA3C: 7d9e7f6dec1cb1dd8b79d72b1366b6cf][Plen Bins: 0,0,0,0,0,0,0,0,0,0,0,0,0,0,0,0,0,0,0,0,0,0,0,0,0,0,0,0,0,0,0,0,0,0,0,0,0,0,100,0,0,0,0,0,0,0,0,0]
	70	ICMPV6 [2604:a880:800:a1::1279:3001]:0 -> [2001:b07:ac9:d5ae:a4d3:fe47:691e:807d]:0 [proto: 102/ICMPV6][cat: Network/14][1 pkts/1294 bytes -> 0 pkts/0 bytes][Goodput ratio: 95/0][< 1 sec][Plen Bins: 0,0,0,0,0,0,0,0,0,0,0,0,0,0,0,0,0,0,0,0,0,0,0,0,0,0,0,0,0,0,0,0,0,0,0,0,0,0,100,0,0,0,0,0,0,0,0,0]
	71	ICMPV6 [2001:4800:7817:101:be76:4eff:fe04:631d]:0 -> [2001:b07:ac9:d5ae:a4d3:fe47:691e:807d]:0 [proto: 102/ICMPV6][cat: Network/14][1 pkts/1294 bytes -> 0 pkts/0 bytes][Goodput ratio: 95/0][< 1 sec][Plen Bins: 0,0,0,0,0,0,0,0,0,0,0,0,0,0,0,0,0,0,0,0,0,0,0,0,0,0,0,0,0,0,0,0,0,0,0,0,0,0,100,0,0,0,0,0,0,0,0,0]
	72	ICMP 131.159.24.198:0 -> 192.168.1.128:0 [proto: 81/ICMP][cat: Network/14][2 pkts/1180 bytes -> 0 pkts/0 bytes][Goodput ratio: 93/0][0.14 sec][Plen Bins: 0,0,0,0,0,0,0,0,0,0,0,0,0,0,0,0,0,100,0,0,0,0,0,0,0,0,0,0,0,0,0,0,0,0,0,0,0,0,0,0,0,0,0,0,0,0,0,0]
	73	ICMP 3.121.242.54:0 -> 192.168.1.128:0 [proto: 81/ICMP][cat: Network/14][1 pkts/590 bytes -> 0 pkts/0 bytes][Goodput ratio: 93/0][< 1 sec][Plen Bins: 0,0,0,0,0,0,0,0,0,0,0,0,0,0,0,0,0,100,0,0,0,0,0,0,0,0,0,0,0,0,0,0,0,0,0,0,0,0,0,0,0,0,0,0,0,0,0,0]
	74	ICMP 18.189.84.245:0 -> 192.168.1.128:0 [proto: 81/ICMP][cat: Network/14][1 pkts/590 bytes -> 0 pkts/0 bytes][Goodput ratio: 93/0][< 1 sec][Plen Bins: 0,0,0,0,0,0,0,0,0,0,0,0,0,0,0,0,0,100,0,0,0,0,0,0,0,0,0,0,0,0,0,0,0,0,0,0,0,0,0,0,0,0,0,0,0,0,0,0]
	75	ICMP 192.168.1.128:0 -> 140.227.52.92:0 [proto: 81/ICMP][cat: Network/14][3 pkts/267 bytes -> 0 pkts/0 bytes][Goodput ratio: 53/0][0.17 sec][Plen Bins: 0,100,0,0,0,0,0,0,0,0,0,0,0,0,0,0,0,0,0,0,0,0,0,0,0,0,0,0,0,0,0,0,0,0,0,0,0,0,0,0,0,0,0,0,0,0,0,0]
	76	ICMP 192.168.1.128:0 -> 40.112.191.60:0 [proto: 81/ICMP][cat: Network/14][2 pkts/194 bytes -> 0 pkts/0 bytes][Goodput ratio: 56/0][0.14 sec][Plen Bins: 0,100,0,0,0,0,0,0,0,0,0,0,0,0,0,0,0,0,0,0,0,0,0,0,0,0,0,0,0,0,0,0,0,0,0,0,0,0,0,0,0,0,0,0,0,0,0,0]
	77	ICMP 192.168.1.128:0 -> 138.91.188.147:0 [proto: 81/ICMP][cat: Network/14][1 pkts/113 bytes -> 0 pkts/0 bytes][Goodput ratio: 62/0][< 1 sec][Plen Bins: 0,0,100,0,0,0,0,0,0,0,0,0,0,0,0,0,0,0,0,0,0,0,0,0,0,0,0,0,0,0,0,0,0,0,0,0,0,0,0,0,0,0,0,0,0,0,0,0]
