Guessed flow protos:	0

DPI Packets (UDP):	1	(1.00 pkts/flow)
Confidence DPI              : 1 (flows)

QUIC	4	4836	1

JA3 Host Stats: 
		 IP Address                  	 # JA3C     
	1	 192.168.56.1             	 1      


	1	UDP 192.168.56.1:55880 <-> 192.168.56.198:4443 [proto: 188/QUIC][Encrypted][Confidence: DPI][cat: Web/5][1 pkts/1294 bytes <-> 3 pkts/3542 bytes][Goodput ratio: 97/96][0.00 sec][ALPN: h3-34;hq-34;h3-33;hq-33;h3-32;hq-32;h3-31;hq-31;h3-29;hq-29;h3-30;hq-30;h3-28;hq-28;h3-27;hq-27;h3;hq-interop][TLS Supported Versions: TLSv1.3;TLSv1.3 (draft);TLSv1.3 (draft);TLSv1.3 (draft)][Risk: ** Known Protocol on Non Standard Port **** Missing SNI TLS Extension **][Risk Score: 100][TLSv1.3][JA3C: 0299b052ace53a14c3a04aceb5efd247][Plen Bins: 0,0,0,0,0,0,0,0,0,0,0,0,0,0,0,0,0,0,0,0,0,0,25,0,0,0,0,0,0,0,0,0,0,0,0,0,0,0,0,50,0,0,0,0,0,25,0,0]
