Guessed flow protos:	0

DPI Packets (other):	2	(1.00 pkts/flow)
Confidence DPI              : 2 (flows)

SCTP	4	340	2

	1	132 10.28.6.43:0 <-> 10.28.6.44:0 [proto: 84/SCTP][ClearText][Confidence: DPI][cat: Network/14][1 pkts/138 bytes <-> 1 pkts/62 bytes][Goodput ratio: 0/0][< 1 sec][PLAIN TEXT (MEGACO/2 )][Plen Bins: 0,0,0,0,0,0,0,0,0,0,0,0,0,0,0,0,0,0,0,0,0,0,0,0,0,0,0,0,0,0,0,0,0,0,0,0,0,0,0,0,0,0,0,0,0,0,0,0]
	2	132 10.28.6.42:0 <-> 10.28.6.44:0 [proto: 84/SCTP][ClearText][Confidence: DPI][cat: Network/14][1 pkts/70 bytes <-> 1 pkts/70 bytes][Goodput ratio: 0/0][< 1 sec][Plen Bins: 0,0,0,0,0,0,0,0,0,0,0,0,0,0,0,0,0,0,0,0,0,0,0,0,0,0,0,0,0,0,0,0,0,0,0,0,0,0,0,0,0,0,0,0,0,0,0,0]
