Guessed flow protos:	1

DPI Packets (UDP):	60	(2.86 pkts/flow)
DPI Packets (other):	2	(1.00 pkts/flow)
Confidence DPI (cache)      : 2 (flows)
Confidence DPI              : 21 (flows)

ICMP	53	5186	2
GoogleHangoutDuo	40	2720	4
AmazonAWS	174	16834	6
SignalVoip	193	23756	11

	1	UDP 192.168.12.169:43068 <-> 18.195.131.143:61156 [proto: 78.265/STUN.AmazonAWS][ClearText][Confidence: DPI][cat: Cloud/13][48 pkts/4692 bytes <-> 58 pkts/7630 bytes][Goodput ratio: 57/68][12.11 sec][bytes ratio: -0.238 (Download)][IAT c2s/s2c min/avg/max/stddev: 0/0 224/234 1055/1059 250/294][Pkt Len c2s/s2c min/avg/max/stddev: 70/70 98/132 146/306 23/72][Risk: ** Known Protocol on Non Standard Port **][Risk Score: 50][PLAIN TEXT (BrDwrhkDr//9e)][Plen Bins: 26,31,15,15,5,0,0,0,6,0,0,0,0,0,0,0,0,0,0,0,0,0,0,0,0,0,0,0,0,0,0,0,0,0,0,0,0,0,0,0,0,0,0,0,0,0,0,0]
	2	UDP 192.168.12.169:47767 <-> 18.195.131.143:61498 [proto: 78.269/STUN.SignalVoip][ClearText][Confidence: DPI][cat: VoIP/10][18 pkts/1900 bytes <-> 35 pkts/6496 bytes][Goodput ratio: 60/77][2.67 sec][bytes ratio: -0.547 (Download)][IAT c2s/s2c min/avg/max/stddev: 0/0 173/74 665/630 186/150][Pkt Len c2s/s2c min/avg/max/stddev: 70/70 106/186 146/306 26/92][Risk: ** Known Protocol on Non Standard Port **][Risk Score: 50][PLAIN TEXT (80JiLM)][Plen Bins: 13,16,18,18,9,0,0,0,22,0,0,0,0,0,0,0,0,0,0,0,0,0,0,0,0,0,0,0,0,0,0,0,0,0,0,0,0,0,0,0,0,0,0,0,0,0,0,0]
	3	ICMP 35.158.183.167:0 <-> 192.168.12.169:0 [proto: 81/ICMP][ClearText][Confidence: DPI][cat: Network/14][30 pkts/2780 bytes <-> 4 pkts/552 bytes][Goodput ratio: 55/69][51.83 sec][bytes ratio: 0.669 (Upload)][IAT c2s/s2c min/avg/max/stddev: 0/1 906/1 7931/1 2120/0][Pkt Len c2s/s2c min/avg/max/stddev: 90/138 93/138 98/138 4/0][PLAIN TEXT (BJKHNYBG4)][Plen Bins: 0,88,0,11,0,0,0,0,0,0,0,0,0,0,0,0,0,0,0,0,0,0,0,0,0,0,0,0,0,0,0,0,0,0,0,0,0,0,0,0,0,0,0,0,0,0,0,0]
	4	UDP 192.168.12.169:43068 <-> 35.158.183.167:3478 [proto: 78.269/STUN.SignalVoip][ClearText][Confidence: DPI][cat: VoIP/10][13 pkts/1598 bytes <-> 13 pkts/1638 bytes][Goodput ratio: 66/67][31.02 sec][bytes ratio: -0.012 (Mixed)][IAT c2s/s2c min/avg/max/stddev: 1/0 2090/2098 10035/10033 3616/3611][Pkt Len c2s/s2c min/avg/max/stddev: 62/102 123/126 174/190 47/25][PLAIN TEXT (xYXlLJQ)][Plen Bins: 19,15,26,30,7,0,0,0,0,0,0,0,0,0,0,0,0,0,0,0,0,0,0,0,0,0,0,0,0,0,0,0,0,0,0,0,0,0,0,0,0,0,0,0,0,0,0,0]
	5	UDP 192.168.12.169:47767 <-> 35.158.122.211:3478 [proto: 78.269/STUN.SignalVoip][ClearText][Confidence: DPI][cat: VoIP/10][11 pkts/1338 bytes <-> 11 pkts/1354 bytes][Goodput ratio: 65/66][22.74 sec][Hostname/SNI: signal.org][bytes ratio: -0.006 (Mixed)][IAT c2s/s2c min/avg/max/stddev: 1/0 2483/2337 10020/10020 3944/4010][Pkt Len c2s/s2c min/avg/max/stddev: 62/102 122/123 158/190 44/25][PLAIN TEXT (rMfcsrHE)][Plen Bins: 18,18,27,31,4,0,0,0,0,0,0,0,0,0,0,0,0,0,0,0,0,0,0,0,0,0,0,0,0,0,0,0,0,0,0,0,0,0,0,0,0,0,0,0,0,0,0,0]
	6	UDP 192.168.12.169:39950 <-> 35.158.183.167:3478 [proto: 78.269/STUN.SignalVoip][ClearText][Confidence: DPI][cat: VoIP/10][11 pkts/1282 bytes <-> 11 pkts/1290 bytes][Goodput ratio: 64/64][30.98 sec][bytes ratio: -0.003 (Mixed)][IAT c2s/s2c min/avg/max/stddev: 1/0 3757/3735 10023/10021 4493/4510][Pkt Len c2s/s2c min/avg/max/stddev: 62/102 117/117 162/134 48/13][PLAIN TEXT (ovaKDk)][Plen Bins: 22,18,31,27,0,0,0,0,0,0,0,0,0,0,0,0,0,0,0,0,0,0,0,0,0,0,0,0,0,0,0,0,0,0,0,0,0,0,0,0,0,0,0,0,0,0,0,0]
	7	UDP 192.168.12.169:37970 <-> 35.158.122.211:3478 [proto: 78.269/STUN.SignalVoip][ClearText][Confidence: DPI][cat: VoIP/10][10 pkts/1196 bytes <-> 10 pkts/1164 bytes][Goodput ratio: 65/64][22.74 sec][bytes ratio: 0.014 (Mixed)][IAT c2s/s2c min/avg/max/stddev: 1/0 1760/2672 10017/10018 3250/3952][Pkt Len c2s/s2c min/avg/max/stddev: 62/102 120/116 158/134 45/13][PLAIN TEXT (BSFWxqj)][Plen Bins: 20,20,30,30,0,0,0,0,0,0,0,0,0,0,0,0,0,0,0,0,0,0,0,0,0,0,0,0,0,0,0,0,0,0,0,0,0,0,0,0,0,0,0,0,0,0,0,0]
	8	ICMP 35.158.122.211:0 <-> 192.168.12.169:0 [proto: 81/ICMP][ClearText][Confidence: DPI][cat: Network/14][17 pkts/1578 bytes <-> 2 pkts/276 bytes][Goodput ratio: 55/69][22.73 sec][bytes ratio: 0.702 (Upload)][IAT c2s/s2c min/avg/max/stddev: 0/0 1052/0 7992/0 2154/0][Pkt Len c2s/s2c min/avg/max/stddev: 90/138 93/138 98/138 4/0][PLAIN TEXT (braaHWB)][Plen Bins: 0,89,0,10,0,0,0,0,0,0,0,0,0,0,0,0,0,0,0,0,0,0,0,0,0,0,0,0,0,0,0,0,0,0,0,0,0,0,0,0,0,0,0,0,0,0,0,0]
	9	UDP 192.168.12.169:39950 -> 35.158.183.167:443 [proto: 78.265/STUN.AmazonAWS][ClearText][Confidence: DPI (cache)][cat: Cloud/13][16 pkts/1056 bytes -> 0 pkts/0 bytes][Goodput ratio: 36/0][23.80 sec][bytes ratio: 1.000 (Upload)][IAT c2s/s2c min/avg/max/stddev: 37/0 1416/0 7961/0 2721/0][Pkt Len c2s/s2c min/avg/max/stddev: 62/0 66/0 70/0 4/0][Risk: ** Known Protocol on Non Standard Port **][Risk Score: 50][Plen Bins: 100,0,0,0,0,0,0,0,0,0,0,0,0,0,0,0,0,0,0,0,0,0,0,0,0,0,0,0,0,0,0,0,0,0,0,0,0,0,0,0,0,0,0,0,0,0,0,0]
	10	UDP 192.168.12.169:43068 -> 35.158.183.167:443 [proto: 78.265/STUN.AmazonAWS][ClearText][Confidence: DPI (cache)][cat: Cloud/13][16 pkts/1056 bytes -> 0 pkts/0 bytes][Goodput ratio: 36/0][23.82 sec][bytes ratio: 1.000 (Upload)][IAT c2s/s2c min/avg/max/stddev: 60/0 1419/0 7937/0 2708/0][Pkt Len c2s/s2c min/avg/max/stddev: 62/0 66/0 70/0 4/0][Risk: ** Known Protocol on Non Standard Port **][Risk Score: 50][Plen Bins: 100,0,0,0,0,0,0,0,0,0,0,0,0,0,0,0,0,0,0,0,0,0,0,0,0,0,0,0,0,0,0,0,0,0,0,0,0,0,0,0,0,0,0,0,0,0,0,0]
	11	UDP 192.168.12.169:39518 <-> 35.158.183.167:3478 [proto: 78.269/STUN.SignalVoip][ClearText][Confidence: DPI][cat: VoIP/10][4 pkts/448 bytes <-> 4 pkts/504 bytes][Goodput ratio: 62/67][4.85 sec][Hostname/SNI: signal.org][bytes ratio: -0.059 (Mixed)][IAT c2s/s2c min/avg/max/stddev: 23/30 1612/1611 4762/4754 2228/2222][Pkt Len c2s/s2c min/avg/max/stddev: 62/110 112/126 158/134 46/10][PLAIN TEXT (GBLsrHn)][Plen Bins: 25,0,50,25,0,0,0,0,0,0,0,0,0,0,0,0,0,0,0,0,0,0,0,0,0,0,0,0,0,0,0,0,0,0,0,0,0,0,0,0,0,0,0,0,0,0,0,0]
	12	UDP 192.168.12.169:47204 <-> 35.158.183.167:3478 [proto: 78.269/STUN.SignalVoip][ClearText][Confidence: DPI][cat: VoIP/10][4 pkts/448 bytes <-> 4 pkts/504 bytes][Goodput ratio: 62/67][4.85 sec][bytes ratio: -0.059 (Mixed)][IAT c2s/s2c min/avg/max/stddev: 41/42 1612/1612 4721/4721 2198/2199][Pkt Len c2s/s2c min/avg/max/stddev: 62/110 112/126 158/134 46/10][PLAIN TEXT (nYAy610)][Plen Bins: 25,0,50,25,0,0,0,0,0,0,0,0,0,0,0,0,0,0,0,0,0,0,0,0,0,0,0,0,0,0,0,0,0,0,0,0,0,0,0,0,0,0,0,0,0,0,0,0]
	13	UDP 192.168.12.169:37970 -> 35.158.122.211:443 [proto: 78.265/STUN.AmazonAWS][ClearText][Confidence: DPI][cat: Cloud/13][14 pkts/924 bytes -> 0 pkts/0 bytes][Goodput ratio: 36/0][15.78 sec][bytes ratio: 1.000 (Upload)][IAT c2s/s2c min/avg/max/stddev: 0/0 984/0 7992/0 2186/0][Pkt Len c2s/s2c min/avg/max/stddev: 62/0 66/0 70/0 4/0][Risk: ** Known Protocol on Non Standard Port **][Risk Score: 50][PLAIN TEXT (braaHWB)][Plen Bins: 100,0,0,0,0,0,0,0,0,0,0,0,0,0,0,0,0,0,0,0,0,0,0,0,0,0,0,0,0,0,0,0,0,0,0,0,0,0,0,0,0,0,0,0,0,0,0,0]
	14	UDP 192.168.12.169:47767 -> 35.158.122.211:443 [proto: 78.269/STUN.SignalVoip][ClearText][Confidence: DPI][cat: VoIP/10][14 pkts/924 bytes -> 0 pkts/0 bytes][Goodput ratio: 36/0][15.78 sec][bytes ratio: 1.000 (Upload)][IAT c2s/s2c min/avg/max/stddev: 0/0 982/0 8022/0 2200/0][Pkt Len c2s/s2c min/avg/max/stddev: 62/0 66/0 70/0 4/0][Risk: ** Known Protocol on Non Standard Port **][Risk Score: 50][PLAIN TEXT (BtotYst)][Plen Bins: 100,0,0,0,0,0,0,0,0,0,0,0,0,0,0,0,0,0,0,0,0,0,0,0,0,0,0,0,0,0,0,0,0,0,0,0,0,0,0,0,0,0,0,0,0,0,0,0]
	15	UDP 192.168.12.169:37970 <-> 172.253.121.127:19302 [proto: 78.201/STUN.GoogleHangoutDuo][ClearText][Confidence: DPI][cat: VoIP/10][6 pkts/372 bytes <-> 6 pkts/444 bytes][Goodput ratio: 32/43][21.39 sec][bytes ratio: -0.088 (Mixed)][IAT c2s/s2c min/avg/max/stddev: 250/250 4201/2720 10126/10103 4828/4263][Pkt Len c2s/s2c min/avg/max/stddev: 62/74 62/74 62/74 0/0][Risk: ** Known Protocol on Non Standard Port **][Risk Score: 50][PLAIN TEXT (BNEmtWH)][Plen Bins: 50,50,0,0,0,0,0,0,0,0,0,0,0,0,0,0,0,0,0,0,0,0,0,0,0,0,0,0,0,0,0,0,0,0,0,0,0,0,0,0,0,0,0,0,0,0,0,0]
	16	UDP 192.168.12.169:39950 <-> 172.253.121.127:19302 [proto: 78.201/STUN.GoogleHangoutDuo][ClearText][Confidence: DPI][cat: VoIP/10][6 pkts/372 bytes <-> 6 pkts/444 bytes][Goodput ratio: 32/43][21.40 sec][bytes ratio: -0.088 (Mixed)][IAT c2s/s2c min/avg/max/stddev: 248/248 4203/2720 10135/10132 4842/4279][Pkt Len c2s/s2c min/avg/max/stddev: 62/74 62/74 62/74 0/0][Risk: ** Known Protocol on Non Standard Port **][Risk Score: 50][PLAIN TEXT (quISgYTP)][Plen Bins: 50,50,0,0,0,0,0,0,0,0,0,0,0,0,0,0,0,0,0,0,0,0,0,0,0,0,0,0,0,0,0,0,0,0,0,0,0,0,0,0,0,0,0,0,0,0,0,0]
	17	UDP 192.168.12.169:43068 <-> 172.253.121.127:19302 [proto: 78.265/STUN.AmazonAWS][ClearText][Confidence: DPI][cat: Cloud/13][6 pkts/372 bytes <-> 6 pkts/444 bytes][Goodput ratio: 32/43][21.38 sec][bytes ratio: -0.088 (Mixed)][IAT c2s/s2c min/avg/max/stddev: 250/249 4201/2720 10128/10128 4837/4277][Pkt Len c2s/s2c min/avg/max/stddev: 62/74 62/74 62/74 0/0][Risk: ** Known Protocol on Non Standard Port **][Risk Score: 50][PLAIN TEXT (BnDbEJB)][Plen Bins: 50,50,0,0,0,0,0,0,0,0,0,0,0,0,0,0,0,0,0,0,0,0,0,0,0,0,0,0,0,0,0,0,0,0,0,0,0,0,0,0,0,0,0,0,0,0,0,0]
	18	UDP 192.168.12.169:47767 <-> 172.253.121.127:19302 [proto: 78.201/STUN.GoogleHangoutDuo][ClearText][Confidence: DPI][cat: VoIP/10][6 pkts/372 bytes <-> 6 pkts/444 bytes][Goodput ratio: 32/43][21.39 sec][bytes ratio: -0.088 (Mixed)][IAT c2s/s2c min/avg/max/stddev: 249/250 4202/2720 10130/10105 4830/4264][Pkt Len c2s/s2c min/avg/max/stddev: 62/74 62/74 62/74 0/0][Risk: ** Known Protocol on Non Standard Port **][Risk Score: 50][PLAIN TEXT (lbMRpRo)][Plen Bins: 50,50,0,0,0,0,0,0,0,0,0,0,0,0,0,0,0,0,0,0,0,0,0,0,0,0,0,0,0,0,0,0,0,0,0,0,0,0,0,0,0,0,0,0,0,0,0,0]
	19	UDP 192.168.12.169:47767 <-> 18.195.131.143:54054 [proto: 78.269/STUN.SignalVoip][ClearText][Confidence: DPI][cat: VoIP/10][3 pkts/390 bytes <-> 3 pkts/350 bytes][Goodput ratio: 68/64][0.18 sec][bytes ratio: 0.054 (Mixed)][IAT c2s/s2c min/avg/max/stddev: 6/4 48/52 90/101 42/48][Pkt Len c2s/s2c min/avg/max/stddev: 106/106 130/117 146/138 17/15][Risk: ** Known Protocol on Non Standard Port **][Risk Score: 50][PLAIN TEXT (JUrAzE1)][Plen Bins: 0,0,50,50,0,0,0,0,0,0,0,0,0,0,0,0,0,0,0,0,0,0,0,0,0,0,0,0,0,0,0,0,0,0,0,0,0,0,0,0,0,0,0,0,0,0,0,0]
	20	UDP 192.168.12.169:39518 -> 35.158.183.167:443 [proto: 78.269/STUN.SignalVoip][ClearText][Confidence: DPI][cat: VoIP/10][10 pkts/660 bytes -> 0 pkts/0 bytes][Goodput ratio: 36/0][3.82 sec][bytes ratio: 1.000 (Upload)][IAT c2s/s2c min/avg/max/stddev: 64/0 424/0 1928/0 598/0][Pkt Len c2s/s2c min/avg/max/stddev: 62/0 66/0 70/0 4/0][Risk: ** Known Protocol on Non Standard Port **][Risk Score: 50][PLAIN TEXT (BJKHNYBG4)][Plen Bins: 100,0,0,0,0,0,0,0,0,0,0,0,0,0,0,0,0,0,0,0,0,0,0,0,0,0,0,0,0,0,0,0,0,0,0,0,0,0,0,0,0,0,0,0,0,0,0,0]
	21	UDP 192.168.12.169:47204 -> 35.158.183.167:443 [proto: 78.265/STUN.AmazonAWS][ClearText][Confidence: DPI][cat: Cloud/13][10 pkts/660 bytes -> 0 pkts/0 bytes][Goodput ratio: 36/0][3.82 sec][bytes ratio: 1.000 (Upload)][IAT c2s/s2c min/avg/max/stddev: 63/0 424/0 1928/0 597/0][Pkt Len c2s/s2c min/avg/max/stddev: 62/0 66/0 70/0 4/0][Risk: ** Known Protocol on Non Standard Port **][Risk Score: 50][Plen Bins: 100,0,0,0,0,0,0,0,0,0,0,0,0,0,0,0,0,0,0,0,0,0,0,0,0,0,0,0,0,0,0,0,0,0,0,0,0,0,0,0,0,0,0,0,0,0,0,0]
	22	UDP 192.168.12.169:39518 <-> 172.253.121.127:19302 [proto: 78.269/STUN.SignalVoip][ClearText][Confidence: DPI][cat: VoIP/10][2 pkts/124 bytes <-> 2 pkts/148 bytes][Goodput ratio: 32/43][0.62 sec][Risk: ** Known Protocol on Non Standard Port **][Risk Score: 50][Plen Bins: 50,50,0,0,0,0,0,0,0,0,0,0,0,0,0,0,0,0,0,0,0,0,0,0,0,0,0,0,0,0,0,0,0,0,0,0,0,0,0,0,0,0,0,0,0,0,0,0]
	23	UDP 192.168.12.169:47204 <-> 172.253.121.127:19302 [proto: 78.201/STUN.GoogleHangoutDuo][ClearText][Confidence: DPI][cat: VoIP/10][2 pkts/124 bytes <-> 2 pkts/148 bytes][Goodput ratio: 32/43][0.63 sec][Plen Bins: 50,50,0,0,0,0,0,0,0,0,0,0,0,0,0,0,0,0,0,0,0,0,0,0,0,0,0,0,0,0,0,0,0,0,0,0,0,0,0,0,0,0,0,0,0,0,0,0]
