Guessed flow protos:	0

DPI Packets (TCP):	11	(11.00 pkts/flow)
Confidence DPI              : 1 (flows)

TLS	48	22229	1

JA3 Host Stats: 
		 IP Address                  	 # JA3C     
	1	 192.168.1.160            	 1      


	1	TCP 192.168.1.160:54804 <-> 151.101.66.49:443 [proto: 91/TLS][Encrypted][Confidence: DPI][cat: Media/1][24 pkts/2404 bytes <-> 24 pkts/19825 bytes][Goodput ratio: 35/92][0.09 sec][Hostname/SNI: feodotracker.abuse.ch][ALPN: http/1.1][bytes ratio: -0.784 (Download)][IAT c2s/s2c min/avg/max/stddev: 0/0 4/4 15/21 5/7][Pkt Len c2s/s2c min/avg/max/stddev: 54/66 100/826 583/1434 109/662][TLSv1.2][JA3C: 2a26b1a62e40d25d4de3babc9d532f30][ServerNames: p2.shared.global.fastly.net,*.12wbt.com,*.2bleacherreport.com,*.3bleacherreport.com,*.4bleacherreport.com,*.8bleacherreport.com,*.abuse.ch,*.acdn-it.ps-pantheon.com,*.cdn.livingmap.com,*.content.plastiq.com,*.dimensions.ai,*.dollarshaveclub.co.uk,*.dollarshaveclub.com,*.dontpayfull.com,*.ebisubook.com,*.foreignaffairs.com,*.fs.jibjab.com,*.fs.unitprints.com,*.ggleap.com,*.goodeggs.com,*.huevosbuenos.com,*.indy.myomnigon.com,*.jwatch.org,*.kingsfordcharcoal.com.au,*.lancenters.com,*.madebywe.com,*.minirodini.com,*.modcloth.net,*.orionlabs.io,*.ps-pantheon.com,*.scodle.com,*.steelseries.com,*.theforeman.org,*.uploads.eversign.com,*.uploads.schoox.com,*.vts.com,*.x.stg1.ebisubook.com,*.yang2020.com,12wbt.com,2bleacherreport.com,3bleacherreport.com,4bleacherreport.com,8bleacherreport.com,abuse.ch,brita.com,cdn.fwupd.org,cdn.livingmap.com,cdn.seated.com,cdn.skillacademy.com,clinicaloptions.com,clorox.com,content-preprod.beaverbrooksweb2.co.uk,content.beaverbrooks.co.uk,content.plastiq.com,coolmathgames.com,copterroyale.coolmathgames.com,d8-dev.coolmathgames.com,deflyio.coolmathgames.com,delivery-api.evadacms.com,dimensions.ai,dollarshaveclub.co.uk,dollarshaveclub.com,dontpayfull.com,eluniverso.com,email.amg-group.co,email.tekoforlife.co.uk,feedmarket.fr,freshstep.com,ggleap.com,goodeggs.com,heap.io,huevosbuenos.com,identity.linuxfoundation.org,joebiden.com,jwatch.org,kingsford.co.nz,kingsfordcharcoal.com.au,lancenters.com,lists.linuxfoundation.org,m-stage.coolmathgames.com,m.coolmathgames.com,madebywe.com,minirodini.com,modcloth.net,orionlabs.io,puritanmedproducts.com,reviews.org,rg-video-staging.ruangguru.com,rg-video.ruangguru.com,ruangguru.com,scodle.com,stage.coolmathgames.com,staging.appblade.com,steelseries.com,stg.platform.eluniverso.com,test.brita.com,test.heap.io,test.joebiden.com,test.ruangguru.com,theforeman.org,video-cdn.quipper.com,videos.calcworkshop.com,vts.com,www.101network.com,www.autos101.com,www.brita.com,www.clorox.com,www.collider.com,www.coolmathgames.com,www.eluniverso.com,www.flinto.com,www.freshstep.com,www.heap.io,www.holagente.com,www.icsydney.com.au,www.joebiden.com,www.kingsford.co.nz,www.mrnatty.com,www.myjewellerystory.com.au,www.myjs.com,www.netacea.com,www.parenting101.com,www.puritanmedproducts.com,www.reviews.org,www.sba.sa,www.shashatcom.sa,www.uat.ontariocolleges.ca,www.vacation101.com,www.walterspeople.co.uk,www.westwayelectricsupply.com][JA3S: ae53107a2e47ea20c72ac44821a728bf][Issuer: C=BE, O=GlobalSign nv-sa, CN=GlobalSign CloudSSL CA - SHA256 - G3][Subject: C=US, ST=California, L=San Francisco, O=Fastly, Inc., CN=p2.shared.global.fastly.net][Certificate SHA-1: E9:34:DF:E0:C5:31:3C:59:7E:E2:57:44:F2:82:E9:80:F5:5D:05:4B][Firefox][Validity: 2019-11-19 01:31:22 - 2020-08-29 17:19:32][Cipher: TLS_ECDHE_RSA_WITH_AES_128_GCM_SHA256][Plen Bins: 12,16,0,4,0,4,4,0,0,0,0,0,0,0,0,0,4,0,0,0,0,0,0,0,0,0,0,0,0,0,0,0,0,0,0,0,0,0,0,0,0,0,55,0,0,0,0,0]
