Guessed flow protos:	2

DPI Packets (UDP):	14	(7.00 pkts/flow)
Confidence Match by port    : 2 (flows)

WSD	14	9912	2

	1	UDP [fe80::3441:3d24:6d30:a807]:58932 -> [ff02::c]:3702 [proto: 153/WSD][ClearText][Confidence: Match by port][cat: Network/14][7 pkts/5026 bytes -> 0 pkts/0 bytes][Goodput ratio: 91/0][5.63 sec][bytes ratio: 1.000 (Upload)][IAT c2s/s2c min/avg/max/stddev: 118/0 938/0 2000/0 752/0][Pkt Len c2s/s2c min/avg/max/stddev: 718/0 718/0 718/0 0/0][PLAIN TEXT (xml version)][Plen Bins: 0,0,0,0,0,0,0,0,0,0,0,0,0,0,0,0,0,0,0,0,100,0,0,0,0,0,0,0,0,0,0,0,0,0,0,0,0,0,0,0,0,0,0,0,0,0,0,0]
	2	UDP 192.168.61.66:58931 -> 239.255.255.250:3702 [proto: 153/WSD][ClearText][Confidence: Match by port][cat: Network/14][7 pkts/4886 bytes -> 0 pkts/0 bytes][Goodput ratio: 94/0][6.64 sec][bytes ratio: 1.000 (Upload)][IAT c2s/s2c min/avg/max/stddev: 179/0 1107/0 2004/0 740/0][Pkt Len c2s/s2c min/avg/max/stddev: 698/0 698/0 698/0 0/0][PLAIN TEXT (xml version)][Plen Bins: 0,0,0,0,0,0,0,0,0,0,0,0,0,0,0,0,0,0,0,0,100,0,0,0,0,0,0,0,0,0,0,0,0,0,0,0,0,0,0,0,0,0,0,0,0,0,0,0]
