Guessed flow protos:	0

DPI Packets (TCP):	1	(1.00 pkts/flow)
Confidence DPI              : 1 (flows)

WebSocket	5	441	1

	1	TCP 192.168.43.135:12345 <-> 192.168.43.1:50999 [proto: 251/WebSocket][ClearText][Confidence: DPI][cat: Web/5][3 pkts/294 bytes <-> 2 pkts/147 bytes][Goodput ratio: 45/26][77.63 sec][PLAIN TEXT (Welcome)][Plen Bins: 60,40,0,0,0,0,0,0,0,0,0,0,0,0,0,0,0,0,0,0,0,0,0,0,0,0,0,0,0,0,0,0,0,0,0,0,0,0,0,0,0,0,0,0,0,0,0,0]
