Guessed flow protos:	7

DPI Packets (TCP):	135	(9.64 pkts/flow)
DPI Packets (UDP):	25	(1.47 pkts/flow)
DPI Packets (other):	2	(1.00 pkts/flow)
Confidence Match by port    : 1 (flows)
Confidence Match by IP      : 3 (flows)
Confidence DPI              : 29 (flows)

DNS	2	205	1
MDNS	1	87	1
NetBIOS	3	330	1
SSDP	1	168	1
DHCP	1	321	1
ntop	20	4265	1
IMAPS	2	226	1
ICMP	3	210	2
Google	22	7791	2
Spotify	1	86	1
Zoom	635	354005	19
GoogleServices	4	1060	1
AmazonAWS	2	114	1

JA3 Host Stats: 
		 IP Address                  	 # JA3C     
	1	 192.168.1.117            	 4      


	1	UDP 192.168.1.117:58327 <-> 109.94.160.99:8801 [proto: 189/Zoom][Encrypted][Confidence: DPI][cat: Video/26][10 pkts/7806 bytes <-> 175 pkts/184434 bytes][Goodput ratio: 95/96][1.44 sec][bytes ratio: -0.919 (Download)][IAT c2s/s2c min/avg/max/stddev: 0/0 14/8 32/35 11/5][Pkt Len c2s/s2c min/avg/max/stddev: 55/60 781/1054 1071/1071 444/129][PLAIN TEXT (replace)][Plen Bins: 1,1,0,0,0,0,0,0,0,0,0,0,0,0,0,0,0,0,0,0,0,0,0,0,0,0,0,0,0,0,0,0,97,0,0,0,0,0,0,0,0,0,0,0,0,0,0,0]
	2	TCP 192.168.1.117:54871 <-> 109.94.160.99:443 [proto: 91.189/TLS.Zoom][Encrypted][Confidence: DPI][cat: Video/26][127 pkts/54118 bytes <-> 83 pkts/17526 bytes][Goodput ratio: 84/69][2.00 sec][Hostname/SNI: zoomfrn99mmr.zoom.us][bytes ratio: 0.511 (Upload)][IAT c2s/s2c min/avg/max/stddev: 0/0 17/9 950/156 93/24][Pkt Len c2s/s2c min/avg/max/stddev: 66/66 426/211 1506/1506 458/364][Risk: ** TLS (probably) Not Carrying HTTPS **][Risk Score: 10][TLSv1.2][JA3C: c51de225944b7d58d48c0f99f86ba8e6][ServerNames: *.zoom.us,zoom.us][JA3S: ada793d0f02b028a6c840504edccb652][Issuer: C=US, ST=Arizona, L=Scottsdale, O=GoDaddy.com, Inc., OU=http://certs.godaddy.com/repository/, CN=Go Daddy Secure Certificate Authority - G2][Subject: OU=Domain Control Validated, CN=*.zoom.us][Certificate SHA-1: F7:5A:83:A8:77:24:55:D7:6D:2E:93:F6:6E:9C:C9:7E:AD:9B:3B:E8][Firefox][Validity: 2019-03-25 19:38:42 - 2021-03-25 19:38:42][Cipher: TLS_ECDHE_RSA_WITH_AES_128_GCM_SHA256][Plen Bins: 0,20,12,4,2,6,3,2,2,2,4,5,10,1,0,0,1,0,0,1,2,0,0,0,0,0,0,0,0,0,0,0,0,0,0,0,0,0,0,0,0,0,0,0,0,17,0,0]
	3	TCP 192.168.1.117:54866 <-> 52.202.62.236:443 [proto: 91.189/TLS.Zoom][Encrypted][Confidence: DPI][cat: Video/26][16 pkts/3097 bytes <-> 17 pkts/18622 bytes][Goodput ratio: 71/95][0.61 sec][Hostname/SNI: www3.zoom.us][ALPN: http/1.1][bytes ratio: -0.715 (Download)][IAT c2s/s2c min/avg/max/stddev: 0/0 32/28 114/143 47/51][Pkt Len c2s/s2c min/avg/max/stddev: 54/60 194/1095 864/1506 265/618][TLSv1.2][JA3C: 535aca3d99fc247509cd50933cd71d37][ServerNames: *.zoom.us,zoom.us][JA3S: 3c30f2c064a3aed8cd95de8d68c726a6][Issuer: C=US, ST=Arizona, L=Scottsdale, O=GoDaddy.com, Inc., OU=http://certs.godaddy.com/repository/, CN=Go Daddy Secure Certificate Authority - G2][Subject: OU=Domain Control Validated, CN=*.zoom.us][Certificate SHA-1: F7:5A:83:A8:77:24:55:D7:6D:2E:93:F6:6E:9C:C9:7E:AD:9B:3B:E8][Firefox][Validity: 2019-03-25 19:38:42 - 2021-03-25 19:38:42][Cipher: TLS_ECDHE_RSA_WITH_AES_128_GCM_SHA256][Plen Bins: 0,5,0,0,0,5,0,0,0,0,0,0,5,0,0,0,5,0,0,0,0,5,0,0,0,5,0,0,0,0,0,0,0,0,0,0,0,0,0,5,0,0,0,0,0,63,0,0]
	4	TCP 192.168.1.117:54865 <-> 52.202.62.196:443 [proto: 91.189/TLS.Zoom][Encrypted][Confidence: DPI][cat: Video/26][15 pkts/2448 bytes <-> 15 pkts/16505 bytes][Goodput ratio: 66/95][0.50 sec][Hostname/SNI: zoom.us][ALPN: http/1.1][bytes ratio: -0.742 (Download)][IAT c2s/s2c min/avg/max/stddev: 0/0 31/22 112/136 46/46][Pkt Len c2s/s2c min/avg/max/stddev: 54/60 163/1100 687/1506 200/623][TLSv1.2][JA3C: 535aca3d99fc247509cd50933cd71d37][ServerNames: *.zoom.us,zoom.us][JA3S: 3c30f2c064a3aed8cd95de8d68c726a6][Issuer: C=US, ST=Arizona, L=Scottsdale, O=GoDaddy.com, Inc., OU=http://certs.godaddy.com/repository/, CN=Go Daddy Secure Certificate Authority - G2][Subject: OU=Domain Control Validated, CN=*.zoom.us][Certificate SHA-1: F7:5A:83:A8:77:24:55:D7:6D:2E:93:F6:6E:9C:C9:7E:AD:9B:3B:E8][Firefox][Validity: 2019-03-25 19:38:42 - 2021-03-25 19:38:42][Cipher: TLS_ECDHE_RSA_WITH_AES_128_GCM_SHA256][Plen Bins: 0,6,0,0,0,6,0,0,6,0,0,0,0,0,0,0,6,0,0,6,0,0,0,0,0,0,0,0,0,0,0,0,0,0,0,0,0,0,0,6,6,0,0,0,0,57,0,0]
	5	TCP 192.168.1.117:54868 <-> 213.19.144.104:443 [proto: 91.189/TLS.Zoom][Encrypted][Confidence: DPI][cat: Video/26][17 pkts/2534 bytes <-> 13 pkts/7180 bytes][Goodput ratio: 56/88][0.41 sec][Hostname/SNI: zoomam104zc.zoom.us][bytes ratio: -0.478 (Download)][IAT c2s/s2c min/avg/max/stddev: 0/0 28/41 87/168 27/61][Pkt Len c2s/s2c min/avg/max/stddev: 54/60 149/552 642/1506 175/612][Risk: ** TLS (probably) Not Carrying HTTPS **][Risk Score: 10][TLSv1.2][JA3C: c51de225944b7d58d48c0f99f86ba8e6][ServerNames: *.zoom.us,zoom.us][JA3S: ada793d0f02b028a6c840504edccb652][Issuer: C=US, ST=Arizona, L=Scottsdale, O=GoDaddy.com, Inc., OU=http://certs.godaddy.com/repository/, CN=Go Daddy Secure Certificate Authority - G2][Subject: OU=Domain Control Validated, CN=*.zoom.us][Certificate SHA-1: F7:5A:83:A8:77:24:55:D7:6D:2E:93:F6:6E:9C:C9:7E:AD:9B:3B:E8][Firefox][Validity: 2019-03-25 19:38:42 - 2021-03-25 19:38:42][Cipher: TLS_ECDHE_RSA_WITH_AES_128_GCM_SHA256][Plen Bins: 21,6,6,6,6,0,0,6,0,0,0,0,0,6,0,0,6,0,6,0,0,0,0,0,0,0,0,0,0,0,0,0,0,0,0,0,0,0,6,0,0,0,0,0,0,21,0,0]
	6	TCP 192.168.1.117:54869 <-> 213.244.140.85:443 [proto: 91.189/TLS.Zoom][Encrypted][Confidence: DPI][cat: Video/26][16 pkts/2480 bytes <-> 13 pkts/7182 bytes][Goodput ratio: 57/88][0.39 sec][Hostname/SNI: zoomfr85zc.zoom.us][bytes ratio: -0.487 (Download)][IAT c2s/s2c min/avg/max/stddev: 0/0 27/41 202/224 52/72][Pkt Len c2s/s2c min/avg/max/stddev: 54/60 155/552 642/1506 178/612][Risk: ** TLS (probably) Not Carrying HTTPS **][Risk Score: 10][TLSv1.2][JA3C: c51de225944b7d58d48c0f99f86ba8e6][ServerNames: *.zoom.us,zoom.us][JA3S: ada793d0f02b028a6c840504edccb652][Issuer: C=US, ST=Arizona, L=Scottsdale, O=GoDaddy.com, Inc., OU=http://certs.godaddy.com/repository/, CN=Go Daddy Secure Certificate Authority - G2][Subject: OU=Domain Control Validated, CN=*.zoom.us][Certificate SHA-1: F7:5A:83:A8:77:24:55:D7:6D:2E:93:F6:6E:9C:C9:7E:AD:9B:3B:E8][Firefox][Validity: 2019-03-25 19:38:42 - 2021-03-25 19:38:42][Cipher: TLS_ECDHE_RSA_WITH_AES_128_GCM_SHA256][Plen Bins: 21,6,6,6,6,0,0,6,0,0,0,0,0,6,0,0,6,0,6,0,0,0,0,0,0,0,0,0,0,0,0,0,0,0,0,0,0,0,6,0,0,0,0,0,0,21,0,0]
	7	TCP 192.168.1.117:54867 <-> 213.19.144.105:443 [proto: 91.189/TLS.Zoom][Encrypted][Confidence: DPI][cat: Video/26][16 pkts/2468 bytes <-> 13 pkts/7188 bytes][Goodput ratio: 58/88][0.42 sec][Hostname/SNI: zoomam105zc.zoom.us][bytes ratio: -0.489 (Download)][IAT c2s/s2c min/avg/max/stddev: 0/0 30/43 147/178 40/63][Pkt Len c2s/s2c min/avg/max/stddev: 54/60 154/553 642/1506 179/612][Risk: ** TLS (probably) Not Carrying HTTPS **][Risk Score: 10][TLSv1.2][JA3C: c51de225944b7d58d48c0f99f86ba8e6][ServerNames: *.zoom.us,zoom.us][JA3S: ada793d0f02b028a6c840504edccb652][Issuer: C=US, ST=Arizona, L=Scottsdale, O=GoDaddy.com, Inc., OU=http://certs.godaddy.com/repository/, CN=Go Daddy Secure Certificate Authority - G2][Subject: OU=Domain Control Validated, CN=*.zoom.us][Certificate SHA-1: F7:5A:83:A8:77:24:55:D7:6D:2E:93:F6:6E:9C:C9:7E:AD:9B:3B:E8][Firefox][Validity: 2019-03-25 19:38:42 - 2021-03-25 19:38:42][Cipher: TLS_ECDHE_RSA_WITH_AES_128_GCM_SHA256][Plen Bins: 21,6,6,6,6,0,0,6,0,0,0,0,0,6,0,0,6,0,6,0,0,0,0,0,0,0,0,0,0,0,0,0,0,0,0,0,0,0,6,0,0,0,0,0,0,21,0,0]
	8	TCP 192.168.1.117:54870 <-> 213.244.140.84:443 [proto: 91.189/TLS.Zoom][Encrypted][Confidence: DPI][cat: Video/26][16 pkts/1832 bytes <-> 12 pkts/6702 bytes][Goodput ratio: 44/88][0.38 sec][Hostname/SNI: zoomfr84zc.zoom.us][bytes ratio: -0.571 (Download)][IAT c2s/s2c min/avg/max/stddev: 0/0 28/40 187/280 49/91][Pkt Len c2s/s2c min/avg/max/stddev: 54/66 114/558 583/1506 129/636][Risk: ** TLS (probably) Not Carrying HTTPS **][Risk Score: 10][TLSv1.2][JA3C: c51de225944b7d58d48c0f99f86ba8e6][ServerNames: *.zoom.us,zoom.us][JA3S: ada793d0f02b028a6c840504edccb652][Issuer: C=US, ST=Arizona, L=Scottsdale, O=GoDaddy.com, Inc., OU=http://certs.godaddy.com/repository/, CN=Go Daddy Secure Certificate Authority - G2][Subject: OU=Domain Control Validated, CN=*.zoom.us][Certificate SHA-1: F7:5A:83:A8:77:24:55:D7:6D:2E:93:F6:6E:9C:C9:7E:AD:9B:3B:E8][Firefox][Validity: 2019-03-25 19:38:42 - 2021-03-25 19:38:42][Cipher: TLS_ECDHE_RSA_WITH_AES_128_GCM_SHA256][Plen Bins: 25,0,8,8,8,0,0,8,0,0,0,0,0,0,0,0,8,0,0,0,0,0,0,0,0,0,0,0,0,0,0,0,0,0,0,0,0,0,8,0,0,0,0,0,0,25,0,0]
	9	TCP 192.168.1.117:54864 <-> 52.202.62.238:443 [proto: 91.189/TLS.Zoom][Encrypted][Confidence: DPI][cat: Video/26][10 pkts/2030 bytes <-> 8 pkts/6283 bytes][Goodput ratio: 72/93][0.47 sec][Hostname/SNI: log.zoom.us][ALPN: http/1.1][bytes ratio: -0.512 (Download)][IAT c2s/s2c min/avg/max/stddev: 2/0 58/40 110/131 50/57][Pkt Len c2s/s2c min/avg/max/stddev: 54/60 203/785 812/1506 256/675][TLSv1.2][JA3C: 535aca3d99fc247509cd50933cd71d37][ServerNames: *.zoom.us,zoom.us][JA3S: 3c30f2c064a3aed8cd95de8d68c726a6][Issuer: C=US, ST=Arizona, L=Scottsdale, O=GoDaddy.com, Inc., OU=http://certs.godaddy.com/repository/, CN=Go Daddy Secure Certificate Authority - G2][Subject: OU=Domain Control Validated, CN=*.zoom.us][Certificate SHA-1: F7:5A:83:A8:77:24:55:D7:6D:2E:93:F6:6E:9C:C9:7E:AD:9B:3B:E8][Firefox][Validity: 2019-03-25 19:38:42 - 2021-03-25 19:38:42][Cipher: TLS_ECDHE_RSA_WITH_AES_128_GCM_SHA256][Plen Bins: 0,11,0,0,0,22,0,0,0,0,0,0,0,0,0,0,11,0,0,0,0,0,0,11,0,0,0,0,0,0,0,0,0,0,0,0,0,0,0,11,0,0,0,0,0,33,0,0]
	10	TCP 192.168.1.117:53872 <-> 35.186.224.53:443 [proto: 91.126/TLS.Google][Encrypted][Confidence: Match by IP][cat: Web/5][8 pkts/2017 bytes <-> 8 pkts/4822 bytes][Goodput ratio: 74/89][0.07 sec][bytes ratio: -0.410 (Download)][IAT c2s/s2c min/avg/max/stddev: 0/0 10/10 58/45 22/16][Pkt Len c2s/s2c min/avg/max/stddev: 66/66 252/603 1434/1484 447/585][Plen Bins: 0,12,25,0,0,0,0,0,0,0,0,0,0,0,0,12,0,0,0,0,0,0,0,0,0,0,0,12,0,0,0,0,0,0,0,0,0,0,0,0,0,0,12,0,25,0,0,0]
	11	TCP 192.168.1.117:54863 <-> 167.99.215.164:4434 [proto: 91.26/TLS.ntop][Encrypted][Confidence: DPI][cat: Network/14][10 pkts/2198 bytes <-> 10 pkts/2067 bytes][Goodput ratio: 69/68][5.26 sec][Hostname/SNI: dati.ntop.org][bytes ratio: 0.031 (Mixed)][IAT c2s/s2c min/avg/max/stddev: 0/0 645/740 5003/5003 1647/1741][Pkt Len c2s/s2c min/avg/max/stddev: 66/66 220/207 932/1292 283/364][Risk: ** Known Protocol on Non Standard Port **** TLS (probably) Not Carrying HTTPS **][Risk Score: 60][TLSv1.2][JA3C: a795593605a13211941d44505b4d1e39][JA3S: dd4b012f7a008e741554bd0a4ed12920][Firefox][Cipher: TLS_ECDHE_RSA_WITH_AES_256_GCM_SHA384][Plen Bins: 16,0,0,0,34,0,0,0,0,0,0,0,0,0,0,0,16,0,0,0,0,0,0,0,0,0,0,16,0,0,0,0,0,0,0,0,0,0,16,0,0,0,0,0,0,0,0,0]
	12	TCP 192.168.1.117:54854 -> 172.217.21.72:443 [proto: 91.239/TLS.GoogleServices][Encrypted][Confidence: DPI][cat: Web/5][4 pkts/1060 bytes -> 0 pkts/0 bytes][Goodput ratio: 75/0][6.46 sec][Hostname/SNI: www.googletagmanager.com][ALPN: h2;h2-16;h2-15;h2-14;spdy/3.1;spdy/3;http/1.1][Risk: ** Obsolete TLS Version (1.1 or older) **][Risk Score: 100][TLSv1][JA3C: d78489b860c8bf7838a6ff0b4d131541][Plen Bins: 0,0,0,0,0,0,100,0,0,0,0,0,0,0,0,0,0,0,0,0,0,0,0,0,0,0,0,0,0,0,0,0,0,0,0,0,0,0,0,0,0,0,0,0,0,0,0,0]
	13	TCP 192.168.1.117:53867 <-> 104.199.65.42:80 [proto: 7.126/HTTP.Google][ClearText][Confidence: Match by IP][cat: Web/5][4 pkts/710 bytes <-> 2 pkts/242 bytes][Goodput ratio: 63/45][0.09 sec][bytes ratio: 0.492 (Upload)][IAT c2s/s2c min/avg/max/stddev: 30/64 31/64 32/64 1/0][Pkt Len c2s/s2c min/avg/max/stddev: 66/121 178/121 329/121 115/0][Plen Bins: 0,50,0,0,0,25,0,0,25,0,0,0,0,0,0,0,0,0,0,0,0,0,0,0,0,0,0,0,0,0,0,0,0,0,0,0,0,0,0,0,0,0,0,0,0,0,0,0]
	14	UDP 192.168.1.117:61731 <-> 109.94.160.99:8801 [proto: 189/Zoom][Encrypted][Confidence: DPI][cat: Video/26][4 pkts/372 bytes <-> 4 pkts/290 bytes][Goodput ratio: 55/39][0.11 sec][bytes ratio: 0.124 (Mixed)][IAT c2s/s2c min/avg/max/stddev: 4/35 28/27 49/47 18/20][Pkt Len c2s/s2c min/avg/max/stddev: 55/60 93/72 151/93 40/14][PLAIN TEXT (replace)][Plen Bins: 50,25,12,12,0,0,0,0,0,0,0,0,0,0,0,0,0,0,0,0,0,0,0,0,0,0,0,0,0,0,0,0,0,0,0,0,0,0,0,0,0,0,0,0,0,0,0,0]
	15	UDP 192.168.1.117:60620 <-> 109.94.160.99:8801 [proto: 189/Zoom][Encrypted][Confidence: DPI][cat: Video/26][4 pkts/408 bytes <-> 3 pkts/222 bytes][Goodput ratio: 59/41][1.24 sec][bytes ratio: 0.295 (Upload)][IAT c2s/s2c min/avg/max/stddev: 7/31 413/16 1209/31 563/16][Pkt Len c2s/s2c min/avg/max/stddev: 55/60 102/74 149/85 33/10][PLAIN TEXT (replace)][Plen Bins: 28,57,0,14,0,0,0,0,0,0,0,0,0,0,0,0,0,0,0,0,0,0,0,0,0,0,0,0,0,0,0,0,0,0,0,0,0,0,0,0,0,0,0,0,0,0,0,0]
	16	UDP 192.168.1.117:23903 <-> 162.255.37.14:3478 [proto: 78.189/STUN.Zoom][ClearText][Confidence: DPI][cat: Video/26][3 pkts/258 bytes <-> 3 pkts/222 bytes][Goodput ratio: 51/43][0.19 sec][bytes ratio: 0.075 (Mixed)][IAT c2s/s2c min/avg/max/stddev: 10/9 10/9 10/9 0/0][Pkt Len c2s/s2c min/avg/max/stddev: 86/74 86/74 86/74 0/0][Plen Bins: 0,100,0,0,0,0,0,0,0,0,0,0,0,0,0,0,0,0,0,0,0,0,0,0,0,0,0,0,0,0,0,0,0,0,0,0,0,0,0,0,0,0,0,0,0,0,0,0]
	17	UDP 192.168.1.117:23903 <-> 162.255.38.14:3478 [proto: 78.189/STUN.Zoom][ClearText][Confidence: DPI][cat: Video/26][3 pkts/258 bytes <-> 3 pkts/222 bytes][Goodput ratio: 51/43][0.18 sec][bytes ratio: 0.075 (Mixed)][IAT c2s/s2c min/avg/max/stddev: 10/9 10/10 10/10 0/0][Pkt Len c2s/s2c min/avg/max/stddev: 86/74 86/74 86/74 0/0][Plen Bins: 0,100,0,0,0,0,0,0,0,0,0,0,0,0,0,0,0,0,0,0,0,0,0,0,0,0,0,0,0,0,0,0,0,0,0,0,0,0,0,0,0,0,0,0,0,0,0,0]
	18	UDP 192.168.1.117:23903 <-> 162.255.38.14:3479 [proto: 78.189/STUN.Zoom][ClearText][Confidence: DPI][cat: Video/26][3 pkts/258 bytes <-> 3 pkts/222 bytes][Goodput ratio: 51/43][0.18 sec][bytes ratio: 0.075 (Mixed)][IAT c2s/s2c min/avg/max/stddev: 10/9 10/10 10/10 0/0][Pkt Len c2s/s2c min/avg/max/stddev: 86/74 86/74 86/74 0/0][Risk: ** Known Protocol on Non Standard Port **][Risk Score: 50][Plen Bins: 0,100,0,0,0,0,0,0,0,0,0,0,0,0,0,0,0,0,0,0,0,0,0,0,0,0,0,0,0,0,0,0,0,0,0,0,0,0,0,0,0,0,0,0,0,0,0,0]
	19	UDP 192.168.1.117:137 -> 192.168.1.255:137 [proto: 10/NetBIOS][ClearText][Confidence: DPI][cat: System/18][3 pkts/330 bytes -> 0 pkts/0 bytes][Goodput ratio: 62/0][< 1 sec][Hostname/SNI: workgroup][PLAIN TEXT ( FHEPFCELEHFCEPFFFACACACACACACA)][Plen Bins: 0,0,100,0,0,0,0,0,0,0,0,0,0,0,0,0,0,0,0,0,0,0,0,0,0,0,0,0,0,0,0,0,0,0,0,0,0,0,0,0,0,0,0,0,0,0,0,0]
	20	UDP 192.168.0.1:68 -> 255.255.255.255:67 [proto: 18/DHCP][ClearText][Confidence: DPI][cat: Network/14][1 pkts/321 bytes -> 0 pkts/0 bytes][Goodput ratio: 87/0][< 1 sec][Hostname/SNI: tl-sg116e][DHCP Fingerprint: 1,3][DHCP Class Ident: TL-SG116E][Plen Bins: 0,0,0,0,0,0,0,0,100,0,0,0,0,0,0,0,0,0,0,0,0,0,0,0,0,0,0,0,0,0,0,0,0,0,0,0,0,0,0,0,0,0,0,0,0,0,0,0]
	21	TCP 192.168.1.117:54341 -> 62.149.152.153:993 [proto: 51/IMAPS][Encrypted][Confidence: Match by port][cat: Email/3][2 pkts/226 bytes -> 0 pkts/0 bytes][Goodput ratio: 41/0][3.59 sec][Plen Bins: 0,100,0,0,0,0,0,0,0,0,0,0,0,0,0,0,0,0,0,0,0,0,0,0,0,0,0,0,0,0,0,0,0,0,0,0,0,0,0,0,0,0,0,0,0,0,0,0]
	22	UDP 192.168.1.117:65394 <-> 192.168.1.1:53 [proto: 5/DNS][ClearText][Confidence: DPI][cat: Network/14][1 pkts/65 bytes <-> 1 pkts/140 bytes][Goodput ratio: 35/70][0.04 sec][Hostname/SNI: local][::][Risk: ** Error Code Detected **][Risk Score: 10][PLAIN TEXT (servers)][Plen Bins: 50,0,0,50,0,0,0,0,0,0,0,0,0,0,0,0,0,0,0,0,0,0,0,0,0,0,0,0,0,0,0,0,0,0,0,0,0,0,0,0,0,0,0,0,0,0,0,0]
	23	UDP 192.168.1.117:51185 <-> 192.168.1.1:53 [proto: 5.189/DNS.Zoom][ClearText][Confidence: DPI][cat: Video/26][1 pkts/80 bytes <-> 1 pkts/96 bytes][Goodput ratio: 47/56][0.04 sec][Hostname/SNI: zoomfrn99mmr.zoom.us][109.94.160.99][PLAIN TEXT (zoomfrn)][Plen Bins: 0,100,0,0,0,0,0,0,0,0,0,0,0,0,0,0,0,0,0,0,0,0,0,0,0,0,0,0,0,0,0,0,0,0,0,0,0,0,0,0,0,0,0,0,0,0,0,0]
	24	UDP 192.168.1.117:58063 <-> 192.168.1.1:53 [proto: 5.189/DNS.Zoom][ClearText][Confidence: DPI][cat: Video/26][1 pkts/78 bytes <-> 1 pkts/94 bytes][Goodput ratio: 46/55][0.03 sec][Hostname/SNI: zoomfr84zc.zoom.us][213.244.140.84][PLAIN TEXT (zoomfr84z)][Plen Bins: 0,100,0,0,0,0,0,0,0,0,0,0,0,0,0,0,0,0,0,0,0,0,0,0,0,0,0,0,0,0,0,0,0,0,0,0,0,0,0,0,0,0,0,0,0,0,0,0]
	25	UDP 192.168.1.117:62563 <-> 192.168.1.1:53 [proto: 5.189/DNS.Zoom][ClearText][Confidence: DPI][cat: Video/26][1 pkts/78 bytes <-> 1 pkts/94 bytes][Goodput ratio: 46/55][0.03 sec][Hostname/SNI: zoomfr85zc.zoom.us][213.244.140.85][PLAIN TEXT (zoomfr85z)][Plen Bins: 0,100,0,0,0,0,0,0,0,0,0,0,0,0,0,0,0,0,0,0,0,0,0,0,0,0,0,0,0,0,0,0,0,0,0,0,0,0,0,0,0,0,0,0,0,0,0,0]
	26	UDP 192.168.1.117:57025 -> 239.255.255.250:1900 [proto: 12/SSDP][ClearText][Confidence: DPI][cat: System/18][1 pkts/168 bytes -> 0 pkts/0 bytes][Goodput ratio: 75/0][< 1 sec][PLAIN TEXT (SEARCH )][Plen Bins: 0,0,0,100,0,0,0,0,0,0,0,0,0,0,0,0,0,0,0,0,0,0,0,0,0,0,0,0,0,0,0,0,0,0,0,0,0,0,0,0,0,0,0,0,0,0,0,0]
	27	UDP 192.168.1.117:62988 <-> 192.168.1.1:53 [proto: 5.189/DNS.Zoom][ClearText][Confidence: DPI][cat: Video/26][1 pkts/72 bytes <-> 1 pkts/88 bytes][Goodput ratio: 41/52][0.04 sec][Hostname/SNI: www3.zoom.us][52.202.62.236][Plen Bins: 50,50,0,0,0,0,0,0,0,0,0,0,0,0,0,0,0,0,0,0,0,0,0,0,0,0,0,0,0,0,0,0,0,0,0,0,0,0,0,0,0,0,0,0,0,0,0,0]
	28	UDP 192.168.1.117:64352 <-> 192.168.1.1:53 [proto: 5.189/DNS.Zoom][ClearText][Confidence: DPI][cat: Video/26][1 pkts/71 bytes <-> 1 pkts/87 bytes][Goodput ratio: 40/51][0.04 sec][Hostname/SNI: log.zoom.us][52.202.62.238][Plen Bins: 50,50,0,0,0,0,0,0,0,0,0,0,0,0,0,0,0,0,0,0,0,0,0,0,0,0,0,0,0,0,0,0,0,0,0,0,0,0,0,0,0,0,0,0,0,0,0,0]
	29	ICMP 192.168.1.117:0 -> 162.255.38.14:0 [proto: 81/ICMP][ClearText][Confidence: DPI][cat: Network/14][2 pkts/140 bytes -> 0 pkts/0 bytes][Goodput ratio: 40/0][0.01 sec][Plen Bins: 100,0,0,0,0,0,0,0,0,0,0,0,0,0,0,0,0,0,0,0,0,0,0,0,0,0,0,0,0,0,0,0,0,0,0,0,0,0,0,0,0,0,0,0,0,0,0,0]
	30	TCP 192.168.1.117:54798 <-> 13.225.84.182:443 [proto: 91.265/TLS.AmazonAWS][Encrypted][Confidence: Match by IP][cat: Cloud/13][1 pkts/54 bytes <-> 1 pkts/60 bytes][Goodput ratio: 0/0][0.04 sec][Plen Bins: 0,0,0,0,0,0,0,0,0,0,0,0,0,0,0,0,0,0,0,0,0,0,0,0,0,0,0,0,0,0,0,0,0,0,0,0,0,0,0,0,0,0,0,0,0,0,0,0]
	31	UDP 192.168.1.117:5353 -> 224.0.0.251:5353 [proto: 8/MDNS][ClearText][Confidence: DPI][cat: Network/14][1 pkts/87 bytes -> 0 pkts/0 bytes][Goodput ratio: 51/0][< 1 sec][Hostname/SNI: _spotify-connect._tcp.local][_spotify-connect._tcp.local][PLAIN TEXT (spotify)][Plen Bins: 0,100,0,0,0,0,0,0,0,0,0,0,0,0,0,0,0,0,0,0,0,0,0,0,0,0,0,0,0,0,0,0,0,0,0,0,0,0,0,0,0,0,0,0,0,0,0,0]
	32	UDP 192.168.1.117:57621 -> 192.168.1.255:57621 [proto: 156/Spotify][Encrypted][Confidence: DPI][cat: Music/25][1 pkts/86 bytes -> 0 pkts/0 bytes][Goodput ratio: 51/0][< 1 sec][PLAIN TEXT (SpotUdp)][Plen Bins: 0,100,0,0,0,0,0,0,0,0,0,0,0,0,0,0,0,0,0,0,0,0,0,0,0,0,0,0,0,0,0,0,0,0,0,0,0,0,0,0,0,0,0,0,0,0,0,0]
	33	ICMP 192.168.1.117:0 -> 192.168.1.1:0 [proto: 81/ICMP][ClearText][Confidence: DPI][cat: Network/14][1 pkts/70 bytes -> 0 pkts/0 bytes][Goodput ratio: 39/0][< 1 sec][Plen Bins: 100,0,0,0,0,0,0,0,0,0,0,0,0,0,0,0,0,0,0,0,0,0,0,0,0,0,0,0,0,0,0,0,0,0,0,0,0,0,0,0,0,0,0,0,0,0,0,0]
