DPI Packets (TCP):	8	(8.00 pkts/flow)
Confidence DPI              : 1 (flows)
Num dissector calls: 15 (15.00 diss/flow)
LRU cache ookla:      0/0/0 (insert/search/found)
LRU cache bittorrent: 0/0/0 (insert/search/found)
LRU cache stun:       0/0/0 (insert/search/found)
LRU cache tls_cert:   0/0/0 (insert/search/found)
LRU cache mining:     0/0/0 (insert/search/found)
LRU cache msteams:    0/0/0 (insert/search/found)
LRU cache fpc_dns:    0/1/0 (insert/search/found)
Automa host:          0/0 (search/found)
Automa domain:        0/0 (search/found)
Automa tls cert:      0/0 (search/found)
Automa risk mask:     0/0 (search/found)
Automa common alpns:  0/0 (search/found)
Patricia risk mask:   0/0 (search/found)
Patricia risk mask IPv6: 0/0 (search/found)
Patricia risk:        0/0 (search/found)
Patricia risk IPv6:   0/0 (search/found)
Patricia protocols:   1/1 (search/found)
Patricia protocols IPv6: 0/0 (search/found)

OCSP	12	1842	1

Safe                            12 1842          1            

	1	TCP 192.168.12.156:38291 <-> 93.184.220.29:80 [proto: 7.63/HTTP.OCSP][IP: 288/Edgecast][ClearText][Confidence: DPI][FPC: 288/Edgecast, Confidence: IP address][DPI packets: 8][cat: Web/5][7 pkts/705 bytes <-> 5 pkts/1137 bytes][Goodput ratio: 33/70][0.04 sec][Hostname/SNI: ocsp.digicert.com][bytes ratio: -0.235 (Download)][IAT c2s/s2c min/avg/max/stddev: 0/0 5/6 8/10 4/4][Pkt Len c2s/s2c min/avg/max/stddev: 66/66 101/227 284/865 75/319][StatusCode: 200][Req Content-Type: application/ocsp-request][Content-Type: application/ocsp-response][Server: ECS (mil/6CF7)][User-Agent: zbtls http][PLAIN TEXT (ConnectionTP/1.1)][Plen Bins: 33,0,0,0,0,0,33,0,0,0,0,0,0,0,0,0,0,0,0,0,0,0,0,0,33,0,0,0,0,0,0,0,0,0,0,0,0,0,0,0,0,0,0,0,0,0,0,0]
