DPI Packets (UDP):	2	(2.00 pkts/flow)
Confidence DPI              : 1 (flows)
Num dissector calls: 1 (1.00 diss/flow)
LRU cache ookla:      0/0/0 (insert/search/found)
LRU cache bittorrent: 0/0/0 (insert/search/found)
LRU cache stun:       0/0/0 (insert/search/found)
LRU cache tls_cert:   0/0/0 (insert/search/found)
LRU cache mining:     0/0/0 (insert/search/found)
LRU cache msteams:    0/0/0 (insert/search/found)
LRU cache fpc_dns:    0/0/0 (insert/search/found)
Automa host:          2/0 (search/found)
Automa domain:        2/0 (search/found)
Automa tls cert:      0/0 (search/found)
Automa risk mask:     1/0 (search/found)
Automa common alpns:  0/0 (search/found)
Patricia risk mask:   2/0 (search/found)
Patricia risk mask IPv6: 0/0 (search/found)
Patricia risk:        0/0 (search/found)
Patricia risk IPv6:   0/0 (search/found)
Patricia protocols:   2/0 (search/found)
Patricia protocols IPv6: 0/0 (search/found)

DNS	300	73545	1

Acceptable                     300 73545         1            

	1	UDP 192.168.220.56:56373 <-> 192.168.203.167:53 [proto: 5/DNS][IP: 0/Unknown][ClearText][Confidence: DPI][FPC: 5/DNS, Confidence: DPI][DPI packets: 2][cat: Network/14][150 pkts/32419 bytes <-> 150 pkts/41126 bytes][Goodput ratio: 81/85][59.99 sec][Hostname/SNI: e1aa8f8fdb1bbe8d5e04952141f7d4f82c7e3b06dcc8b87fad7a.19e4d098dc8c618f8d81cfeb02][::][bytes ratio: -0.118 (Mixed)][IAT c2s/s2c min/avg/max/stddev: 1/1 398/397 1035/1015 491/489][Pkt Len c2s/s2c min/avg/max/stddev: 101/148 216/274 300/386 97/97][Risk: ** Susp DGA Domain name **** Risky Domain Name **][Risk Score: 150][Risk Info: e1aa8f8fdb1bbe8d5e04952141f7d4f82c7e3b06dcc8b87fad7a.19e4d098dc8c618f8d81cfeb02 / DGA Name Query with no Error Code][PLAIN TEXT (dnscat)][Plen Bins: 0,24,0,23,0,0,0,0,26,26,0,0,0,0,0,0,0,0,0,0,0,0,0,0,0,0,0,0,0,0,0,0,0,0,0,0,0,0,0,0,0,0,0,0,0,0,0,0]
