DPI Packets (UDP):	6	(2.00 pkts/flow)
Confidence DPI              : 3 (flows)
Num dissector calls: 462 (154.00 diss/flow)
LRU cache ookla:      0/0/0 (insert/search/found)
LRU cache bittorrent: 0/0/0 (insert/search/found)
LRU cache stun:       0/0/0 (insert/search/found)
LRU cache tls_cert:   0/0/0 (insert/search/found)
LRU cache mining:     0/0/0 (insert/search/found)
LRU cache msteams:    0/0/0 (insert/search/found)
LRU cache fpc_dns:    0/3/0 (insert/search/found)
Automa host:          0/0 (search/found)
Automa domain:        0/0 (search/found)
Automa tls cert:      0/0 (search/found)
Automa risk mask:     0/0 (search/found)
Automa common alpns:  0/0 (search/found)
Patricia risk mask:   6/0 (search/found)
Patricia risk mask IPv6: 0/0 (search/found)
Patricia risk:        0/0 (search/found)
Patricia risk IPv6:   0/0 (search/found)
Patricia protocols:   6/0 (search/found)
Patricia protocols IPv6: 0/0 (search/found)

DNScrypt	6	4300	3

Acceptable                       6 4300          3            

	1	UDP 127.0.0.1:50893 <-> 127.0.0.2:5353 [proto: 208/DNScrypt][IP: 0/Unknown][Encrypted][Confidence: DPI][FPC: 0/Unknown, Confidence: Unknown][DPI packets: 2][cat: Network/14][1 pkts/1130 bytes <-> 1 pkts/410 bytes][Goodput ratio: 96/90][0.01 sec][Plen Bins: 0,0,0,0,0,0,0,0,0,0,0,50,0,0,0,0,0,0,0,0,0,0,0,0,0,0,0,0,0,0,0,0,0,0,50,0,0,0,0,0,0,0,0,0,0,0,0,0]
	2	UDP 127.0.0.1:38650 <-> 127.0.0.2:5353 [proto: 208/DNScrypt][IP: 0/Unknown][Encrypted][Confidence: DPI][FPC: 0/Unknown, Confidence: Unknown][DPI packets: 2][cat: Network/14][1 pkts/1130 bytes <-> 1 pkts/282 bytes][Goodput ratio: 96/85][0.01 sec][Plen Bins: 0,0,0,0,0,0,0,50,0,0,0,0,0,0,0,0,0,0,0,0,0,0,0,0,0,0,0,0,0,0,0,0,0,0,50,0,0,0,0,0,0,0,0,0,0,0,0,0]
	3	UDP 127.0.0.1:42883 <-> 127.0.0.2:5353 [proto: 208/DNScrypt][IP: 0/Unknown][Encrypted][Confidence: DPI][FPC: 0/Unknown, Confidence: Unknown][DPI packets: 2][cat: Network/14][1 pkts/1130 bytes <-> 1 pkts/218 bytes][Goodput ratio: 96/80][0.01 sec][Plen Bins: 0,0,0,0,0,50,0,0,0,0,0,0,0,0,0,0,0,0,0,0,0,0,0,0,0,0,0,0,0,0,0,0,0,0,50,0,0,0,0,0,0,0,0,0,0,0,0,0]
