DPI Packets (UDP):	4	(4.00 pkts/flow)
Confidence DPI              : 1 (flows)
Num dissector calls: 2 (2.00 diss/flow)
LRU cache ookla:      0/0/0 (insert/search/found)
LRU cache bittorrent: 0/0/0 (insert/search/found)
LRU cache stun:       0/0/0 (insert/search/found)
LRU cache tls_cert:   0/3/0 (insert/search/found)
LRU cache mining:     0/0/0 (insert/search/found)
LRU cache msteams:    0/0/0 (insert/search/found)
LRU cache fpc_dns:    0/0/0 (insert/search/found)
Automa host:          0/0 (search/found)
Automa domain:        0/0 (search/found)
Automa tls cert:      0/0 (search/found)
Automa risk mask:     0/0 (search/found)
Automa common alpns:  0/0 (search/found)
Patricia risk mask:   2/0 (search/found)
Patricia risk mask IPv6: 0/0 (search/found)
Patricia risk:        1/0 (search/found)
Patricia risk IPv6:   0/0 (search/found)
Patricia protocols:   2/0 (search/found)
Patricia protocols IPv6: 0/0 (search/found)

DTLS	4	604	1

Safe                             4 604           1            

JA3 Host Stats: 
		 IP Address                  	 # JA3C     
	1	 185.196.113.239          	 1      


	1	UDP 185.196.113.239:50257 <-> 223.116.105.247:44443 [proto: 30/DTLS][IP: 0/Unknown][Encrypted][Confidence: DPI][FPC: 30/DTLS, Confidence: DPI][DPI packets: 4][cat: Web/5][2 pkts/302 bytes <-> 2 pkts/302 bytes][Goodput ratio: 72/72][0.06 sec][Risk: ** TLS (probably) Not Carrying HTTPS **** Missing SNI TLS Extn **][Risk Score: 60][Risk Info: No ALPN / SNI should always be present][DTLSv1.2][JA3C: e15c510766789ed8f49de0e37951c1da][JA4: dd2d010000_653ffb6f323e_e3b0c44298fc][JA3S: a1d48eca741e476d8ee735578a26bdbd][Cipher: TLS_ECDHE_ECDSA_WITH_AES_256_GCM_SHA384][Plen Bins: 0,25,0,50,0,25,0,0,0,0,0,0,0,0,0,0,0,0,0,0,0,0,0,0,0,0,0,0,0,0,0,0,0,0,0,0,0,0,0,0,0,0,0,0,0,0,0,0]
