DPI Packets (UDP):	7	(7.00 pkts/flow)
Confidence DPI              : 1 (flows)
Num dissector calls: 3 (3.00 diss/flow)
LRU cache ookla:      0/0/0 (insert/search/found)
LRU cache bittorrent: 0/0/0 (insert/search/found)
LRU cache stun:       0/0/0 (insert/search/found)
LRU cache tls_cert:   0/5/0 (insert/search/found)
LRU cache mining:     0/0/0 (insert/search/found)
LRU cache msteams:    0/0/0 (insert/search/found)
LRU cache fpc_dns:    0/0/0 (insert/search/found)
Automa host:          0/0 (search/found)
Automa domain:        0/0 (search/found)
Automa tls cert:      0/0 (search/found)
Automa risk mask:     0/0 (search/found)
Automa common alpns:  0/0 (search/found)
Patricia risk mask:   2/0 (search/found)
Patricia risk mask IPv6: 0/0 (search/found)
Patricia risk:        1/0 (search/found)
Patricia risk IPv6:   0/0 (search/found)
Patricia protocols:   2/0 (search/found)
Patricia protocols IPv6: 0/0 (search/found)

DTLS	7	994	1

Safe                             7 994           1            

JA3 Host Stats: 
		 IP Address                  	 # JA3C     
	1	 37.188.4.115             	 1      


	1	UDP 37.188.4.115:56453 <-> 70.66.6.128:443 [proto: 30/DTLS][IP: 0/Unknown][Encrypted][Confidence: DPI][FPC: 30/DTLS, Confidence: DPI][DPI packets: 7][cat: Web/5][4 pkts/584 bytes <-> 3 pkts/410 bytes][Goodput ratio: 71/69][7.22 sec][bytes ratio: 0.175 (Mixed)][IAT c2s/s2c min/avg/max/stddev: 1003/2008 2377/3064 4119/4119 1298/1055][Pkt Len c2s/s2c min/avg/max/stddev: 141/90 146/137 161/230 9/66][Risk: ** Obsolete TLS (v1.1 or older) **** Weak TLS Cipher **][Risk Score: 200][Risk Info: TLS (0100) / Cipher TLS_RSA_WITH_AES_256_CBC_SHA][TLS (0100)][JA3C: be3660f0bdab46442f52b205919fee37][JA4: ds3d010000_692296a295db_e3b0c44298fc][JA3S: 8f48e117ae3543615168a2b087cda528 (WEAK)][Cipher: TLS_RSA_WITH_AES_256_CBC_SHA][Plen Bins: 0,28,0,57,0,14,0,0,0,0,0,0,0,0,0,0,0,0,0,0,0,0,0,0,0,0,0,0,0,0,0,0,0,0,0,0,0,0,0,0,0,0,0,0,0,0,0,0]
