DPI Packets (UDP):	1	(1.00 pkts/flow)
Confidence DPI              : 1 (flows)
Num dissector calls: 1 (1.00 diss/flow)
LRU cache ookla:      0/0/0 (insert/search/found)
LRU cache bittorrent: 0/0/0 (insert/search/found)
LRU cache stun:       0/0/0 (insert/search/found)
LRU cache tls_cert:   0/0/0 (insert/search/found)
LRU cache mining:     0/0/0 (insert/search/found)
LRU cache msteams:    0/0/0 (insert/search/found)
LRU cache fpc_dns:    0/0/0 (insert/search/found)
Automa host:          0/0 (search/found)
Automa domain:        0/0 (search/found)
Automa tls cert:      0/0 (search/found)
Automa risk mask:     0/0 (search/found)
Automa common alpns:  0/0 (search/found)
Patricia risk mask:   2/0 (search/found)
Patricia risk mask IPv6: 0/0 (search/found)
Patricia risk:        0/0 (search/found)
Patricia risk IPv6:   0/0 (search/found)
Patricia protocols:   2/0 (search/found)
Patricia protocols IPv6: 0/0 (search/found)

SIP	1	384	1

Acceptable                       1 384           1            

	1	UDP 192.168.10.210:5060 -> 192.168.103.40:5060 [VLAN: 142][proto: GRE:100/SIP][IP: 0/Unknown][ClearText][Confidence: DPI][FPC: 100/SIP, Confidence: DPI][DPI packets: 1][cat: VoIP/10][1 pkts/384 bytes -> 0 pkts/0 bytes][Goodput ratio: 77/0][< 1 sec][Risk: ** Unidirectional Traffic **][Risk Score: 10][Risk Info: No server to client traffic][PLAIN TEXT (SIP/2.0 100 Trying)][Plen Bins: 0,0,0,0,0,0,0,0,0,100,0,0,0,0,0,0,0,0,0,0,0,0,0,0,0,0,0,0,0,0,0,0,0,0,0,0,0,0,0,0,0,0,0,0,0,0,0,0]
