DPI Packets (TCP):	8	(8.00 pkts/flow)
Confidence DPI              : 1 (flows)
Num dissector calls: 15 (15.00 diss/flow)
LRU cache ookla:      0/0/0 (insert/search/found)
LRU cache bittorrent: 0/0/0 (insert/search/found)
LRU cache stun:       0/0/0 (insert/search/found)
LRU cache tls_cert:   0/0/0 (insert/search/found)
LRU cache mining:     0/0/0 (insert/search/found)
LRU cache msteams:    0/0/0 (insert/search/found)
LRU cache fpc_dns:    0/1/0 (insert/search/found)
Automa host:          1/0 (search/found)
Automa domain:        1/0 (search/found)
Automa tls cert:      0/0 (search/found)
Automa risk mask:     0/0 (search/found)
Automa common alpns:  0/0 (search/found)
Patricia risk mask:   0/0 (search/found)
Patricia risk mask IPv6: 0/0 (search/found)
Patricia risk:        0/0 (search/found)
Patricia risk IPv6:   0/0 (search/found)
Patricia protocols:   2/0 (search/found)
Patricia protocols IPv6: 0/0 (search/found)

HTTP	14	2503	1

Acceptable                      14 2503          1            

	1	TCP 192.168.0.1:39236 <-> 192.168.0.20:31337 [proto: 7/HTTP][IP: 0/Unknown][ClearText][Confidence: DPI][FPC: 0/Unknown, Confidence: Unknown][DPI packets: 8][cat: Web/5][7 pkts/481 bytes <-> 7 pkts/2022 bytes][Goodput ratio: 14/81][0.00 sec][Hostname/SNI: toni.lan][bytes ratio: -0.616 (Download)][IAT c2s/s2c min/avg/max/stddev: 0/0 0/0 0/1 0/0][Pkt Len c2s/s2c min/avg/max/stddev: 60/54 69/289 92/1514 12/503][URL: toni.lan:31337/][StatusCode: 200][User-Agent: uclient-fetch][Risk: ** Known Proto on Non Std Port **][Risk Score: 50][PLAIN TEXT (GET / HTTP/1.1)][Plen Bins: 40,20,0,0,20,0,0,0,0,0,0,0,0,0,0,0,0,0,0,0,0,0,0,0,0,0,0,0,0,0,0,0,0,0,0,0,0,0,0,0,0,0,0,0,0,20,0,0]
