DPI Packets (TCP):	1	(1.00 pkts/flow)
DPI Packets (UDP):	2	(1.00 pkts/flow)
Confidence DPI              : 3 (flows)
Num dissector calls: 3 (1.00 diss/flow)
LRU cache ookla:      0/0/0 (insert/search/found)
LRU cache bittorrent: 0/0/0 (insert/search/found)
LRU cache zoom:       0/0/0 (insert/search/found)
LRU cache stun:       0/0/0 (insert/search/found)
LRU cache tls_cert:   0/0/0 (insert/search/found)
LRU cache mining:     0/0/0 (insert/search/found)
LRU cache msteams:    0/0/0 (insert/search/found)
LRU cache stun_zoom:  0/0/0 (insert/search/found)
Automa host:          0/0 (search/found)
Automa domain:        0/0 (search/found)
Automa tls cert:      0/0 (search/found)
Automa risk mask:     0/0 (search/found)
Automa common alpns:  0/0 (search/found)
Patricia risk mask:   2/0 (search/found)
Patricia risk mask IPv6: 0/0 (search/found)
Patricia risk:        0/0 (search/found)
Patricia risk IPv6:   0/0 (search/found)
Patricia protocols:   6/0 (search/found)
Patricia protocols IPv6: 0/0 (search/found)

LDP	7	946	3

Acceptable                       7 946           3            

	1	TCP 10.0.1.1:45334 <-> 10.0.0.6:646 [proto: 409/LDP][IP: 0/Unknown][ClearText][Confidence: DPI][DPI packets: 1][cat: Network/14][2 pkts/366 bytes <-> 2 pkts/352 bytes][Goodput ratio: 70/69][0.13 sec][Plen Bins: 0,50,0,0,0,0,50,0,0,0,0,0,0,0,0,0,0,0,0,0,0,0,0,0,0,0,0,0,0,0,0,0,0,0,0,0,0,0,0,0,0,0,0,0,0,0,0,0]
	2	UDP 10.0.0.2:646 -> 224.0.0.2:646 [proto: 409/LDP][IP: 0/Unknown][ClearText][Confidence: DPI][DPI packets: 1][cat: Network/14][2 pkts/152 bytes -> 0 pkts/0 bytes][Goodput ratio: 44/0][4.08 sec][Plen Bins: 0,100,0,0,0,0,0,0,0,0,0,0,0,0,0,0,0,0,0,0,0,0,0,0,0,0,0,0,0,0,0,0,0,0,0,0,0,0,0,0,0,0,0,0,0,0,0,0]
	3	UDP 10.0.0.1:646 -> 224.0.0.2:646 [proto: 409/LDP][IP: 0/Unknown][ClearText][Confidence: DPI][DPI packets: 1][cat: Network/14][1 pkts/76 bytes -> 0 pkts/0 bytes][Goodput ratio: 44/0][< 1 sec][Plen Bins: 0,100,0,0,0,0,0,0,0,0,0,0,0,0,0,0,0,0,0,0,0,0,0,0,0,0,0,0,0,0,0,0,0,0,0,0,0,0,0,0,0,0,0,0,0,0,0,0]
