DPI Packets (UDP):	8	(1.00 pkts/flow)
Confidence DPI              : 8 (flows)
Num dissector calls: 146 (18.25 diss/flow)
LRU cache ookla:      0/0/0 (insert/search/found)
LRU cache bittorrent: 0/0/0 (insert/search/found)
LRU cache stun:       0/0/0 (insert/search/found)
LRU cache tls_cert:   0/0/0 (insert/search/found)
LRU cache mining:     0/0/0 (insert/search/found)
LRU cache msteams:    0/0/0 (insert/search/found)
LRU cache fpc_dns:    0/0/0 (insert/search/found)
Automa host:          0/0 (search/found)
Automa domain:        0/0 (search/found)
Automa tls cert:      0/0 (search/found)
Automa risk mask:     0/0 (search/found)
Automa common alpns:  0/0 (search/found)
Patricia risk mask:   16/0 (search/found)
Patricia risk mask IPv6: 0/0 (search/found)
Patricia risk:        8/0 (search/found)
Patricia risk IPv6:   0/0 (search/found)
Patricia protocols:   16/0 (search/found)
Patricia protocols IPv6: 0/0 (search/found)

NFS	128	22816	8

Acceptable                     128 22816         8            

	1	UDP 139.25.22.2:1022 <-> 139.25.22.102:2049 [proto: 11/NFS][IP: 0/Unknown][ClearText][Confidence: DPI][FPC: 11/NFS, Confidence: DPI][DPI packets: 1][cat: DataTransfer/4][57 pkts/10398 bytes <-> 57 pkts/11038 bytes][Goodput ratio: 77/78][0.29 sec][bytes ratio: -0.030 (Mixed)][IAT c2s/s2c min/avg/max/stddev: 0/0 5/5 50/50 9/9][Pkt Len c2s/s2c min/avg/max/stddev: 170/74 182/194 226/342 15/82][PLAIN TEXT (werrmsche)][Plen Bins: 0,10,0,11,52,10,0,12,3,0,0,0,0,0,0,0,0,0,0,0,0,0,0,0,0,0,0,0,0,0,0,0,0,0,0,0,0,0,0,0,0,0,0,0,0,0,0,0]
	2	UDP 139.25.22.2:706 <-> 139.25.22.102:1048 [proto: 11/NFS][IP: 0/Unknown][ClearText][Confidence: DPI][FPC: 11/NFS, Confidence: DPI][DPI packets: 1][cat: DataTransfer/4][1 pkts/158 bytes <-> 1 pkts/114 bytes][Goodput ratio: 73/63][0.02 sec][Risk: ** Known Proto on Non Std Port **][Risk Score: 50][Risk Info: No client to server traffic][PLAIN TEXT (werrmsche)][Plen Bins: 0,0,50,50,0,0,0,0,0,0,0,0,0,0,0,0,0,0,0,0,0,0,0,0,0,0,0,0,0,0,0,0,0,0,0,0,0,0,0,0,0,0,0,0,0,0,0,0]
	3	UDP 139.25.22.2:722 <-> 139.25.22.102:1048 [proto: 11/NFS][IP: 0/Unknown][ClearText][Confidence: DPI][FPC: 11/NFS, Confidence: DPI][DPI packets: 1][cat: DataTransfer/4][1 pkts/158 bytes <-> 1 pkts/66 bytes][Goodput ratio: 73/36][< 1 sec][Risk: ** Known Proto on Non Std Port **][Risk Score: 50][Risk Info: No client to server traffic][PLAIN TEXT (werrmsche)][Plen Bins: 50,0,0,50,0,0,0,0,0,0,0,0,0,0,0,0,0,0,0,0,0,0,0,0,0,0,0,0,0,0,0,0,0,0,0,0,0,0,0,0,0,0,0,0,0,0,0,0]
	4	UDP 139.25.22.2:3295 <-> 139.25.22.102:111 [proto: 11/NFS][IP: 0/Unknown][ClearText][Confidence: DPI][FPC: 11/NFS, Confidence: DPI][DPI packets: 1][cat: DataTransfer/4][1 pkts/106 bytes <-> 1 pkts/90 bytes][Goodput ratio: 60/53][< 1 sec][Risk: ** Known Proto on Non Std Port **][Risk Score: 50][Risk Info: No server to client traffic][Plen Bins: 0,50,50,0,0,0,0,0,0,0,0,0,0,0,0,0,0,0,0,0,0,0,0,0,0,0,0,0,0,0,0,0,0,0,0,0,0,0,0,0,0,0,0,0,0,0,0,0]
	5	UDP 139.25.22.2:3297 <-> 139.25.22.102:111 [proto: 11/NFS][IP: 0/Unknown][ClearText][Confidence: DPI][FPC: 11/NFS, Confidence: DPI][DPI packets: 1][cat: DataTransfer/4][1 pkts/106 bytes <-> 1 pkts/90 bytes][Goodput ratio: 60/53][< 1 sec][Risk: ** Known Proto on Non Std Port **][Risk Score: 50][Risk Info: No server to client traffic][PLAIN TEXT (139.25.22.102.8.1)][Plen Bins: 0,50,50,0,0,0,0,0,0,0,0,0,0,0,0,0,0,0,0,0,0,0,0,0,0,0,0,0,0,0,0,0,0,0,0,0,0,0,0,0,0,0,0,0,0,0,0,0]
	6	UDP 139.25.22.2:3299 <-> 139.25.22.102:111 [proto: 11/NFS][IP: 0/Unknown][ClearText][Confidence: DPI][FPC: 11/NFS, Confidence: DPI][DPI packets: 1][cat: DataTransfer/4][1 pkts/106 bytes <-> 1 pkts/90 bytes][Goodput ratio: 60/53][< 1 sec][Risk: ** Known Proto on Non Std Port **][Risk Score: 50][Risk Info: No server to client traffic][Plen Bins: 0,50,50,0,0,0,0,0,0,0,0,0,0,0,0,0,0,0,0,0,0,0,0,0,0,0,0,0,0,0,0,0,0,0,0,0,0,0,0,0,0,0,0,0,0,0,0,0]
	7	UDP 139.25.22.2:3296 <-> 139.25.22.102:1048 [proto: 11/NFS][IP: 0/Unknown][ClearText][Confidence: DPI][FPC: 11/NFS, Confidence: DPI][DPI packets: 1][cat: DataTransfer/4][1 pkts/82 bytes <-> 1 pkts/66 bytes][Goodput ratio: 48/36][< 1 sec][Risk: ** Known Proto on Non Std Port **][Risk Score: 50][Risk Info: No server to client traffic][Plen Bins: 50,50,0,0,0,0,0,0,0,0,0,0,0,0,0,0,0,0,0,0,0,0,0,0,0,0,0,0,0,0,0,0,0,0,0,0,0,0,0,0,0,0,0,0,0,0,0,0]
	8	UDP 139.25.22.2:3298 <-> 139.25.22.102:2049 [proto: 11/NFS][IP: 0/Unknown][ClearText][Confidence: DPI][FPC: 11/NFS, Confidence: DPI][DPI packets: 1][cat: DataTransfer/4][1 pkts/82 bytes <-> 1 pkts/66 bytes][Goodput ratio: 48/36][< 1 sec][Plen Bins: 50,50,0,0,0,0,0,0,0,0,0,0,0,0,0,0,0,0,0,0,0,0,0,0,0,0,0,0,0,0,0,0,0,0,0,0,0,0,0,0,0,0,0,0,0,0,0,0]
