DPI Packets (other):	1	(1.00 pkts/flow)
Confidence DPI              : 1 (flows)
Num dissector calls: 1 (1.00 diss/flow)
LRU cache ookla:      0/0/0 (insert/search/found)
LRU cache bittorrent: 0/0/0 (insert/search/found)
LRU cache stun:       0/0/0 (insert/search/found)
LRU cache tls_cert:   0/0/0 (insert/search/found)
LRU cache mining:     0/0/0 (insert/search/found)
LRU cache msteams:    0/0/0 (insert/search/found)
LRU cache fpc_dns:    0/0/0 (insert/search/found)
Automa host:          0/0 (search/found)
Automa domain:        0/0 (search/found)
Automa tls cert:      0/0 (search/found)
Automa risk mask:     0/0 (search/found)
Automa common alpns:  0/0 (search/found)
Patricia risk mask:   0/0 (search/found)
Patricia risk mask IPv6: 0/0 (search/found)
Patricia risk:        0/0 (search/found)
Patricia risk IPv6:   0/0 (search/found)
Patricia protocols:   2/0 (search/found)
Patricia protocols IPv6: 0/0 (search/found)

IP_PIM	10	920	1

Acceptable                      10 920           1            

	1	PIM 192.168.203.234:0 -> 224.0.0.13:0 [proto: 297/IP_PIM][IP: 0/Unknown][ClearText][Confidence: DPI][FPC: 297/IP_PIM, Confidence: DPI][DPI packets: 1][cat: Network/14][10 pkts/920 bytes -> 0 pkts/0 bytes][Goodput ratio: 0/0][9.01 sec][bytes ratio: 1.000 (Upload)][IAT c2s/s2c min/avg/max/stddev: 999/0 1001/0 1006/0 2/0][Pkt Len c2s/s2c min/avg/max/stddev: 88/0 92/0 108/0 8/0][Plen Bins: 0,0,0,0,0,0,0,0,0,0,0,0,0,0,0,0,0,0,0,0,0,0,0,0,0,0,0,0,0,0,0,0,0,0,0,0,0,0,0,0,0,0,0,0,0,0,0,0]
