DPI Packets (TCP):	78	(3.71 pkts/flow)
Confidence DPI              : 21 (flows)
Num dissector calls: 245 (11.67 diss/flow)
LRU cache ookla:      0/0/0 (insert/search/found)
LRU cache bittorrent: 0/0/0 (insert/search/found)
LRU cache stun:       0/0/0 (insert/search/found)
LRU cache tls_cert:   0/0/0 (insert/search/found)
LRU cache mining:     0/0/0 (insert/search/found)
LRU cache msteams:    0/0/0 (insert/search/found)
LRU cache fpc_dns:    0/0/0 (insert/search/found)
Automa host:          21/10 (search/found)
Automa domain:        21/0 (search/found)
Automa tls cert:      0/0 (search/found)
Automa risk mask:     0/0 (search/found)
Automa common alpns:  0/0 (search/found)
Patricia risk mask:   42/0 (search/found)
Patricia risk mask IPv6: 0/0 (search/found)
Patricia risk:        0/0 (search/found)
Patricia risk IPv6:   0/0 (search/found)
Patricia protocols:   35/7 (search/found)
Patricia protocols IPv6: 0/0 (search/found)

HTTP	133	96179	11
QQ	12	4781	5
Facebook	6	1740	3
Google	2	378	1
Xiaomi	2	1469	1

Acceptable                     137 98026         13           
Fun                             18 6521          8            

	1	TCP 10.54.169.250:52009 <-> 120.28.35.40:80 [proto: 7/HTTP][IP: 0/Unknown][ClearText][Confidence: DPI][FPC: 7/HTTP, Confidence: DPI][DPI packets: 9][cat: Streaming/17][35 pkts/17902 bytes <-> 30 pkts/28000 bytes][Goodput ratio: 89/94][101.50 sec][Hostname/SNI: vod-singtelhawk.quickplay.com][bytes ratio: -0.220 (Download)][IAT c2s/s2c min/avg/max/stddev: 182/2021 3144/2862 23289/5776 4036/929][Pkt Len c2s/s2c min/avg/max/stddev: 500/76 511/933 587/1456 27/494][URL: vod-singtelhawk.quickplay.com/seg/vol1/s/Warner/qpmezzhawkdigitalcontagion2054033featureenglish20ltrt23976fps7834192/2015-02-02/STV250R240/qpmezz-Hawk_Digital_CONTAGION_2054033_FEATURE_ENGLISH_2_0_LTRT_23976fps_7834192.m2t_STV250R240-0023.ts][User-Agent: Mozilla/5.0 (Linux; Android 4.4.4; MI 3W Build/KTU84P) AppleWebKit/537.36 (KHTML, like Gecko) Version/4.0 Chrome/33.0.0.0 Mobile Safari/537.36][PLAIN TEXT (GET /seg/vol1/s/Warner/qpmezz)][Plen Bins: 3,0,0,3,1,1,0,0,0,1,0,0,0,49,1,1,7,0,1,0,0,0,0,0,3,0,0,0,3,1,0,0,0,1,1,0,3,3,0,0,0,0,0,13,0,0,0,0]
	2	TCP 10.54.169.250:52019 <-> 120.28.35.40:80 [proto: 7/HTTP][IP: 0/Unknown][ClearText][Confidence: DPI][FPC: 7/HTTP, Confidence: DPI][DPI packets: 9][cat: Streaming/17][14 pkts/7028 bytes <-> 11 pkts/12578 bytes][Goodput ratio: 89/95][109.64 sec][Hostname/SNI: vod-singtelhawk.quickplay.com][bytes ratio: -0.283 (Download)][IAT c2s/s2c min/avg/max/stddev: 1066/2163 7709/7600 23311/23043 9303/8905][Pkt Len c2s/s2c min/avg/max/stddev: 502/652 502/1143 502/1456 0/288][URL: vod-singtelhawk.quickplay.com/seg/vol1/s/Warner/qpmezzhawkdigitalcontagion2054033featureenglish20ltrt23976fps7834192/2015-02-02/STV510R360/qpmezz-Hawk_Digital_CONTAGION_2054033_FEATURE_ENGLISH_2_0_LTRT_23976fps_7834192.m2t_STV510R360-0058.ts][User-Agent: Mozilla/5.0 (Linux; Android 4.4.4; MI 3W Build/KTU84P) AppleWebKit/537.36 (KHTML, like Gecko) Version/4.0 Chrome/33.0.0.0 Mobile Safari/537.36][PLAIN TEXT (GET /seg/vol1/s/Warner/qpmezz)][Plen Bins: 0,0,0,0,0,0,0,0,0,0,0,0,0,56,0,0,0,0,4,0,0,0,0,8,0,0,4,0,0,0,0,0,0,0,4,4,0,0,0,4,0,4,0,12,0,0,0,0]
	3	TCP 10.54.169.250:52017 <-> 120.28.35.40:80 [proto: 7/HTTP][IP: 0/Unknown][ClearText][Confidence: DPI][FPC: 7/HTTP, Confidence: DPI][DPI packets: 8][cat: Streaming/17][5 pkts/2510 bytes <-> 3 pkts/3522 bytes][Goodput ratio: 89/95][53.74 sec][Hostname/SNI: vod-singtelhawk.quickplay.com][bytes ratio: -0.168 (Mixed)][IAT c2s/s2c min/avg/max/stddev: 2521/3055 13434/13894 23447/24732 10022/10838][Pkt Len c2s/s2c min/avg/max/stddev: 502/822 502/1174 502/1456 0/264][URL: vod-singtelhawk.quickplay.com/seg/vol1/s/Warner/qpmezzhawkdigitalcontagion2054033featureenglish20ltrt23976fps7834192/2015-02-02/STV510R360/qpmezz-Hawk_Digital_CONTAGION_2054033_FEATURE_ENGLISH_2_0_LTRT_23976fps_7834192.m2t_STV510R360-0052.ts][User-Agent: Mozilla/5.0 (Linux; Android 4.4.4; MI 3W Build/KTU84P) AppleWebKit/537.36 (KHTML, like Gecko) Version/4.0 Chrome/33.0.0.0 Mobile Safari/537.36][PLAIN TEXT (GET /seg/vol1/s/Warner/qpmezz)][Plen Bins: 0,0,0,0,0,0,0,0,0,0,0,0,0,63,0,0,0,0,0,0,0,0,0,12,0,0,0,0,0,0,0,0,0,0,0,0,0,12,0,0,0,0,0,12,0,0,0,0]
	4	TCP 10.54.169.250:52018 <-> 120.28.35.40:80 [proto: 7/HTTP][IP: 0/Unknown][ClearText][Confidence: DPI][FPC: 7/HTTP, Confidence: DPI][DPI packets: 7][cat: Streaming/17][4 pkts/2008 bytes <-> 3 pkts/3040 bytes][Goodput ratio: 89/94][28.60 sec][Hostname/SNI: vod-singtelhawk.quickplay.com][bytes ratio: -0.204 (Download)][IAT c2s/s2c min/avg/max/stddev: 2241/2426 9534/3315 23958/4204 10200/889][Pkt Len c2s/s2c min/avg/max/stddev: 502/128 502/1013 502/1456 0/626][URL: vod-singtelhawk.quickplay.com/seg/vol1/s/Warner/qpmezzhawkdigitalcontagion2054033featureenglish20ltrt23976fps7834192/2015-02-02/STV510R360/qpmezz-Hawk_Digital_CONTAGION_2054033_FEATURE_ENGLISH_2_0_LTRT_23976fps_7834192.m2t_STV510R360-0055.ts][User-Agent: Mozilla/5.0 (Linux; Android 4.4.4; MI 3W Build/KTU84P) AppleWebKit/537.36 (KHTML, like Gecko) Version/4.0 Chrome/33.0.0.0 Mobile Safari/537.36][PLAIN TEXT (GET /seg/vol1/s/Warner/qpmezz)][Plen Bins: 0,0,14,0,0,0,0,0,0,0,0,0,0,57,0,0,0,0,0,0,0,0,0,0,0,0,0,0,0,0,0,0,0,0,0,0,0,0,0,0,0,0,0,28,0,0,0,0]
	5	TCP 10.54.169.250:52022 <-> 120.28.35.40:80 [proto: 7/HTTP][IP: 0/Unknown][ClearText][Confidence: DPI][FPC: 7/HTTP, Confidence: DPI][DPI packets: 7][cat: Streaming/17][4 pkts/2008 bytes <-> 3 pkts/2276 bytes][Goodput ratio: 89/93][10.17 sec][Hostname/SNI: vod-singtelhawk.quickplay.com][bytes ratio: -0.063 (Mixed)][IAT c2s/s2c min/avg/max/stddev: 3284/3295 3390/3322 3535/3349 106/27][Pkt Len c2s/s2c min/avg/max/stddev: 502/188 502/759 502/1456 0/525][URL: vod-singtelhawk.quickplay.com/seg/vol1/s/Warner/qpmezzhawkdigitalcontagion2054033featureenglish20ltrt23976fps7834192/2015-02-02/STV510R360/qpmezz-Hawk_Digital_CONTAGION_2054033_FEATURE_ENGLISH_2_0_LTRT_23976fps_7834192.m2t_STV510R360-0071.ts][User-Agent: Mozilla/5.0 (Linux; Android 4.4.4; MI 3W Build/KTU84P) AppleWebKit/537.36 (KHTML, like Gecko) Version/4.0 Chrome/33.0.0.0 Mobile Safari/537.36][PLAIN TEXT (GET /seg/vol1/s/Warner/qpmezz)][Plen Bins: 0,0,0,0,14,0,0,0,0,0,0,0,0,57,0,0,0,0,14,0,0,0,0,0,0,0,0,0,0,0,0,0,0,0,0,0,0,0,0,0,0,0,0,14,0,0,0,0]
	6	TCP 10.54.169.250:50669 <-> 120.28.35.41:80 [proto: 7/HTTP][IP: 0/Unknown][ClearText][Confidence: DPI][FPC: 7/HTTP, Confidence: DPI][DPI packets: 2][cat: Streaming/17][2 pkts/844 bytes <-> 2 pkts/2836 bytes][Goodput ratio: 87/96][9.29 sec][Hostname/SNI: api-singtelhawk.quickplay.com][URL: api-singtelhawk.quickplay.com/solr/RestApiSingTel_PH/restapi/categories/HUD?apiKey=qwerty&device=androidmobile&locale=eng&network=WIFI&pageNumber=1&pageSize=50][StatusCode: 200][Content-Type: application/json][Server: Apache-Coyote/1.1][User-Agent: Dalvik/1.6.0 (Linux; U; Android 4.4.4; MI 3W MIUI/V6.4.2.0.KXDMICB)][PLAIN TEXT (GET /solr/RestApiSingTel)][Plen Bins: 0,0,0,0,0,0,0,0,0,25,0,0,0,25,0,0,0,0,0,0,0,0,0,0,0,0,0,0,0,0,0,0,0,0,0,0,0,0,0,0,0,25,0,25,0,0,0,0]
	7	TCP 10.54.169.250:50668 <-> 120.28.35.41:80 [proto: 7/HTTP][IP: 0/Unknown][ClearText][Confidence: DPI][FPC: 7/HTTP, Confidence: DPI][DPI packets: 2][cat: Streaming/17][2 pkts/733 bytes <-> 2 pkts/2627 bytes][Goodput ratio: 85/96][9.24 sec][Hostname/SNI: api-singtelhawk.quickplay.com][URL: api-singtelhawk.quickplay.com/solr/RestApiSingTel_PH/restapi/categories/HUD?apiKey=qwerty&device=androidmobile&locale=eng&network=WIFI&pageNumber=1&pageSize=50][StatusCode: 200][Content-Type: application/json][Server: Apache-Coyote/1.1][User-Agent: Dalvik/1.6.0 (Linux; U; Android 4.4.4; MI 3W MIUI/V6.4.2.0.KXDMICB)][PLAIN TEXT (GET /solr/RestApiSingTel)][Plen Bins: 0,0,0,0,0,0,0,0,0,50,0,0,0,0,0,0,0,0,0,0,0,0,0,0,0,0,0,0,0,0,0,0,0,0,0,0,0,25,0,0,0,25,0,0,0,0,0,0]
	8	TCP 10.54.169.250:52021 <-> 120.28.35.40:80 [proto: 7/HTTP][IP: 0/Unknown][ClearText][Confidence: DPI][FPC: 7/HTTP, Confidence: DPI][DPI packets: 4][cat: Streaming/17][3 pkts/1506 bytes <-> 1 pkts/1248 bytes][Goodput ratio: 89/95][27.01 sec][Hostname/SNI: vod-singtelhawk.quickplay.com][URL: vod-singtelhawk.quickplay.com/seg/vol1/s/Warner/qpmezzhawkdigitalcontagion2054033featureenglish20ltrt23976fps7834192/2015-02-02/STV510R360/qpmezz-Hawk_Digital_CONTAGION_2054033_FEATURE_ENGLISH_2_0_LTRT_23976fps_7834192.m2t_STV510R360-0068.ts][User-Agent: Mozilla/5.0 (Linux; Android 4.4.4; MI 3W Build/KTU84P) AppleWebKit/537.36 (KHTML, like Gecko) Version/4.0 Chrome/33.0.0.0 Mobile Safari/537.36][PLAIN TEXT (GET /seg/vol1/s/Warner/qpmezz)][Plen Bins: 0,0,0,0,0,0,0,0,0,0,0,0,0,75,0,0,0,0,0,0,0,0,0,0,0,0,0,0,0,0,0,0,0,0,0,0,0,25,0,0,0,0,0,0,0,0,0,0]
	9	TCP 10.54.169.250:52007 <-> 120.28.35.40:80 [proto: 7/HTTP][IP: 0/Unknown][ClearText][Confidence: DPI][FPC: 7/HTTP, Confidence: DPI][DPI packets: 4][cat: Streaming/17][3 pkts/1583 bytes <-> 1 pkts/1152 bytes][Goodput ratio: 89/95][2.46 sec][Hostname/SNI: vod-singtelhawk.quickplay.com][URL: vod-singtelhawk.quickplay.com/seg/vol1/s/Warner/qpmezzhawkdigitalcontagion2054033featureenglish20ltrt23976fps7834192/2015-02-02/STV80R192/qpmezz-Hawk_Digital_CONTAGION_2054033_FEATURE_ENGLISH_2_0_LTRT_23976fps_7834192.m2t_STV80R192-0002.ts][User-Agent: Mozilla/5.0 (Linux; Android 4.4.4; MI 3W Build/KTU84P) AppleWebKit/537.36 (KHTML, like Gecko) Version/4.0 Chrome/33.0.0.0 Mobile Safari/537.36][PLAIN TEXT (GET /seg/vol1/s/Warner/qpmezz)][Plen Bins: 0,0,0,0,0,0,0,0,0,0,0,0,0,50,0,0,25,0,0,0,0,0,0,0,0,0,0,0,0,0,0,0,0,0,25,0,0,0,0,0,0,0,0,0,0,0,0,0]
	10	TCP 10.54.169.250:44256 <-> 120.28.5.41:80 [proto: 7/HTTP][IP: 0/Unknown][ClearText][Confidence: DPI][FPC: 7/HTTP, Confidence: DPI][DPI packets: 3][cat: Streaming/17][2 pkts/1086 bytes <-> 1 pkts/1225 bytes][Goodput ratio: 90/95][0.64 sec][Hostname/SNI: play-singtelhawk.quickplay.com][URL: play-singtelhawk.quickplay.com/vstb/playlist_5_6241_357.m3u8?action=145&appId=5006&carrierId=23&appVersion=1.0&contentId=6241&contentTypeId=3&deviceName=androidmobile&encodingId=357&drmId=4&drmVersion=1.5&delivery=5&prefLanguage=eng&webvtt=true&userid=091][User-Agent: Mozilla/5.0 (Linux; Android 4.4.4; MI 3W Build/KTU84P) AppleWebKit/537.36 (KHTML, like Gecko) Version/4.0 Chrome/33.0.0.0 Mobile Safari/537.36][PLAIN TEXT (GET /vstb/playlist)][Plen Bins: 0,0,0,0,0,0,0,0,0,0,0,0,0,0,0,66,0,0,0,0,0,0,0,0,0,0,0,0,0,0,0,0,0,0,0,0,33,0,0,0,0,0,0,0,0,0,0,0]
	11	TCP 10.54.169.250:56381 <-> 54.179.140.65:80 [proto: 7.287/HTTP.Xiaomi][IP: 265/AmazonAWS][ClearText][Confidence: DPI][FPC: 7.287/HTTP.Xiaomi, Confidence: DPI][DPI packets: 2][cat: Web/5][1 pkts/638 bytes <-> 1 pkts/831 bytes][Goodput ratio: 91/93][0.32 sec][Hostname/SNI: api.account.xiaomi.com][URL: api.account.xiaomi.com/pass/v2/safe/user/coreInfo?signature=u%2F73dEXBHbejev0ISNwnGyyfeTw%3D&userId=Mz5Xr5UXKuw83hxd6Yms2w%3D%3D][StatusCode: 200][Req Content-Type: application/x-www-form-urlencoded][Content-Type: application/json][Server: Tengine/2.0.1][User-Agent: Dalvik/1.6.0 (Linux; U; Android 4.4.4; MI 3W MIUI/V6.4.2.0.KXDMICB)][Risk: ** Susp Entropy **][Risk Score: 10][Risk Info: Entropy: 6.004 (Executable?)][PLAIN TEXT (GET /pass/v)][Plen Bins: 0,0,0,0,0,0,0,0,0,0,0,0,0,0,0,0,0,0,50,0,0,0,0,0,50,0,0,0,0,0,0,0,0,0,0,0,0,0,0,0,0,0,0,0,0,0,0,0]
	12	TCP 10.54.169.250:54883 <-> 203.205.151.160:80 [proto: 131.48/HTTP_Proxy.QQ][IP: 0/Unknown][ClearText][Confidence: DPI][FPC: 131.48/HTTP_Proxy.QQ, Confidence: DPI][DPI packets: 3][cat: Chat/9][2 pkts/1192 bytes <-> 1 pkts/145 bytes][Goodput ratio: 91/61][2.08 sec][Hostname/SNI: hkextshort.weixin.qq.com][URL: http://hkextshort.weixin.qq.com/cgi-bin/micromsg-bin/mmsnssync][Req Content-Type: application/octet-stream][User-Agent: MicroMessenger Client][Risk: ** Known Proto on Non Std Port **][Risk Score: 50][Risk Info: Expected on port 8080,3128][PLAIN TEXT (POST http)][Plen Bins: 0,0,33,0,0,0,0,0,0,0,0,0,0,0,0,0,66,0,0,0,0,0,0,0,0,0,0,0,0,0,0,0,0,0,0,0,0,0,0,0,0,0,0,0,0,0,0,0]
	13	TCP 10.54.169.250:54885 <-> 203.205.151.160:80 [proto: 131.48/HTTP_Proxy.QQ][IP: 0/Unknown][ClearText][Confidence: DPI][FPC: 131.48/HTTP_Proxy.QQ, Confidence: DPI][DPI packets: 2][cat: Download/7][1 pkts/461 bytes <-> 2 pkts/522 bytes][Goodput ratio: 88/78][2.81 sec][Hostname/SNI: hkextshort.weixin.qq.com][URL: http://hkextshort.weixin.qq.com/cgi-bin/micromsg-bin/getcontactlabellist][StatusCode: 200][Req Content-Type: application/octet-stream][Content-Type: application/octet-stream][User-Agent: MicroMessenger Client][Filename: micromsgresp.dat][Risk: ** Known Proto on Non Std Port **** Binary File/Data Transfer (Attempt) **][Risk Score: 100][Risk Info: Expected on port 8080,3128 / Found binary mime octet-stream][PLAIN TEXT (POST http)][Plen Bins: 0,0,0,0,0,0,66,0,0,0,0,0,33,0,0,0,0,0,0,0,0,0,0,0,0,0,0,0,0,0,0,0,0,0,0,0,0,0,0,0,0,0,0,0,0,0,0,0]
	14	TCP 10.54.169.250:35670 <-> 203.205.147.215:80 [proto: 131.48/HTTP_Proxy.QQ][IP: 285/Tencent][ClearText][Confidence: DPI][FPC: 131.48/HTTP_Proxy.QQ, Confidence: DPI][DPI packets: 2][cat: Download/7][1 pkts/681 bytes <-> 1 pkts/262 bytes][Goodput ratio: 92/78][0.14 sec][Hostname/SNI: hkminorshort.weixin.qq.com][URL: http://hkminorshort.weixin.qq.com/cgi-bin/micromsg-bin/rtkvreport][StatusCode: 200][Req Content-Type: application/octet-stream][Content-Type: application/octet-stream][User-Agent: MicroMessenger Client][Filename: micromsgresp.dat][Risk: ** Known Proto on Non Std Port **** Binary File/Data Transfer (Attempt) **][Risk Score: 100][Risk Info: Expected on port 8080,3128 / Found binary mime octet-stream][PLAIN TEXT (POST http)][Plen Bins: 0,0,0,0,0,0,50,0,0,0,0,0,0,0,0,0,0,0,0,50,0,0,0,0,0,0,0,0,0,0,0,0,0,0,0,0,0,0,0,0,0,0,0,0,0,0,0,0]
	15	TCP 10.54.169.250:42762 <-> 203.205.129.101:80 [proto: 131.48/HTTP_Proxy.QQ][IP: 285/Tencent][ClearText][Confidence: DPI][FPC: 131.48/HTTP_Proxy.QQ, Confidence: DPI][DPI packets: 2][cat: Download/7][1 pkts/616 bytes <-> 1 pkts/261 bytes][Goodput ratio: 91/78][0.37 sec][Hostname/SNI: hkextshort.weixin.qq.com][URL: http://hkextshort.weixin.qq.com/cgi-bin/micromsg-bin/androidgcmreg][StatusCode: 200][Req Content-Type: application/octet-stream][Content-Type: application/octet-stream][User-Agent: MicroMessenger Client][Filename: micromsgresp.dat][Risk: ** Known Proto on Non Std Port **** Binary File/Data Transfer (Attempt) **][Risk Score: 100][Risk Info: Expected on port 8080,3128 / Found binary mime octet-stream][PLAIN TEXT (POST http)][Plen Bins: 0,0,0,0,0,0,50,0,0,0,0,0,0,0,0,0,0,50,0,0,0,0,0,0,0,0,0,0,0,0,0,0,0,0,0,0,0,0,0,0,0,0,0,0,0,0,0,0]
	16	TCP 10.54.169.250:42761 <-> 203.205.129.101:80 [proto: 131.48/HTTP_Proxy.QQ][IP: 285/Tencent][ClearText][Confidence: DPI][FPC: 131.48/HTTP_Proxy.QQ, Confidence: DPI][DPI packets: 2][cat: Download/7][1 pkts/380 bytes <-> 1 pkts/261 bytes][Goodput ratio: 85/78][0.34 sec][Hostname/SNI: hkextshort.weixin.qq.com][URL: http://hkextshort.weixin.qq.com/cgi-bin/micromsg-bin/mmbatchemojidownload][StatusCode: 200][Req Content-Type: application/octet-stream][Content-Type: application/octet-stream][User-Agent: MicroMessenger Client][Filename: micromsgresp.dat][Risk: ** Known Proto on Non Std Port **** Binary File/Data Transfer (Attempt) **][Risk Score: 100][Risk Info: Expected on port 8080,3128 / Found binary mime octet-stream][PLAIN TEXT (POST http)][Plen Bins: 0,0,0,0,0,0,50,0,0,0,50,0,0,0,0,0,0,0,0,0,0,0,0,0,0,0,0,0,0,0,0,0,0,0,0,0,0,0,0,0,0,0,0,0,0,0,0,0]
	17	TCP 10.54.169.250:52285 <-> 173.252.74.22:80 [proto: 7.119/HTTP.Facebook][IP: 119/Facebook][ClearText][Confidence: DPI][FPC: 7.119/HTTP.Facebook, Confidence: DPI][DPI packets: 2][cat: SocialNetwork/6][1 pkts/243 bytes <-> 1 pkts/339 bytes][Goodput ratio: 77/83][0.46 sec][Hostname/SNI: www.facebook.com][URL: www.facebook.com/mobile/status.php][StatusCode: 204][User-Agent: Dalvik/1.6.0 (Linux; U; Android 4.4.4; MI 3W MIUI/V6.4.2.0.KXDMICB)][PLAIN TEXT (GET /mobile/status.php HTTP/1.1)][Plen Bins: 0,0,0,0,0,50,0,0,50,0,0,0,0,0,0,0,0,0,0,0,0,0,0,0,0,0,0,0,0,0,0,0,0,0,0,0,0,0,0,0,0,0,0,0,0,0,0,0]
	18	TCP 10.54.169.250:52288 <-> 173.252.74.22:80 [proto: 7.119/HTTP.Facebook][IP: 119/Facebook][ClearText][Confidence: DPI][FPC: 7.119/HTTP.Facebook, Confidence: DPI][DPI packets: 2][cat: SocialNetwork/6][1 pkts/243 bytes <-> 1 pkts/339 bytes][Goodput ratio: 77/83][0.46 sec][Hostname/SNI: www.facebook.com][URL: www.facebook.com/mobile/status.php][StatusCode: 204][User-Agent: Dalvik/1.6.0 (Linux; U; Android 4.4.4; MI 3W MIUI/V6.4.2.0.KXDMICB)][PLAIN TEXT (GET /mobile/status.php HTTP/1.1)][Plen Bins: 0,0,0,0,0,50,0,0,50,0,0,0,0,0,0,0,0,0,0,0,0,0,0,0,0,0,0,0,0,0,0,0,0,0,0,0,0,0,0,0,0,0,0,0,0,0,0,0]
	19	TCP 10.54.169.250:44793 <-> 31.13.68.49:80 [proto: 7.119/HTTP.Facebook][IP: 119/Facebook][ClearText][Confidence: DPI][FPC: 7.119/HTTP.Facebook, Confidence: DPI][DPI packets: 2][cat: SocialNetwork/6][1 pkts/237 bytes <-> 1 pkts/339 bytes][Goodput ratio: 76/83][0.34 sec][Hostname/SNI: www.facebook.com][URL: www.facebook.com/mobile/status.php][StatusCode: 204][User-Agent: Dalvik/1.6.0 (Linux; U; Android 4.4.2; GT-I9505 Build/KOT49H)][PLAIN TEXT (GET /mobile/status.php HTTP/1.1)][Plen Bins: 0,0,0,0,0,50,0,0,50,0,0,0,0,0,0,0,0,0,0,0,0,0,0,0,0,0,0,0,0,0,0,0,0,0,0,0,0,0,0,0,0,0,0,0,0,0,0,0]
	20	TCP 10.54.169.250:33064 <-> 120.28.5.18:80 [proto: 7/HTTP][IP: 0/Unknown][ClearText][Confidence: DPI][FPC: 7/HTTP, Confidence: DPI][DPI packets: 2][cat: Streaming/17][1 pkts/358 bytes <-> 1 pkts/109 bytes][Goodput ratio: 84/48][0.31 sec][Hostname/SNI: api-singtelhawk.quickplay.com][URL: api-singtelhawk.quickplay.com/solr/RestApiSingTel_PH/restapi/home?apiKey=qwerty&device=androidmobile&locale=eng&network=WIFI&pageNumber=1&pageSize=50][User-Agent: Dalvik/1.6.0 (Linux; U; Android 4.4.4; MI 3W MIUI/V6.4.2.0.KXDMICB)][PLAIN TEXT (GET /solr/RestApiSingTel)][Plen Bins: 0,50,0,0,0,0,0,0,0,50,0,0,0,0,0,0,0,0,0,0,0,0,0,0,0,0,0,0,0,0,0,0,0,0,0,0,0,0,0,0,0,0,0,0,0,0,0,0]
	21	TCP 10.54.169.250:33277 <-> 120.28.26.231:80 [proto: 7.126/HTTP.Google][IP: 0/Unknown][ClearText][Confidence: DPI][FPC: 7.126/HTTP.Google, Confidence: DPI][DPI packets: 2][cat: ConnCheck/30][1 pkts/241 bytes <-> 1 pkts/137 bytes][Goodput ratio: 76/59][0.06 sec][Hostname/SNI: clients3.google.com][URL: clients3.google.com/generate_204][StatusCode: 204][Server: GFE/2.0][User-Agent: Dalvik/1.6.0 (Linux; U; Android 4.4.4; MI 3W MIUI/V6.4.2.0.KXDMICB)][PLAIN TEXT (GET /generate)][Plen Bins: 0,0,50,0,0,50,0,0,0,0,0,0,0,0,0,0,0,0,0,0,0,0,0,0,0,0,0,0,0,0,0,0,0,0,0,0,0,0,0,0,0,0,0,0,0,0,0,0]
