DPI Packets (UDP):	2	(1.00 pkts/flow)
Confidence DPI              : 2 (flows)
Num dissector calls: 122 (61.00 diss/flow)
LRU cache ookla:      0/0/0 (insert/search/found)
LRU cache bittorrent: 0/0/0 (insert/search/found)
LRU cache stun:       0/0/0 (insert/search/found)
LRU cache tls_cert:   0/0/0 (insert/search/found)
LRU cache mining:     0/0/0 (insert/search/found)
LRU cache msteams:    0/0/0 (insert/search/found)
LRU cache fpc_dns:    0/0/0 (insert/search/found)
Automa host:          0/0 (search/found)
Automa domain:        0/0 (search/found)
Automa tls cert:      0/0 (search/found)
Automa risk mask:     0/0 (search/found)
Automa common alpns:  0/0 (search/found)
Patricia risk mask:   2/0 (search/found)
Patricia risk mask IPv6: 0/0 (search/found)
Patricia risk:        0/0 (search/found)
Patricia risk IPv6:   0/0 (search/found)
Patricia protocols:   4/0 (search/found)
Patricia protocols IPv6: 0/0 (search/found)

SOMEIP	3	504	2

Acceptable                       3 504           2            

	1	UDP 192.168.0.1:49190 -> 224.0.0.1:49190 [proto: 229/SOMEIP][IP: 0/Unknown][ClearText][Confidence: DPI][FPC: 229/SOMEIP, Confidence: DPI][DPI packets: 1][cat: RPC/16][1 pkts/370 bytes -> 0 pkts/0 bytes][Goodput ratio: 88/0][< 1 sec][Risk: ** Known Proto on Non Std Port **][Risk Score: 50][Plen Bins: 0,0,0,0,0,0,0,0,0,0,100,0,0,0,0,0,0,0,0,0,0,0,0,0,0,0,0,0,0,0,0,0,0,0,0,0,0,0,0,0,0,0,0,0,0,0,0,0]
	2	UDP 192.168.0.125:49191 <-> 192.168.0.1:49201 [proto: 229/SOMEIP][IP: 0/Unknown][ClearText][Confidence: DPI][FPC: 229/SOMEIP, Confidence: DPI][DPI packets: 1][cat: RPC/16][1 pkts/67 bytes <-> 1 pkts/67 bytes][Goodput ratio: 37/37][0.00 sec][Risk: ** Known Proto on Non Std Port **][Risk Score: 50][Risk Info: No server to client traffic][Plen Bins: 100,0,0,0,0,0,0,0,0,0,0,0,0,0,0,0,0,0,0,0,0,0,0,0,0,0,0,0,0,0,0,0,0,0,0,0,0,0,0,0,0,0,0,0,0,0,0,0]
