DPI Packets (UDP):	1	(1.00 pkts/flow)
Confidence DPI              : 1 (flows)
Num dissector calls: 61 (61.00 diss/flow)
LRU cache ookla:      0/0/0 (insert/search/found)
LRU cache bittorrent: 0/0/0 (insert/search/found)
LRU cache stun:       0/0/0 (insert/search/found)
LRU cache tls_cert:   0/0/0 (insert/search/found)
LRU cache mining:     0/0/0 (insert/search/found)
LRU cache msteams:    0/0/0 (insert/search/found)
LRU cache fpc_dns:    0/0/0 (insert/search/found)
Automa host:          0/0 (search/found)
Automa domain:        0/0 (search/found)
Automa tls cert:      0/0 (search/found)
Automa risk mask:     0/0 (search/found)
Automa common alpns:  0/0 (search/found)
Patricia risk mask:   2/0 (search/found)
Patricia risk mask IPv6: 0/0 (search/found)
Patricia risk:        0/0 (search/found)
Patricia risk IPv6:   0/0 (search/found)
Patricia protocols:   2/0 (search/found)
Patricia protocols IPv6: 0/0 (search/found)

SOMEIP	9	12850	1

Acceptable                       9 12850         1            

	1	UDP 10.0.1.207:56772 -> 10.0.1.1:18193 [proto: 229/SOMEIP][IP: 0/Unknown][ClearText][Confidence: DPI][FPC: 229/SOMEIP, Confidence: DPI][DPI packets: 1][cat: RPC/16][9 pkts/12850 bytes -> 0 pkts/0 bytes][Goodput ratio: 97/0][0.10 sec][bytes ratio: 1.000 (Upload)][IAT c2s/s2c min/avg/max/stddev: 4/0 12/0 20/0 5/0][Pkt Len c2s/s2c min/avg/max/stddev: 1218/0 1428/0 1454/0 74/0][Risk: ** Known Proto on Non Std Port **** Unidirectional Traffic **][Risk Score: 60][Risk Info: No server to client traffic][PLAIN TEXT (./0123456789)][Plen Bins: 0,0,0,0,0,0,0,0,0,0,0,0,0,0,0,0,0,0,0,0,0,0,0,0,0,0,0,0,0,0,0,0,0,0,0,0,11,0,0,0,0,0,0,0,88,0,0,0]
