DPI Packets (TCP):	4	(4.00 pkts/flow)
Confidence DPI              : 1 (flows)
Num dissector calls: 48 (48.00 diss/flow)
LRU cache ookla:      0/0/0 (insert/search/found)
LRU cache bittorrent: 0/0/0 (insert/search/found)
LRU cache zoom:       0/0/0 (insert/search/found)
LRU cache stun:       0/0/0 (insert/search/found)
LRU cache tls_cert:   0/0/0 (insert/search/found)
LRU cache mining:     0/0/0 (insert/search/found)
LRU cache msteams:    0/0/0 (insert/search/found)
LRU cache stun_zoom:  0/0/0 (insert/search/found)
Automa host:          0/0 (search/found)
Automa domain:        0/0 (search/found)
Automa tls cert:      0/0 (search/found)
Automa risk mask:     0/0 (search/found)
Automa common alpns:  0/0 (search/found)
Patricia risk mask:   0/0 (search/found)
Patricia risk mask IPv6: 0/0 (search/found)
Patricia risk:        0/0 (search/found)
Patricia risk IPv6:   0/0 (search/found)
Patricia protocols:   1/1 (search/found)
Patricia protocols IPv6: 0/0 (search/found)

Spotify	10	3370	1

Fun                             10 3370          1            

	1	TCP 10.0.2.15:48628 <-> 35.190.243.72:4070 [proto: 156/Spotify][IP: 126/Google][Encrypted][Confidence: DPI][DPI packets: 4][cat: Music/25][5 pkts/1094 bytes <-> 5 pkts/2276 bytes][Goodput ratio: 72/88][0.19 sec][bytes ratio: -0.351 (Download)][IAT c2s/s2c min/avg/max/stddev: 0/33 30/42 63/71 23/28][Pkt Len c2s/s2c min/avg/max/stddev: 60/54 219/455 517/1514 194/569][Plen Bins: 0,0,0,0,0,0,0,0,0,0,25,0,0,0,25,0,25,0,0,0,0,0,0,0,0,0,0,0,0,0,0,0,0,0,0,0,0,0,0,0,0,0,0,0,0,25,0,0]
