DPI Packets (UDP):	5	(1.00 pkts/flow)
Confidence DPI              : 5 (flows)
Num dissector calls: 45 (9.00 diss/flow)
LRU cache ookla:      0/0/0 (insert/search/found)
LRU cache bittorrent: 0/0/0 (insert/search/found)
LRU cache stun:       0/0/0 (insert/search/found)
LRU cache tls_cert:   0/0/0 (insert/search/found)
LRU cache mining:     0/0/0 (insert/search/found)
LRU cache msteams:    0/0/0 (insert/search/found)
LRU cache fpc_dns:    0/0/0 (insert/search/found)
Automa host:          0/0 (search/found)
Automa domain:        0/0 (search/found)
Automa tls cert:      0/0 (search/found)
Automa risk mask:     0/0 (search/found)
Automa common alpns:  0/0 (search/found)
Patricia risk mask:   10/0 (search/found)
Patricia risk mask IPv6: 0/0 (search/found)
Patricia risk:        0/0 (search/found)
Patricia risk IPv6:   0/0 (search/found)
Patricia protocols:   10/0 (search/found)
Patricia protocols IPv6: 0/0 (search/found)

Teredo	24	2574	5

Acceptable                      24 2574          5            

	1	UDP 10.112.16.67:51812 <-> 194.136.28.76:3544 [proto: 214/Teredo][IP: 0/Unknown][ClearText][Confidence: DPI][FPC: 214/Teredo, Confidence: DPI][DPI packets: 1][cat: Network/14][10 pkts/930 bytes <-> 4 pkts/374 bytes][Goodput ratio: 55/55][17.48 sec][bytes ratio: 0.426 (Upload)][IAT c2s/s2c min/avg/max/stddev: 42/10 2184/2486 8524/4963 2528/2476][Pkt Len c2s/s2c min/avg/max/stddev: 82/90 93/94 95/95 4/2][Plen Bins: 0,100,0,0,0,0,0,0,0,0,0,0,0,0,0,0,0,0,0,0,0,0,0,0,0,0,0,0,0,0,0,0,0,0,0,0,0,0,0,0,0,0,0,0,0,0,0,0]
	2	UDP 10.112.16.106:52513 <-> 194.136.28.76:3544 [proto: 214/Teredo][IP: 0/Unknown][ClearText][Confidence: DPI][FPC: 214/Teredo, Confidence: DPI][DPI packets: 1][cat: Network/14][2 pkts/206 bytes <-> 2 pkts/302 bytes][Goodput ratio: 59/72][38.10 sec][Plen Bins: 0,50,0,50,0,0,0,0,0,0,0,0,0,0,0,0,0,0,0,0,0,0,0,0,0,0,0,0,0,0,0,0,0,0,0,0,0,0,0,0,0,0,0,0,0,0,0,0]
	3	UDP 10.112.16.64:56154 <-> 194.136.28.76:3544 [proto: 214/Teredo][IP: 0/Unknown][ClearText][Confidence: DPI][FPC: 214/Teredo, Confidence: DPI][DPI packets: 1][cat: Network/14][1 pkts/103 bytes <-> 1 pkts/151 bytes][Goodput ratio: 59/72][0.05 sec][Plen Bins: 0,50,0,50,0,0,0,0,0,0,0,0,0,0,0,0,0,0,0,0,0,0,0,0,0,0,0,0,0,0,0,0,0,0,0,0,0,0,0,0,0,0,0,0,0,0,0,0]
	4	UDP 10.112.16.89:60381 <-> 194.136.28.76:3544 [proto: 214/Teredo][IP: 0/Unknown][ClearText][Confidence: DPI][FPC: 214/Teredo, Confidence: DPI][DPI packets: 1][cat: Network/14][1 pkts/103 bytes <-> 1 pkts/151 bytes][Goodput ratio: 59/72][0.05 sec][Plen Bins: 0,50,0,50,0,0,0,0,0,0,0,0,0,0,0,0,0,0,0,0,0,0,0,0,0,0,0,0,0,0,0,0,0,0,0,0,0,0,0,0,0,0,0,0,0,0,0,0]
	5	UDP 10.112.16.92:63448 <-> 194.136.28.76:3544 [proto: 214/Teredo][IP: 0/Unknown][ClearText][Confidence: DPI][FPC: 214/Teredo, Confidence: DPI][DPI packets: 1][cat: Network/14][1 pkts/103 bytes <-> 1 pkts/151 bytes][Goodput ratio: 59/72][0.05 sec][Plen Bins: 0,50,0,50,0,0,0,0,0,0,0,0,0,0,0,0,0,0,0,0,0,0,0,0,0,0,0,0,0,0,0,0,0,0,0,0,0,0,0,0,0,0,0,0,0,0,0,0]
