DPI Packets (TCP):	9	(9.00 pkts/flow)
Confidence DPI              : 1 (flows)
Num dissector calls: 1 (1.00 diss/flow)
LRU cache ookla:      0/0/0 (insert/search/found)
LRU cache bittorrent: 0/0/0 (insert/search/found)
LRU cache stun:       0/0/0 (insert/search/found)
LRU cache tls_cert:   0/0/0 (insert/search/found)
LRU cache mining:     0/0/0 (insert/search/found)
LRU cache msteams:    0/0/0 (insert/search/found)
LRU cache fpc_dns:    0/1/0 (insert/search/found)
Automa host:          1/1 (search/found)
Automa domain:        1/0 (search/found)
Automa tls cert:      0/0 (search/found)
Automa risk mask:     1/0 (search/found)
Automa common alpns:  1/1 (search/found)
Patricia risk mask:   2/0 (search/found)
Patricia risk mask IPv6: 0/0 (search/found)
Patricia risk:        0/0 (search/found)
Patricia risk IPv6:   0/0 (search/found)
Patricia protocols:   1/1 (search/found)
Patricia protocols IPv6: 0/0 (search/found)

Google	9	1488	1

Acceptable                       9 1488          1            

JA3 Host Stats: 
		 IP Address                  	 # JA3C     
	1	 192.168.12.156           	 1      


	1	TCP 192.168.12.156:39750 -> 142.250.184.68:443 [proto: 91.126/TLS.Google][IP: 126/Google][Encrypted][Confidence: DPI][FPC: 126/Google, Confidence: IP address][DPI packets: 9][cat: Web/5][9 pkts/1488 bytes -> 0 pkts/0 bytes][Goodput ratio: 60/0][0.07 sec][Hostname/SNI: www.google.com][(Advertised) ALPNs: http/1.1][TLS Supported Versions: TLSv1.3;TLSv1.2;TLSv1.1;TLSv1][bytes ratio: 1.000 (Upload)][IAT c2s/s2c min/avg/max/stddev: 0/0 8/0 25/0 7/0][Pkt Len c2s/s2c min/avg/max/stddev: 66/0 165/0 630/0 179/0][Risk: ** Unidirectional Traffic **][Risk Score: 10][Risk Info: No server to client traffic][TLSv1.2][JA3C: c67e9dc27d283f1f89b4ebb4b4670c21][JA4: t13d1713ht_5b57614c22b0_352634941f3a][Safari][Plen Bins: 25,0,25,0,0,0,0,25,0,0,0,0,0,0,0,0,0,25,0,0,0,0,0,0,0,0,0,0,0,0,0,0,0,0,0,0,0,0,0,0,0,0,0,0,0,0,0,0]
