Guessed flow protos:	1

DPI Packets (TCP):	8	(8.00 pkts/flow)
Confidence Match by port    : 1 (flows)
Num dissector calls: 156 (156.00 diss/flow)
LRU cache ookla:      0/0/0 (insert/search/found)
LRU cache bittorrent: 0/3/0 (insert/search/found)
LRU cache stun:       0/0/0 (insert/search/found)
LRU cache tls_cert:   0/0/0 (insert/search/found)
LRU cache mining:     0/1/0 (insert/search/found)
LRU cache msteams:    0/0/0 (insert/search/found)
LRU cache fpc_dns:    0/1/0 (insert/search/found)
Automa host:          0/0 (search/found)
Automa domain:        0/0 (search/found)
Automa tls cert:      0/0 (search/found)
Automa risk mask:     0/0 (search/found)
Automa common alpns:  0/0 (search/found)
Patricia risk mask:   0/0 (search/found)
Patricia risk mask IPv6: 0/0 (search/found)
Patricia risk:        0/0 (search/found)
Patricia risk IPv6:   0/0 (search/found)
Patricia protocols:   2/0 (search/found)
Patricia protocols IPv6: 0/0 (search/found)

TLS	8	550	1

Safe                             8 550           1            

	1	TCP 192.168.2.198:50548 <-> 192.168.2.1:443 [proto: 91/TLS][IP: 0/Unknown][Encrypted][Confidence: Match by port][FPC: 0/Unknown, Confidence: Unknown][DPI packets: 8][cat: Web/5][5 pkts/344 bytes <-> 3 pkts/206 bytes][Goodput ratio: 1/0][4.68 sec][bytes ratio: 0.251 (Upload)][IAT c2s/s2c min/avg/max/stddev: 2/3291 1171/3291 3288/3291 1347/0][Pkt Len c2s/s2c min/avg/max/stddev: 66/66 69/69 78/74 5/4][Plen Bins: 100,0,0,0,0,0,0,0,0,0,0,0,0,0,0,0,0,0,0,0,0,0,0,0,0,0,0,0,0,0,0,0,0,0,0,0,0,0,0,0,0,0,0,0,0,0,0,0]
