DPI Packets (TCP):	41	(5.12 pkts/flow)
Confidence DPI              : 8 (flows)
Num dissector calls: 120 (15.00 diss/flow)
LRU cache ookla:      0/0/0 (insert/search/found)
LRU cache bittorrent: 0/0/0 (insert/search/found)
LRU cache stun:       0/0/0 (insert/search/found)
LRU cache tls_cert:   0/0/0 (insert/search/found)
LRU cache mining:     0/0/0 (insert/search/found)
LRU cache msteams:    0/0/0 (insert/search/found)
LRU cache fpc_dns:    0/8/0 (insert/search/found)
Automa host:          0/0 (search/found)
Automa domain:        0/0 (search/found)
Automa tls cert:      0/0 (search/found)
Automa risk mask:     8/0 (search/found)
Automa common alpns:  0/0 (search/found)
Patricia risk mask:   16/0 (search/found)
Patricia risk mask IPv6: 0/0 (search/found)
Patricia risk:        0/0 (search/found)
Patricia risk IPv6:   0/0 (search/found)
Patricia protocols:   16/0 (search/found)
Patricia protocols IPv6: 0/0 (search/found)

WebDAV	92	22025	8

Acceptable                      92 22025         8            

	1	TCP 192.168.16.173:35612 <-> 198.244.151.63:80 [proto: 7.376/HTTP.WebDAV][IP: 0/Unknown][ClearText][Confidence: DPI][FPC: 0/Unknown, Confidence: Unknown][DPI packets: 5][cat: Collaborative/15][8 pkts/1196 bytes <-> 4 pkts/2599 bytes][Goodput ratio: 55/89][0.11 sec][Hostname/SNI: www.dlp-test.com][bytes ratio: -0.370 (Download)][IAT c2s/s2c min/avg/max/stddev: 0/26 13/27 28/28 13/1][Pkt Len c2s/s2c min/avg/max/stddev: 66/66 150/650 572/1614 167/640][URL: www.dlp-test.com/webdav][StatusCode: 401][Content-Type: text/html][Server: Microsoft-HTTPAPI/2.0][User-Agent: curl/7.68.0][Risk: ** Error Code **][Risk Score: 10][Risk Info: HTTP Error Code 401][PLAIN TEXT (MKCOL /webdav HTTP/1.1)][Plen Bins: 0,0,0,0,25,0,0,0,0,0,0,0,0,0,0,25,0,0,0,0,0,0,0,0,25,0,0,0,0,0,0,0,0,0,0,0,0,0,0,0,0,0,0,0,0,0,0,25]
	2	TCP 192.168.16.173:47726 <-> 198.244.151.63:80 [proto: 7.376/HTTP.WebDAV][IP: 0/Unknown][ClearText][Confidence: DPI][FPC: 0/Unknown, Confidence: Unknown][DPI packets: 5][cat: Collaborative/15][7 pkts/1136 bytes <-> 4 pkts/2468 bytes][Goodput ratio: 59/89][0.11 sec][Hostname/SNI: www.dlp-test.com][bytes ratio: -0.370 (Download)][IAT c2s/s2c min/avg/max/stddev: 0/26 16/26 28/27 13/0][Pkt Len c2s/s2c min/avg/max/stddev: 66/66 162/617 575/1483 177/592][URL: www.dlp-test.com/webdav][StatusCode: 401][Content-Type: text/html][Server: Microsoft-HTTPAPI/2.0][User-Agent: curl/7.68.0][Risk: ** Error Code **][Risk Score: 10][Risk Info: HTTP Error Code 401][PLAIN TEXT (PROPFIND /webdav HTTP/1.1)][Plen Bins: 0,0,0,0,25,0,0,0,0,0,0,0,0,0,0,25,0,0,0,0,0,0,0,0,25,0,0,0,0,0,0,0,0,0,0,0,0,0,0,0,0,0,0,0,25,0,0,0]
	3	TCP 10.24.8.189:50652 <-> 104.156.149.6:80 [proto: 7.376/HTTP.WebDAV][IP: 0/Unknown][ClearText][Confidence: DPI][FPC: 0/Unknown, Confidence: Unknown][DPI packets: 6][cat: Collaborative/15][7 pkts/727 bytes <-> 7 pkts/2015 bytes][Goodput ratio: 46/81][5.07 sec][Hostname/SNI: 104.156.149.6][bytes ratio: -0.470 (Download)][IAT c2s/s2c min/avg/max/stddev: 0/0 22/8 67/20 24/9][Pkt Len c2s/s2c min/avg/max/stddev: 54/54 104/288 223/1107 75/390][URL: 104.156.149.6/webdav][StatusCode: 301][Content-Type: text/html][Server: Apache/2.4.52 (Ubuntu)][User-Agent: Microsoft-WebDAV-MiniRedir/10.0.19045][Risk: ** HTTP/TLS/QUIC Numeric Hostname/SNI **][Risk Score: 10][Risk Info: Found host 104.156.149.6][PLAIN TEXT (PROPFIND /webdav HTTP/1.1)][Plen Bins: 0,0,0,0,0,50,0,0,0,0,0,0,0,0,0,0,0,0,25,0,0,0,0,0,0,0,0,0,0,0,0,0,25,0,0,0,0,0,0,0,0,0,0,0,0,0,0,0]
	4	TCP 192.168.16.173:57432 <-> 198.244.151.63:80 [proto: 7.376/HTTP.WebDAV][IP: 0/Unknown][ClearText][Confidence: DPI][FPC: 0/Unknown, Confidence: Unknown][DPI packets: 5][cat: Collaborative/15][7 pkts/1138 bytes <-> 4 pkts/1246 bytes][Goodput ratio: 59/78][0.11 sec][Hostname/SNI: www.dlp-test.com][bytes ratio: -0.045 (Mixed)][IAT c2s/s2c min/avg/max/stddev: 0/27 16/28 28/28 13/0][Pkt Len c2s/s2c min/avg/max/stddev: 66/66 163/312 576/845 177/318][URL: www.dlp-test.com/webdav][StatusCode: 401][Content-Type: text/html][Server: Microsoft-HTTPAPI/2.0][User-Agent: curl/7.68.0][Risk: ** Error Code **][Risk Score: 10][Risk Info: HTTP Error Code 401][PLAIN TEXT (PROPPATCH /webdav HTTP/1.1)][Plen Bins: 0,0,0,0,25,0,25,0,0,0,0,0,0,0,0,25,0,0,0,0,0,0,0,0,25,0,0,0,0,0,0,0,0,0,0,0,0,0,0,0,0,0,0,0,0,0,0,0]
	5	TCP 192.168.16.173:47436 <-> 198.244.151.63:80 [proto: 7.376/HTTP.WebDAV][IP: 0/Unknown][ClearText][Confidence: DPI][FPC: 0/Unknown, Confidence: Unknown][DPI packets: 5][cat: Collaborative/15][7 pkts/1132 bytes <-> 4 pkts/1246 bytes][Goodput ratio: 58/78][0.11 sec][Hostname/SNI: www.dlp-test.com][bytes ratio: -0.048 (Mixed)][IAT c2s/s2c min/avg/max/stddev: 0/26 16/26 27/27 13/0][Pkt Len c2s/s2c min/avg/max/stddev: 66/66 162/312 573/845 176/318][URL: www.dlp-test.com/webdav][StatusCode: 401][Content-Type: text/html][Server: Microsoft-HTTPAPI/2.0][User-Agent: curl/7.68.0][Risk: ** Error Code **][Risk Score: 10][Risk Info: HTTP Error Code 401][PLAIN TEXT (UNLOCK /webdav HTTP/1.1)][Plen Bins: 0,0,0,0,25,0,25,0,0,0,0,0,0,0,0,25,0,0,0,0,0,0,0,0,25,0,0,0,0,0,0,0,0,0,0,0,0,0,0,0,0,0,0,0,0,0,0,0]
	6	TCP 192.168.16.173:41714 <-> 198.244.151.63:80 [proto: 7.376/HTTP.WebDAV][IP: 0/Unknown][ClearText][Confidence: DPI][FPC: 0/Unknown, Confidence: Unknown][DPI packets: 5][cat: Collaborative/15][7 pkts/1128 bytes <-> 4 pkts/1246 bytes][Goodput ratio: 58/78][0.11 sec][Hostname/SNI: www.dlp-test.com][bytes ratio: -0.050 (Mixed)][IAT c2s/s2c min/avg/max/stddev: 0/25 16/26 27/27 13/1][Pkt Len c2s/s2c min/avg/max/stddev: 66/66 161/312 571/845 175/318][URL: www.dlp-test.com/webdav][StatusCode: 401][Content-Type: text/html][Server: Microsoft-HTTPAPI/2.0][User-Agent: curl/7.68.0][Risk: ** Error Code **][Risk Score: 10][Risk Info: HTTP Error Code 401][PLAIN TEXT (MOVE /webdav HTTP/1.1)][Plen Bins: 0,0,0,0,25,0,25,0,0,0,0,0,0,0,0,25,0,0,0,0,0,0,0,0,25,0,0,0,0,0,0,0,0,0,0,0,0,0,0,0,0,0,0,0,0,0,0,0]
	7	TCP 192.168.16.173:47432 <-> 198.244.151.63:80 [proto: 7.376/HTTP.WebDAV][IP: 0/Unknown][ClearText][Confidence: DPI][FPC: 0/Unknown, Confidence: Unknown][DPI packets: 5][cat: Collaborative/15][7 pkts/1128 bytes <-> 4 pkts/1246 bytes][Goodput ratio: 58/78][0.11 sec][Hostname/SNI: www.dlp-test.com][bytes ratio: -0.050 (Mixed)][IAT c2s/s2c min/avg/max/stddev: 0/25 16/26 27/27 13/1][Pkt Len c2s/s2c min/avg/max/stddev: 66/66 161/312 571/845 175/318][URL: www.dlp-test.com/webdav][StatusCode: 401][Content-Type: text/html][Server: Microsoft-HTTPAPI/2.0][User-Agent: curl/7.68.0][Risk: ** Error Code **][Risk Score: 10][Risk Info: HTTP Error Code 401][PLAIN TEXT (LOCK /webdav HTTP/1.1)][Plen Bins: 0,0,0,0,25,0,25,0,0,0,0,0,0,0,0,25,0,0,0,0,0,0,0,0,25,0,0,0,0,0,0,0,0,0,0,0,0,0,0,0,0,0,0,0,0,0,0,0]
	8	TCP 192.168.16.173:55974 <-> 198.244.151.63:80 [proto: 7.376/HTTP.WebDAV][IP: 0/Unknown][ClearText][Confidence: DPI][FPC: 0/Unknown, Confidence: Unknown][DPI packets: 5][cat: Collaborative/15][7 pkts/1128 bytes <-> 4 pkts/1246 bytes][Goodput ratio: 58/78][0.11 sec][Hostname/SNI: www.dlp-test.com][bytes ratio: -0.050 (Mixed)][IAT c2s/s2c min/avg/max/stddev: 0/26 16/27 28/28 13/1][Pkt Len c2s/s2c min/avg/max/stddev: 66/66 161/312 571/845 175/318][URL: www.dlp-test.com/webdav][StatusCode: 401][Content-Type: text/html][Server: Microsoft-HTTPAPI/2.0][User-Agent: curl/7.68.0][Risk: ** Error Code **][Risk Score: 10][Risk Info: HTTP Error Code 401][PLAIN TEXT (COPY /webdav HTTP/1.1)][Plen Bins: 0,0,0,0,25,0,25,0,0,0,0,0,0,0,0,25,0,0,0,0,0,0,0,0,25,0,0,0,0,0,0,0,0,0,0,0,0,0,0,0,0,0,0,0,0,0,0,0]
